Archive member included to satisfy reference by file (symbol)

C:/Project/stm32_workspace/project_stm32f4x/toolchains/armcc/bin/../lib/gcc/arm-none-eabi/14.2.1/thumb/v7e-m+fp/hard\libc_nano.a(libc_a-exit.o)
                              C:/Project/stm32_workspace/project_stm32f4x/toolchains/armcc/bin/../lib/gcc/arm-none-eabi/14.2.1/thumb/v7e-m+fp/hard/crt0.o (exit)
C:/Project/stm32_workspace/project_stm32f4x/toolchains/armcc/bin/../lib/gcc/arm-none-eabi/14.2.1/thumb/v7e-m+fp/hard\libc_nano.a(libc_a-findfp.o)
                              C:/Project/stm32_workspace/project_stm32f4x/toolchains/armcc/bin/../lib/gcc/arm-none-eabi/14.2.1/thumb/v7e-m+fp/hard\libc_nano.a(libc_a-exit.o) (__stdio_exit_handler)
C:/Project/stm32_workspace/project_stm32f4x/toolchains/armcc/bin/../lib/gcc/arm-none-eabi/14.2.1/thumb/v7e-m+fp/hard\libc_nano.a(libc_a-fwalk.o)
                              C:/Project/stm32_workspace/project_stm32f4x/toolchains/armcc/bin/../lib/gcc/arm-none-eabi/14.2.1/thumb/v7e-m+fp/hard\libc_nano.a(libc_a-findfp.o) (_fwalk_sglue)
C:/Project/stm32_workspace/project_stm32f4x/toolchains/armcc/bin/../lib/gcc/arm-none-eabi/14.2.1/thumb/v7e-m+fp/hard\libc_nano.a(libc_a-stdio.o)
                              C:/Project/stm32_workspace/project_stm32f4x/toolchains/armcc/bin/../lib/gcc/arm-none-eabi/14.2.1/thumb/v7e-m+fp/hard\libc_nano.a(libc_a-findfp.o) (__sread)
C:/Project/stm32_workspace/project_stm32f4x/toolchains/armcc/bin/../lib/gcc/arm-none-eabi/14.2.1/thumb/v7e-m+fp/hard\libc_nano.a(libc_a-memset.o)
                              C:/Project/stm32_workspace/project_stm32f4x/toolchains/armcc/bin/../lib/gcc/arm-none-eabi/14.2.1/thumb/v7e-m+fp/hard/crt0.o (memset)
C:/Project/stm32_workspace/project_stm32f4x/toolchains/armcc/bin/../lib/gcc/arm-none-eabi/14.2.1/thumb/v7e-m+fp/hard\libc_nano.a(libc_a-closer.o)
                              C:/Project/stm32_workspace/project_stm32f4x/toolchains/armcc/bin/../lib/gcc/arm-none-eabi/14.2.1/thumb/v7e-m+fp/hard\libc_nano.a(libc_a-stdio.o) (_close_r)
C:/Project/stm32_workspace/project_stm32f4x/toolchains/armcc/bin/../lib/gcc/arm-none-eabi/14.2.1/thumb/v7e-m+fp/hard\libc_nano.a(libc_a-reent.o)
                              C:/Project/stm32_workspace/project_stm32f4x/toolchains/armcc/bin/../lib/gcc/arm-none-eabi/14.2.1/thumb/v7e-m+fp/hard\libc_nano.a(libc_a-closer.o) (errno)
C:/Project/stm32_workspace/project_stm32f4x/toolchains/armcc/bin/../lib/gcc/arm-none-eabi/14.2.1/thumb/v7e-m+fp/hard\libc_nano.a(libc_a-impure.o)
                              C:/Project/stm32_workspace/project_stm32f4x/toolchains/armcc/bin/../lib/gcc/arm-none-eabi/14.2.1/thumb/v7e-m+fp/hard\libc_nano.a(libc_a-reent.o) (_impure_ptr)
C:/Project/stm32_workspace/project_stm32f4x/toolchains/armcc/bin/../lib/gcc/arm-none-eabi/14.2.1/thumb/v7e-m+fp/hard\libc_nano.a(libc_a-lseekr.o)
                              C:/Project/stm32_workspace/project_stm32f4x/toolchains/armcc/bin/../lib/gcc/arm-none-eabi/14.2.1/thumb/v7e-m+fp/hard\libc_nano.a(libc_a-stdio.o) (_lseek_r)
C:/Project/stm32_workspace/project_stm32f4x/toolchains/armcc/bin/../lib/gcc/arm-none-eabi/14.2.1/thumb/v7e-m+fp/hard\libc_nano.a(libc_a-readr.o)
                              C:/Project/stm32_workspace/project_stm32f4x/toolchains/armcc/bin/../lib/gcc/arm-none-eabi/14.2.1/thumb/v7e-m+fp/hard\libc_nano.a(libc_a-stdio.o) (_read_r)
C:/Project/stm32_workspace/project_stm32f4x/toolchains/armcc/bin/../lib/gcc/arm-none-eabi/14.2.1/thumb/v7e-m+fp/hard\libc_nano.a(libc_a-writer.o)
                              C:/Project/stm32_workspace/project_stm32f4x/toolchains/armcc/bin/../lib/gcc/arm-none-eabi/14.2.1/thumb/v7e-m+fp/hard\libc_nano.a(libc_a-stdio.o) (_write_r)
C:/Project/stm32_workspace/project_stm32f4x/toolchains/armcc/bin/../lib/gcc/arm-none-eabi/14.2.1/thumb/v7e-m+fp/hard\libc_nano.a(libc_a-init.o)
                              C:/Project/stm32_workspace/project_stm32f4x/toolchains/armcc/bin/../lib/gcc/arm-none-eabi/14.2.1/thumb/v7e-m+fp/hard/crt0.o (__libc_init_array)
C:/Project/stm32_workspace/project_stm32f4x/toolchains/armcc/bin/../lib/gcc/arm-none-eabi/14.2.1/thumb/v7e-m+fp/hard\libc_nano.a(libc_a-lock.o)
                              C:/Project/stm32_workspace/project_stm32f4x/toolchains/armcc/bin/../lib/gcc/arm-none-eabi/14.2.1/thumb/v7e-m+fp/hard\libc_nano.a(libc_a-findfp.o) (__retarget_lock_init_recursive)
C:/Project/stm32_workspace/project_stm32f4x/toolchains/armcc/bin/../lib/gcc/arm-none-eabi/14.2.1/thumb/v7e-m+fp/hard\libc_nano.a(libc_a-freer.o)
                              C:/Project/stm32_workspace/project_stm32f4x/toolchains/armcc/bin/../lib/gcc/arm-none-eabi/14.2.1/thumb/v7e-m+fp/hard\libc_nano.a(libc_a-reent.o) (_free_r)
C:/Project/stm32_workspace/project_stm32f4x/toolchains/armcc/bin/../lib/gcc/arm-none-eabi/14.2.1/thumb/v7e-m+fp/hard\libc_nano.a(libc_a-mallocr.o)
[...]
Memory Configuration

Name             Origin             Length             Attributes
RAM              0x20000000         0x00020000         xrw
FLASH            0x08000000         0x00080000         xr
*default*        0x00000000         0xffffffff

Linker script and memory map

LOAD C:/Project/stm32_workspace/project_stm32f4x/toolchains/armcc/bin/../lib/gcc/arm-none-eabi/14.2.1/thumb/v7e-m+fp/hard/crti.o
LOAD C:/Project/stm32_workspace/project_stm32f4x/toolchains/armcc/bin/../lib/gcc/arm-none-eabi/14.2.1/thumb/v7e-m+fp/hard/crtbegin.o
LOAD C:/Project/stm32_workspace/project_stm32f4x/toolchains/armcc/bin/../lib/gcc/arm-none-eabi/14.2.1/thumb/v7e-m+fp/hard/crt0.o
LOAD C:/Project/stm32_workspace/project_stm32f4x/toolchains/armcc/bin/../lib/gcc/arm-none-eabi/14.2.1/thumb/v7e-m+fp/hard\libc_nano.a
LOAD C:/Project/stm32_workspace/project_stm32f4x/toolchains/armcc/bin/../lib/gcc/arm-none-eabi/14.2.1/thumb/v7e-m+fp/hard\libm.a
LOAD CMakeFiles/led_blink_F411CEU6.dir/drivers/boards/F411CEU6/Core/Src/main.c.obj
LOAD board_bsp/CMakeFiles/board_runtime.dir/./Core/Src/syscalls.c.obj
LOAD board_bsp/CMakeFiles/board_runtime.dir/./Core/Src/sysmem.c.obj
LOAD board_bsp/CMakeFiles/board_vectors.dir/./Core/Startup/startup_stm32f411ceux.s.obj
LOAD board_bsp/CMakeFiles/board_vectors.dir/./Core/Src/stm32f4xx_it.c.obj
LOAD libapp_led_blink.a
LOAD fatfs/libservices_fatfs.a
LOAD board_bsp/libcore.a
LOAD board_bsp/libhal.a
LOAD board_bsp/libcmsis.a
START GROUP
LOAD C:/Project/stm32_workspace/project_stm32f4x/toolchains/armcc/bin/../lib/gcc/arm-none-eabi/14.2.1/thumb/v7e-m+fp/hard\libgcc.a
LOAD C:/Project/stm32_workspace/project_stm32f4x/toolchains/armcc/bin/../lib/gcc/arm-none-eabi/14.2.1/thumb/v7e-m+fp/hard\libg_nano.a
LOAD C:/Project/stm32_workspace/project_stm32f4x/toolchains/armcc/bin/../lib/gcc/arm-none-eabi/14.2.1/thumb/v7e-m+fp/hard\libc_nano.a
END GROUP
START GROUP
LOAD C:/Project/stm32_workspace/project_stm32f4x/toolchains/armcc/bin/../lib/gcc/arm-none-eabi/14.2.1/thumb/v7e-m+fp/hard\libgcc.a
LOAD C:/Project/stm32_workspace/project_stm32f4x/toolchains/armcc/bin/../lib/gcc/arm-none-eabi/14.2.1/thumb/v7e-m+fp/hard\libc_nano.a
END GROUP
LOAD C:/Project/stm32_workspace/project_stm32f4x/toolchains/armcc/bin/../lib/gcc/arm-none-eabi/14.2.1/thumb/v7e-m+fp/hard/crtend.o
LOAD C:/Project/stm32_workspace/project_stm32f4x/toolchains/armcc/bin/../lib/gcc/arm-none-eabi/14.2.1/thumb/v7e-m+fp/hard/crtn.o
                0x20020000                        _estack = (ORIGIN (RAM) + LENGTH (RAM))
                0x00000200                        _Min_Heap_Size = 0x200
                0x00000400                        _Min_Stack_Size = 0x400

.isr_vector     0x08000000      0x198
                0x08000000                        . = ALIGN (0x4)
 *(.isr_vector)
 .isr_vector    0x08000000      0x198 board_bsp/CMakeFiles/board_vectors.dir/./Core/Startup/startup_stm32f411ceux.s.obj
                0x08000000                g_pfnVectors
                0x08000198                        . = ALIGN (0x4)

.text           0x08000198     0x11b8
                0x08000198                        . = ALIGN (0x4)
 *(.text)
 .text          0x08000198       0x30 C:/Project/stm32_workspace/project_stm32f4x/toolchains/armcc/bin/../lib/gcc/arm-none-eabi/14.2.1/thumb/v7e-m+fp/hard\libgcc.a(_aeabi_uldivmod.o)
                0x08000198                __aeabi_uldivmod
 .text          0x080001c8        0x4 C:/Project/stm32_workspace/project_stm32f4x/toolchains/armcc/bin/../lib/gcc/arm-none-eabi/14.2.1/thumb/v7e-m+fp/hard\libgcc.a(_dvmd_tls.o)
                0x080001c8                __aeabi_idiv0
                0x080001c8                __aeabi_ldiv0
 *(.text*)
 .text.deregister_tm_clones
                0x080001cc       0x1c C:/Project/stm32_workspace/project_stm32f4x/toolchains/armcc/bin/../lib/gcc/arm-none-eabi/14.2.1/thumb/v7e-m+fp/hard/crtbegin.o
 .text.register_tm_clones
                0x080001e8       0x24 C:/Project/stm32_workspace/project_stm32f4x/toolchains/armcc/bin/../lib/gcc/arm-none-eabi/14.2.1/thumb/v7e-m+fp/hard/crtbegin.o
 .text.__do_global_dtors_aux
                0x0800020c       0x28 C:/Project/stm32_workspace/project_stm32f4x/toolchains/armcc/bin/../lib/gcc/arm-none-eabi/14.2.1/thumb/v7e-m+fp/hard/crtbegin.o
 .text.frame_dummy
                0x08000234       0x24 C:/Project/stm32_workspace/project_stm32f4x/toolchains/armcc/bin/../lib/gcc/arm-none-eabi/14.2.1/thumb/v7e-m+fp/hard/crtbegin.o
 .text.memset   0x08000258       0x10 C:/Project/stm32_workspace/project_stm32f4x/toolchains/armcc/bin/../lib/gcc/arm-none-eabi/14.2.1/thumb/v7e-m+fp/hard\libc_nano.a(libc_a-memset.o)
                0x08000258                memset
 .text.__libc_init_array
                0x08000268       0x48 C:/Project/stm32_workspace/project_stm32f4x/toolchains/armcc/bin/../lib/gcc/arm-none-eabi/14.2.1/thumb/v7e-m+fp/hard\libc_nano.a(libc_a-init.o)
                0x08000268                __libc_init_array
 .text.Error_Handler
                0x080002b0        0x4 CMakeFiles/led_blink_F411CEU6.dir/drivers/boards/F411CEU6/Core/Src/main.c.obj
                0x080002b0                Error_Handler
 .text.SystemClock_Config
                0x080002b4       0xa4 CMakeFiles/led_blink_F411CEU6.dir/drivers/boards/F411CEU6/Core/Src/main.c.obj
                0x080002b4                SystemClock_Config
 .text.main     0x08000358       0x1c CMakeFiles/led_blink_F411CEU6.dir/drivers/boards/F411CEU6/Core/Src/main.c.obj
                0x08000358                main
 .text.Reset_Handler
                0x08000374       0x50 board_bsp/CMakeFiles/board_vectors.dir/./Core/Startup/startup_stm32f411ceux.s.obj
                0x08000374                Reset_Handler
 .text.Default_Handler
                0x080003c4        0x2 board_bsp/CMakeFiles/board_vectors.dir/./Core/Startup/startup_stm32f411ceux.s.obj
                0x080003c4                RTC_Alarm_IRQHandler
                0x080003c4                EXTI2_IRQHandler
                0x080003c4                SPI4_IRQHandler
                0x080003c4                TIM1_CC_IRQHandler
                0x080003c4                DMA2_Stream5_IRQHandler
                0x080003c4                DMA1_Stream5_IRQHandler
                0x080003c4                PVD_IRQHandler
                0x080003c4                SDIO_IRQHandler
                0x080003c4                TAMP_STAMP_IRQHandler
                0x080003c4                EXTI3_IRQHandler
                0x080003c4                TIM1_UP_TIM10_IRQHandler
                0x080003c4                I2C3_ER_IRQHandler
                0x080003c4                I2C2_EV_IRQHandler
                0x080003c4                DMA1_Stream2_IRQHandler
                0x080003c4                FPU_IRQHandler
                0x080003c4                DMA2_Stream2_IRQHandler
                0x080003c4                SPI1_IRQHandler
                0x080003c4                TIM1_BRK_TIM9_IRQHandler
                0x080003c4                DMA2_Stream3_IRQHandler
                0x080003c4                USART6_IRQHandler
                0x080003c4                DMA2_Stream0_IRQHandler
                0x080003c4                TIM4_IRQHandler
                0x080003c4                I2C1_EV_IRQHandler
                0x080003c4                DMA1_Stream6_IRQHandler
                0x080003c4                DMA1_Stream1_IRQHandler
                0x080003c4                TIM3_IRQHandler
                0x080003c4                RCC_IRQHandler
                0x080003c4                Default_Handler
                0x080003c4                EXTI15_10_IRQHandler
                0x080003c4                ADC_IRQHandler
                0x080003c4                DMA1_Stream7_IRQHandler
                0x080003c4                SPI5_IRQHandler
                0x080003c4                TIM5_IRQHandler
                0x080003c4                DMA2_Stream7_IRQHandler
                0x080003c4                I2C3_EV_IRQHandler
                0x080003c4                EXTI9_5_IRQHandler
                0x080003c4                RTC_WKUP_IRQHandler
                0x080003c4                SPI2_IRQHandler
                0x080003c4                DMA1_Stream0_IRQHandler
                0x080003c4                EXTI4_IRQHandler
                0x080003c4                WWDG_IRQHandler
                0x080003c4                TIM2_IRQHandler
                0x080003c4                OTG_FS_WKUP_IRQHandler
                0x080003c4                TIM1_TRG_COM_TIM11_IRQHandler
                0x080003c4                EXTI1_IRQHandler
                0x080003c4                USART2_IRQHandler
                0x080003c4                I2C2_ER_IRQHandler
                0x080003c4                DMA2_Stream1_IRQHandler
                0x080003c4                FLASH_IRQHandler
                0x080003c4                DMA2_Stream4_IRQHandler
                0x080003c4                USART1_IRQHandler
                0x080003c4                OTG_FS_IRQHandler
                0x080003c4                SPI3_IRQHandler
                0x080003c4                DMA1_Stream4_IRQHandler
                0x080003c4                I2C1_ER_IRQHandler
                0x080003c4                DMA2_Stream6_IRQHandler
                0x080003c4                DMA1_Stream3_IRQHandler
 .text.NMI_Handler
                0x080003c6        0x2 board_bsp/CMakeFiles/board_vectors.dir/./Core/Src/stm32f4xx_it.c.obj
                0x080003c6                NMI_Handler
 .text.HardFault_Handler
                0x080003c8        0x2 board_bsp/CMakeFiles/board_vectors.dir/./Core/Src/stm32f4xx_it.c.obj
                0x080003c8                HardFault_Handler
 .text.MemManage_Handler
                0x080003ca        0x2 board_bsp/CMakeFiles/board_vectors.dir/./Core/Src/stm32f4xx_it.c.obj
                0x080003ca                MemManage_Handler
 .text.BusFault_Handler
                0x080003cc        0x2 board_bsp/CMakeFiles/board_vectors.dir/./Core/Src/stm32f4xx_it.c.obj
                0x080003cc                BusFault_Handler
 .text.UsageFault_Handler
                0x080003ce        0x2 board_bsp/CMakeFiles/board_vectors.dir/./Core/Src/stm32f4xx_it.c.obj
                0x080003ce                UsageFault_Handler
 .text.SVC_Handler
                0x080003d0        0x2 board_bsp/CMakeFiles/board_vectors.dir/./Core/Src/stm32f4xx_it.c.obj
                0x080003d0                SVC_Handler
 .text.DebugMon_Handler
                0x080003d2        0x2 board_bsp/CMakeFiles/board_vectors.dir/./Core/Src/stm32f4xx_it.c.obj
                0x080003d2                DebugMon_Handler
 .text.PendSV_Handler
                0x080003d4        0x2 board_bsp/CMakeFiles/board_vectors.dir/./Core/Src/stm32f4xx_it.c.obj
                0x080003d4                PendSV_Handler
 .text.SysTick_Handler
                0x080003d6        0x8 board_bsp/CMakeFiles/board_vectors.dir/./Core/Src/stm32f4xx_it.c.obj
                0x080003d6                SysTick_Handler
 .text.EXTI0_IRQHandler
                0x080003de        0xa board_bsp/CMakeFiles/board_vectors.dir/./Core/Src/stm32f4xx_it.c.obj
                0x080003de                EXTI0_IRQHandler
 .text.app_init
                0x080003e8       0x10 libapp_led_blink.a(app.c.obj)
                0x080003e8                app_init
 .text.app_process
                0x080003f8       0x2c libapp_led_blink.a(app.c.obj)
                0x080003f8                app_process
 .text.MX_GPIO_Init
                0x08000424       0xbc board_bsp/libcore.a(gpio.c.obj)
                0x08000424                MX_GPIO_Init
 .text.MX_SPI1_Init
                0x080004e0       0x44 board_bsp/libcore.a(spi.c.obj)
                0x080004e0                MX_SPI1_Init
 .text.HAL_SPI_MspInit
                0x08000524       0x70 board_bsp/libcore.a(spi.c.obj)
                0x08000524                HAL_SPI_MspInit
 .text.HAL_MspInit
                0x08000594        0x2 board_bsp/libhal.a(stm32f4xx_hal.c.obj)
                0x08000594                HAL_MspInit
 *fill*         0x08000596        0x2 
 .text.HAL_InitTick
                0x08000598       0x4c board_bsp/libhal.a(stm32f4xx_hal.c.obj)
                0x08000598                HAL_InitTick
 .text.HAL_Init
                0x080005e4       0x34 board_bsp/libhal.a(stm32f4xx_hal.c.obj)
                0x080005e4                HAL_Init
 .text.HAL_IncTick
                0x08000618       0x18 board_bsp/libhal.a(stm32f4xx_hal.c.obj)
                0x08000618                HAL_IncTick
 .text.HAL_GetTick
                0x08000630        0xc board_bsp/libhal.a(stm32f4xx_hal.c.obj)
                0x08000630                HAL_GetTick
 .text.__NVIC_EnableIRQ
                0x0800063c       0x1c board_bsp/libhal.a(stm32f4xx_hal_cortex.c.obj)
 .text.__NVIC_SetPriority
                0x08000658       0x28 board_bsp/libhal.a(stm32f4xx_hal_cortex.c.obj)
 .text.NVIC_EncodePriority
                0x08000680       0x3e board_bsp/libhal.a(stm32f4xx_hal_cortex.c.obj)
 *fill*         0x080006be        0x2 
 .text.HAL_NVIC_SetPriorityGrouping
                0x080006c0       0x24 board_bsp/libhal.a(stm32f4xx_hal_cortex.c.obj)
                0x080006c0                HAL_NVIC_SetPriorityGrouping
 .text.HAL_NVIC_SetPriority
                0x080006e4       0x20 board_bsp/libhal.a(stm32f4xx_hal_cortex.c.obj)
                0x080006e4                HAL_NVIC_SetPriority
 .text.HAL_NVIC_EnableIRQ
                0x08000704        0x8 board_bsp/libhal.a(stm32f4xx_hal_cortex.c.obj)
                0x08000704                HAL_NVIC_EnableIRQ
 .text.HAL_SYSTICK_Config
                0x0800070c       0x28 board_bsp/libhal.a(stm32f4xx_hal_cortex.c.obj)
                0x0800070c                HAL_SYSTICK_Config
 .text.HAL_GPIO_Init
                0x08000734      0x1c8 board_bsp/libhal.a(stm32f4xx_hal_gpio.c.obj)
                0x08000734                HAL_GPIO_Init
 .text.HAL_GPIO_WritePin
                0x080008fc        0xc board_bsp/libhal.a(stm32f4xx_hal_gpio.c.obj)
                0x080008fc                HAL_GPIO_WritePin
 .text.HAL_GPIO_TogglePin
                0x08000908       0x12 board_bsp/libhal.a(stm32f4xx_hal_gpio.c.obj)
                0x08000908                HAL_GPIO_TogglePin
 .text.HAL_GPIO_EXTI_Callback
                0x0800091a        0x2 board_bsp/libhal.a(stm32f4xx_hal_gpio.c.obj)
                0x0800091a                HAL_GPIO_EXTI_Callback
 .text.HAL_GPIO_EXTI_IRQHandler
                0x0800091c       0x1c board_bsp/libhal.a(stm32f4xx_hal_gpio.c.obj)
                0x0800091c                HAL_GPIO_EXTI_IRQHandler
 .text.HAL_RCC_OscConfig
                0x08000938      0x3f8 board_bsp/libhal.a(stm32f4xx_hal_rcc.c.obj)
                0x08000938                HAL_RCC_OscConfig
 .text.HAL_RCC_GetSysClockFreq
                0x08000d30       0xdc board_bsp/libhal.a(stm32f4xx_hal_rcc.c.obj)
                0x08000d30                HAL_RCC_GetSysClockFreq
 .text.HAL_RCC_ClockConfig
                0x08000e0c      0x160 board_bsp/libhal.a(stm32f4xx_hal_rcc.c.obj)
                0x08000e0c                HAL_RCC_ClockConfig
 .text.HAL_SPI_Init
                0x08000f6c       0xbe board_bsp/libhal.a(stm32f4xx_hal_spi.c.obj)
                0x08000f6c                HAL_SPI_Init
 *fill*         0x0800102a        0x2 
 .text.SystemInit
                0x0800102c       0x14 board_bsp/libcmsis.a(system_stm32f4xx.c.obj)
                0x0800102c                SystemInit
 .text.__udivmoddi4
                0x08001040      0x2f8 C:/Project/stm32_workspace/project_stm32f4x/toolchains/armcc/bin/../lib/gcc/arm-none-eabi/14.2.1/thumb/v7e-m+fp/hard\libgcc.a(_udivmoddi4.o)
                0x08001040                __udivmoddi4
 *(.glue_7)
 .glue_7        0x08001338        0x0 linker stubs
 *(.glue_7t)
 .glue_7t       0x08001338        0x0 linker stubs
 *(.eh_frame)
 .eh_frame      0x08001338        0x0 C:/Project/stm32_workspace/project_stm32f4x/toolchains/armcc/bin/../lib/gcc/arm-none-eabi/14.2.1/thumb/v7e-m+fp/hard/crtbegin.o
 *(.init)
 .init          0x08001338        0x4 C:/Project/stm32_workspace/project_stm32f4x/toolchains/armcc/bin/../lib/gcc/arm-none-eabi/14.2.1/thumb/v7e-m+fp/hard/crti.o
                0x08001338                _init
 .init          0x0800133c        0x8 C:/Project/stm32_workspace/project_stm32f4x/toolchains/armcc/bin/../lib/gcc/arm-none-eabi/14.2.1/thumb/v7e-m+fp/hard/crtn.o
 *(.fini)
 .fini          0x08001344        0x4 C:/Project/stm32_workspace/project_stm32f4x/toolchains/armcc/bin/../lib/gcc/arm-none-eabi/14.2.1/thumb/v7e-m+fp/hard/crti.o
                0x08001344                _fini
 .fini          0x08001348        0x8 C:/Project/stm32_workspace/project_stm32f4x/toolchains/armcc/bin/../lib/gcc/arm-none-eabi/14.2.1/thumb/v7e-m+fp/hard/crtn.o
                0x08001350                        . = ALIGN (0x4)
                0x08001350                        _etext = .

.vfp11_veneer   0x08001350        0x0
 .vfp11_veneer  0x08001350        0x0 linker stubs

.v4_bx          0x08001350        0x0
 .v4_bx         0x08001350        0x0 linker stubs

.iplt           0x08001350        0x0
 .iplt          0x08001350        0x0 C:/Project/stm32_workspace/project_stm32f4x/toolchains/armcc/bin/../lib/gcc/arm-none-eabi/14.2.1/thumb/v7e-m+fp/hard/crtbegin.o

.rodata         0x08001350       0x10
                0x08001350                        . = ALIGN (0x4)
 *(.rodata)
 *(.rodata*)
 .rodata.AHBPrescTable
                0x08001350       0x10 board_bsp/libcmsis.a(system_stm32f4xx.c.obj)
                0x08001350                AHBPrescTable
                0x08001360                        . = ALIGN (0x4)

.ARM.extab      0x08001360        0x0
                0x08001360                        . = ALIGN (0x4)
 *(.ARM.extab* .gnu.linkonce.armextab.*)
                0x08001360                        . = ALIGN (0x4)

.ARM            0x08001360        0x8
                0x08001360                        . = ALIGN (0x4)
                0x08001360                        __exidx_start = .
 *(.ARM.exidx*)
 .ARM.exidx.text.__udivmoddi4
                0x08001360        0x8 C:/Project/stm32_workspace/project_stm32f4x/toolchains/armcc/bin/../lib/gcc/arm-none-eabi/14.2.1/thumb/v7e-m+fp/hard\libgcc.a(_udivmoddi4.o)
                0x08001368                        __exidx_end = .
                0x08001368                        . = ALIGN (0x4)

.preinit_array  0x08001368        0x0
                0x08001368                        . = ALIGN (0x4)
                0x08001368                        PROVIDE (__preinit_array_start = .)
 *(.preinit_array*)
                0x08001368                        PROVIDE (__preinit_array_end = .)
                0x08001368                        . = ALIGN (0x4)

.init_array     0x08001368        0x4
                0x08001368                        . = ALIGN (0x4)
                0x08001368                        PROVIDE (__init_array_start = .)
 *(SORT_BY_NAME(.init_array.*))
 *(.init_array*)
 .init_array    0x08001368        0x4 C:/Project/stm32_workspace/project_stm32f4x/toolchains/armcc/bin/../lib/gcc/arm-none-eabi/14.2.1/thumb/v7e-m+fp/hard/crtbegin.o
                0x0800136c                        PROVIDE (__init_array_end = .)
                0x0800136c                        . = ALIGN (0x4)

.fini_array     0x0800136c        0x4
                0x0800136c                        . = ALIGN (0x4)
                [!provide]                        PROVIDE (__fini_array_start = .)
 *(SORT_BY_NAME(.fini_array.*))
 *(.fini_array*)
 .fini_array    0x0800136c        0x4 C:/Project/stm32_workspace/project_stm32f4x/toolchains/armcc/bin/../lib/gcc/arm-none-eabi/14.2.1/thumb/v7e-m+fp/hard/crtbegin.o
                [!provide]                        PROVIDE (__fini_array_end = .)
                0x08001370                        . = ALIGN (0x4)
                0x08001370                        _sidata = LOADADDR (.data)

.rel.dyn        0x08001370        0x0
 .rel.iplt      0x08001370        0x0 C:/Project/stm32_workspace/project_stm32f4x/toolchains/armcc/bin/../lib/gcc/arm-none-eabi/14.2.1/thumb/v7e-m+fp/hard/crtbegin.o

.data           0x20000000        0xc load address 0x08001370
                0x20000000                        . = ALIGN (0x4)
                0x20000000                        _sdata = .
 *(.data)
 *(.data*)
 .data.uwTickFreq
                0x20000000        0x1 board_bsp/libhal.a(stm32f4xx_hal.c.obj)
                0x20000000                uwTickFreq
 *fill*         0x20000001        0x3 
 .data.uwTickPrio
                0x20000004        0x4 board_bsp/libhal.a(stm32f4xx_hal.c.obj)
                0x20000004                uwTickPrio
 .data.SystemCoreClock
                0x20000008        0x4 board_bsp/libcmsis.a(system_stm32f4xx.c.obj)
                0x20000008                SystemCoreClock
 *(.RamFunc)
 *(.RamFunc*)
                0x2000000c                        . = ALIGN (0x4)
                0x2000000c                        _edata = .

.tm_clone_table
                0x2000000c        0x0 load address 0x0800137c
 .tm_clone_table
                0x2000000c        0x0 C:/Project/stm32_workspace/project_stm32f4x/toolchains/armcc/bin/../lib/gcc/arm-none-eabi/14.2.1/thumb/v7e-m+fp/hard/crtbegin.o
 .tm_clone_table
                0x2000000c        0x0 C:/Project/stm32_workspace/project_stm32f4x/toolchains/armcc/bin/../lib/gcc/arm-none-eabi/14.2.1/thumb/v7e-m+fp/hard/crtend.o

.igot.plt       0x2000000c        0x0 load address 0x0800137c
 .igot.plt      0x2000000c        0x0 C:/Project/stm32_workspace/project_stm32f4x/toolchains/armcc/bin/../lib/gcc/arm-none-eabi/14.2.1/thumb/v7e-m+fp/hard/crtbegin.o
                0x2000000c                        . = ALIGN (0x4)

.bss            0x2000000c       0x7c load address 0x0800137c
                0x2000000c                        _sbss = .
                0x2000000c                        __bss_start__ = _sbss
 *(.bss)
 *(.bss*)
 .bss.completed.1
                0x2000000c        0x1 C:/Project/stm32_workspace/project_stm32f4x/toolchains/armcc/bin/../lib/gcc/arm-none-eabi/14.2.1/thumb/v7e-m+fp/hard/crtbegin.o
 *fill*         0x2000000d        0x3 
 .bss.object.0  0x20000010       0x18 C:/Project/stm32_workspace/project_stm32f4x/toolchains/armcc/bin/../lib/gcc/arm-none-eabi/14.2.1/thumb/v7e-m+fp/hard/crtbegin.o
 .bss.s_last_tick
                0x20000028        0x4 libapp_led_blink.a(app.c.obj)
 .bss.hspi1     0x2000002c       0x58 board_bsp/libcore.a(spi.c.obj)
                0x2000002c                hspi1
 .bss.uwTick    0x20000084        0x4 board_bsp/libhal.a(stm32f4xx_hal.c.obj)
                0x20000084                uwTick
 *(COMMON)
                0x20000088                        . = ALIGN (0x4)
                0x20000088                        _ebss = .
                0x20000088                        __bss_end__ = _ebss

._user_heap_stack
                0x20000088      0x600 load address 0x0800137c
                0x20000088                        . = ALIGN (0x8)
                [!provide]                        PROVIDE (end = .)
                0x20000088                        PROVIDE (_end = .)
                0x20000288                        . = (. + _Min_Heap_Size)
 *fill*         0x20000088      0x200 
                0x20000688                        . = (. + _Min_Stack_Size)
 *fill*         0x20000288      0x400 
                0x20000688                        . = ALIGN (0x8)

/DISCARD/
 libc.a(*)
 libm.a(*)
 libgcc.a(*)

.ARM.attributes
                0x00000000       0x30
 *(.ARM.attributes)
 .ARM.attributes
                0x00000000       0x22 C:/Project/stm32_workspace/project_stm32f4x/toolchains/armcc/bin/../lib/gcc/arm-none-eabi/14.2.1/thumb/v7e-m+fp/hard/crti.o
 .ARM.attributes
                0x00000022       0x34 C:/Project/stm32_workspace/project_stm32f4x/toolchains/armcc/bin/../lib/gcc/arm-none-eabi/14.2.1/thumb/v7e-m+fp/hard/crtbegin.o
 .ARM.attributes
                0x00000056       0x34 C:/Project/stm32_workspace/project_stm32f4x/toolchains/armcc/bin/../lib/gcc/arm-none-eabi/14.2.1/thumb/v7e-m+fp/hard\libc_nano.a(libc_a-memset.o)
 .ARM.attributes
                0x0000008a       0x34 C:/Project/stm32_workspace/project_stm32f4x/toolchains/armcc/bin/../lib/gcc/arm-none-eabi/14.2.1/thumb/v7e-m+fp/hard\libc_nano.a(libc_a-init.o)
 .ARM.attributes
                0x000000be       0x34 CMakeFiles/led_blink_F411CEU6.dir/drivers/boards/F411CEU6/Core/Src/main.c.obj
 .ARM.attributes
                0x000000f2       0x21 board_bsp/CMakeFiles/board_vectors.dir/./Core/Startup/startup_stm32f411ceux.s.obj
 .ARM.attributes
                0x00000113       0x34 board_bsp/CMakeFiles/board_vectors.dir/./Core/Src/stm32f4xx_it.c.obj
 .ARM.attributes
                0x00000147       0x34 libapp_led_blink.a(app.c.obj)
 .ARM.attributes
                0x0000017b       0x34 board_bsp/libcore.a(gpio.c.obj)
 .ARM.attributes
                0x000001af       0x34 board_bsp/libcore.a(spi.c.obj)
 .ARM.attributes
                0x000001e3       0x34 board_bsp/libhal.a(stm32f4xx_hal.c.obj)
 .ARM.attributes
                0x00000217       0x34 board_bsp/libhal.a(stm32f4xx_hal_cortex.c.obj)
 .ARM.attributes
                0x0000024b       0x34 board_bsp/libhal.a(stm32f4xx_hal_gpio.c.obj)
 .ARM.attributes
                0x0000027f       0x34 board_bsp/libhal.a(stm32f4xx_hal_rcc.c.obj)
 .ARM.attributes
                0x000002b3       0x34 board_bsp/libhal.a(stm32f4xx_hal_spi.c.obj)
 .ARM.attributes
                0x000002e7       0x34 board_bsp/libcmsis.a(system_stm32f4xx.c.obj)
 .ARM.attributes
                0x0000031b       0x22 C:/Project/stm32_workspace/project_stm32f4x/toolchains/armcc/bin/../lib/gcc/arm-none-eabi/14.2.1/thumb/v7e-m+fp/hard\libgcc.a(_aeabi_uldivmod.o)
 .ARM.attributes
                0x0000033d       0x34 C:/Project/stm32_workspace/project_stm32f4x/toolchains/armcc/bin/../lib/gcc/arm-none-eabi/14.2.1/thumb/v7e-m+fp/hard\libgcc.a(_udivmoddi4.o)
 .ARM.attributes
                0x00000371       0x22 C:/Project/stm32_workspace/project_stm32f4x/toolchains/armcc/bin/../lib/gcc/arm-none-eabi/14.2.1/thumb/v7e-m+fp/hard\libgcc.a(_dvmd_tls.o)
 .ARM.attributes
                0x00000393       0x34 C:/Project/stm32_workspace/project_stm32f4x/toolchains/armcc/bin/../lib/gcc/arm-none-eabi/14.2.1/thumb/v7e-m+fp/hard/crtend.o
 .ARM.attributes
                0x000003c7       0x22 C:/Project/stm32_workspace/project_stm32f4x/toolchains/armcc/bin/../lib/gcc/arm-none-eabi/14.2.1/thumb/v7e-m+fp/hard/crtn.o
OUTPUT(led_blink_F411CEU6.elf elf32-littlearm)
LOAD linker stubs
LOAD C:/Project/stm32_workspace/project_stm32f4x/toolchains/armcc/bin/../lib/gcc/arm-none-eabi/14.2.1/thumb/v7e-m+fp/hard\libc.a
LOAD C:/Project/stm32_workspace/project_stm32f4x/toolchains/armcc/bin/../lib/gcc/arm-none-eabi/14.2.1/thumb/v7e-m+fp/hard\libm.a
LOAD C:/Project/stm32_workspace/project_stm32f4x/toolchains/armcc/bin/../lib/gcc/arm-none-eabi/14.2.1/thumb/v7e-m+fp/hard\libgcc.a

.debug_frame    0x00000000      0xec4
 .debug_frame   0x00000000       0x20 C:/Project/stm32_workspace/project_stm32f4x/toolchains/armcc/bin/../lib/gcc/arm-none-eabi/14.2.1/thumb/v7e-m+fp/hard\libc_nano.a(libc_a-memset.o)
 .debug_frame   0x00000020       0x2c C:/Project/stm32_workspace/project_stm32f4x/toolchains/armcc/bin/../lib/gcc/arm-none-eabi/14.2.1/thumb/v7e-m+fp/hard\libc_nano.a(libc_a-init.o)
 .debug_frame   0x0000004c       0x5c CMakeFiles/led_blink_F411CEU6.dir/drivers/boards/F411CEU6/Core/Src/main.c.obj
 .debug_frame   0x000000a8       0xc0 board_bsp/CMakeFiles/board_vectors.dir/./Core/Src/stm32f4xx_it.c.obj
 .debug_frame   0x00000168       0x40 libapp_led_blink.a(app.c.obj)
 .debug_frame   0x000001a8       0x34 board_bsp/libcore.a(gpio.c.obj)
 .debug_frame   0x000001dc       0x60 board_bsp/libcore.a(spi.c.obj)
 .debug_frame   0x0000023c      0x1ec board_bsp/libhal.a(stm32f4xx_hal.c.obj)
 .debug_frame   0x00000428      0x214 board_bsp/libhal.a(stm32f4xx_hal_cortex.c.obj)
 .debug_frame   0x0000063c       0xd8 board_bsp/libhal.a(stm32f4xx_hal_gpio.c.obj)
 .debug_frame   0x00000714      0x16c board_bsp/libhal.a(stm32f4xx_hal_rcc.c.obj)
 .debug_frame   0x00000880      0x5b4 board_bsp/libhal.a(stm32f4xx_hal_spi.c.obj)
 .debug_frame   0x00000e34       0x30 board_bsp/libcmsis.a(system_stm32f4xx.c.obj)
 .debug_frame   0x00000e64       0x2c C:/Project/stm32_workspace/project_stm32f4x/toolchains/armcc/bin/../lib/gcc/arm-none-eabi/14.2.1/thumb/v7e-m+fp/hard\libgcc.a(_aeabi_uldivmod.o)
 .debug_frame   0x00000e90       0x34 C:/Project/stm32_workspace/project_stm32f4x/toolchains/armcc/bin/../lib/gcc/arm-none-eabi/14.2.1/thumb/v7e-m+fp/hard\libgcc.a(_udivmoddi4.o)

.debug_info     0x00000000     0x66a2
 .debug_info    0x00000000      0x59c CMakeFiles/led_blink_F411CEU6.dir/drivers/boards/F411CEU6/Core/Src/main.c.obj
 .debug_info    0x0000059c       0x30 board_bsp/CMakeFiles/board_vectors.dir/./Core/Startup/startup_stm32f411ceux.s.obj
 .debug_info    0x000005cc      0x16c board_bsp/CMakeFiles/board_vectors.dir/./Core/Src/stm32f4xx_it.c.obj
 .debug_info    0x00000738      0x1fe libapp_led_blink.a(app.c.obj)
 .debug_info    0x00000936      0x686 board_bsp/libcore.a(gpio.c.obj)
 .debug_info    0x00000fbc      0x9e1 board_bsp/libcore.a(spi.c.obj)
 .debug_info    0x0000199d      0x966 board_bsp/libhal.a(stm32f4xx_hal.c.obj)
 .debug_info    0x00002303      0xf69 board_bsp/libhal.a(stm32f4xx_hal_cortex.c.obj)
 .debug_info    0x0000326c      0x73e board_bsp/libhal.a(stm32f4xx_hal_gpio.c.obj)
 .debug_info    0x000039aa      0xac6 board_bsp/libhal.a(stm32f4xx_hal_rcc.c.obj)
 .debug_info    0x00004470     0x1cdb board_bsp/libhal.a(stm32f4xx_hal_spi.c.obj)
 .debug_info    0x0000614b      0x557 board_bsp/libcmsis.a(system_stm32f4xx.c.obj)

.debug_abbrev   0x00000000     0x1636
 .debug_abbrev  0x00000000      0x1f1 CMakeFiles/led_blink_F411CEU6.dir/drivers/boards/F411CEU6/Core/Src/main.c.obj
 .debug_abbrev  0x000001f1       0x24 board_bsp/CMakeFiles/board_vectors.dir/./Core/Startup/startup_stm32f411ceux.s.obj
 .debug_abbrev  0x00000215       0xbd board_bsp/CMakeFiles/board_vectors.dir/./Core/Src/stm32f4xx_it.c.obj
 .debug_abbrev  0x000002d2      0x15e libapp_led_blink.a(app.c.obj)
 .debug_abbrev  0x00000430      0x187 board_bsp/libcore.a(gpio.c.obj)
 .debug_abbrev  0x000005b7      0x218 board_bsp/libcore.a(spi.c.obj)
 .debug_abbrev  0x000007cf      0x279 board_bsp/libhal.a(stm32f4xx_hal.c.obj)
 .debug_abbrev  0x00000a48      0x393 board_bsp/libhal.a(stm32f4xx_hal_cortex.c.obj)
 .debug_abbrev  0x00000ddb      0x203 board_bsp/libhal.a(stm32f4xx_hal_gpio.c.obj)
 .debug_abbrev  0x00000fde      0x2c8 board_bsp/libhal.a(stm32f4xx_hal_rcc.c.obj)
 .debug_abbrev  0x000012a6      0x270 board_bsp/libhal.a(stm32f4xx_hal_spi.c.obj)
 .debug_abbrev  0x00001516      0x120 board_bsp/libcmsis.a(system_stm32f4xx.c.obj)

.debug_aranges  0x00000000      0x5f8
 .debug_aranges
                0x00000000       0x30 CMakeFiles/led_blink_F411CEU6.dir/drivers/boards/F411CEU6/Core/Src/main.c.obj
 .debug_aranges
                0x00000030       0x28 board_bsp/CMakeFiles/board_vectors.dir/./Core/Startup/startup_stm32f411ceux.s.obj
 .debug_aranges
                0x00000058       0x68 board_bsp/CMakeFiles/board_vectors.dir/./Core/Src/stm32f4xx_it.c.obj
 .debug_aranges
                0x000000c0       0x28 libapp_led_blink.a(app.c.obj)
 .debug_aranges
                0x000000e8       0x20 board_bsp/libcore.a(gpio.c.obj)
 .debug_aranges
                0x00000108       0x30 board_bsp/libcore.a(spi.c.obj)
 .debug_aranges
                0x00000138       0xf0 board_bsp/libhal.a(stm32f4xx_hal.c.obj)
 .debug_aranges
                0x00000228       0xf8 board_bsp/libhal.a(stm32f4xx_hal_cortex.c.obj)
 .debug_aranges
                0x00000320       0x58 board_bsp/libhal.a(stm32f4xx_hal_gpio.c.obj)
 .debug_aranges
                0x00000378       0x88 board_bsp/libhal.a(stm32f4xx_hal_rcc.c.obj)
 .debug_aranges
                0x00000400      0x1d0 board_bsp/libhal.a(stm32f4xx_hal_spi.c.obj)
 .debug_aranges
                0x000005d0       0x28 board_bsp/libcmsis.a(system_stm32f4xx.c.obj)

.debug_rnglists
                0x00000000      0x46a
 .debug_rnglists
                0x00000000       0x20 CMakeFiles/led_blink_F411CEU6.dir/drivers/boards/F411CEU6/Core/Src/main.c.obj
 .debug_rnglists
                0x00000020       0x19 board_bsp/CMakeFiles/board_vectors.dir/./Core/Startup/startup_stm32f411ceux.s.obj
 .debug_rnglists
                0x00000039       0x49 board_bsp/CMakeFiles/board_vectors.dir/./Core/Src/stm32f4xx_it.c.obj
 .debug_rnglists
                0x00000082       0x19 libapp_led_blink.a(app.c.obj)
 .debug_rnglists
                0x0000009b       0x14 board_bsp/libcore.a(gpio.c.obj)
 .debug_rnglists
                0x000000af       0x1f board_bsp/libcore.a(spi.c.obj)
 .debug_rnglists
                0x000000ce       0xaf board_bsp/libhal.a(stm32f4xx_hal.c.obj)
 .debug_rnglists
                0x0000017d       0xb5 board_bsp/libhal.a(stm32f4xx_hal_cortex.c.obj)
 .debug_rnglists
                0x00000232       0x3f board_bsp/libhal.a(stm32f4xx_hal_gpio.c.obj)
 .debug_rnglists
                0x00000271       0x75 board_bsp/libhal.a(stm32f4xx_hal_rcc.c.obj)
 .debug_rnglists
                0x000002e6      0x16a board_bsp/libhal.a(stm32f4xx_hal_spi.c.obj)
 .debug_rnglists
                0x00000450       0x1a board_bsp/libcmsis.a(system_stm32f4xx.c.obj)

.debug_macro    0x00000000    0x14ba9
 .debug_macro   0x00000000      0x1e6 CMakeFiles/led_blink_F411CEU6.dir/drivers/boards/F411CEU6/Core/Src/main.c.obj
 .debug_macro   0x000001e6      0xad2 CMakeFiles/led_blink_F411CEU6.dir/drivers/boards/F411CEU6/Core/Src/main.c.obj
 .debug_macro   0x00000cb8      0x295 CMakeFiles/led_blink_F411CEU6.dir/drivers/boards/F411CEU6/Core/Src/main.c.obj
 .debug_macro   0x00000f4d       0x2e CMakeFiles/led_blink_F411CEU6.dir/drivers/boards/F411CEU6/Core/Src/main.c.obj
 .debug_macro   0x00000f7b       0x28 CMakeFiles/led_blink_F411CEU6.dir/drivers/boards/F411CEU6/Core/Src/main.c.obj
 .debug_macro   0x00000fa3       0x22 CMakeFiles/led_blink_F411CEU6.dir/drivers/boards/F411CEU6/Core/Src/main.c.obj
 .debug_macro   0x00000fc5       0x8e CMakeFiles/led_blink_F411CEU6.dir/drivers/boards/F411CEU6/Core/Src/main.c.obj
 .debug_macro   0x00001053       0x51 CMakeFiles/led_blink_F411CEU6.dir/drivers/boards/F411CEU6/Core/Src/main.c.obj
 .debug_macro   0x000010a4      0x103 CMakeFiles/led_blink_F411CEU6.dir/drivers/boards/F411CEU6/Core/Src/main.c.obj
 .debug_macro   0x000011a7       0x6a CMakeFiles/led_blink_F411CEU6.dir/drivers/boards/F411CEU6/Core/Src/main.c.obj
 .debug_macro   0x00001211      0x1df CMakeFiles/led_blink_F411CEU6.dir/drivers/boards/F411CEU6/Core/Src/main.c.obj
 .debug_macro   0x000013f0       0x1c CMakeFiles/led_blink_F411CEU6.dir/drivers/boards/F411CEU6/Core/Src/main.c.obj
 .debug_macro   0x0000140c       0x22 CMakeFiles/led_blink_F411CEU6.dir/drivers/boards/F411CEU6/Core/Src/main.c.obj
 .debug_macro   0x0000142e       0xfb CMakeFiles/led_blink_F411CEU6.dir/drivers/boards/F411CEU6/Core/Src/main.c.obj
 .debug_macro   0x00001529     0x1011 CMakeFiles/led_blink_F411CEU6.dir/drivers/boards/F411CEU6/Core/Src/main.c.obj
 .debug_macro   0x0000253a      0x11f CMakeFiles/led_blink_F411CEU6.dir/drivers/boards/F411CEU6/Core/Src/main.c.obj
 .debug_macro   0x00002659     0xb968 CMakeFiles/led_blink_F411CEU6.dir/drivers/boards/F411CEU6/Core/Src/main.c.obj
 .debug_macro   0x0000dfc1       0x6d CMakeFiles/led_blink_F411CEU6.dir/drivers/boards/F411CEU6/Core/Src/main.c.obj
 .debug_macro   0x0000e02e     0x3693 CMakeFiles/led_blink_F411CEU6.dir/drivers/boards/F411CEU6/Core/Src/main.c.obj
 .debug_macro   0x000116c1      0x190 CMakeFiles/led_blink_F411CEU6.dir/drivers/boards/F411CEU6/Core/Src/main.c.obj
 .debug_macro   0x00011851       0x5c CMakeFiles/led_blink_F411CEU6.dir/drivers/boards/F411CEU6/Core/Src/main.c.obj
 .debug_macro   0x000118ad      0x45c CMakeFiles/led_blink_F411CEU6.dir/drivers/boards/F411CEU6/Core/Src/main.c.obj
 .debug_macro   0x00011d09      0x9e9 CMakeFiles/led_blink_F411CEU6.dir/drivers/boards/F411CEU6/Core/Src/main.c.obj
 .debug_macro   0x000126f2      0x115 CMakeFiles/led_blink_F411CEU6.dir/drivers/boards/F411CEU6/Core/Src/main.c.obj
 .debug_macro   0x00012807      0x11b CMakeFiles/led_blink_F411CEU6.dir/drivers/boards/F411CEU6/Core/Src/main.c.obj
 .debug_macro   0x00012922       0xa5 CMakeFiles/led_blink_F411CEU6.dir/drivers/boards/F411CEU6/Core/Src/main.c.obj
 .debug_macro   0x000129c7      0x15f CMakeFiles/led_blink_F411CEU6.dir/drivers/boards/F411CEU6/Core/Src/main.c.obj
 .debug_macro   0x00012b26      0x287 CMakeFiles/led_blink_F411CEU6.dir/drivers/boards/F411CEU6/Core/Src/main.c.obj
 .debug_macro   0x00012dad       0x5f CMakeFiles/led_blink_F411CEU6.dir/drivers/boards/F411CEU6/Core/Src/main.c.obj
 .debug_macro   0x00012e0c      0x236 CMakeFiles/led_blink_F411CEU6.dir/drivers/boards/F411CEU6/Core/Src/main.c.obj
 .debug_macro   0x00013042      0x132 CMakeFiles/led_blink_F411CEU6.dir/drivers/boards/F411CEU6/Core/Src/main.c.obj
 .debug_macro   0x00013174      0x264 CMakeFiles/led_blink_F411CEU6.dir/drivers/boards/F411CEU6/Core/Src/main.c.obj
 .debug_macro   0x000133d8       0x2e CMakeFiles/led_blink_F411CEU6.dir/drivers/boards/F411CEU6/Core/Src/main.c.obj
 .debug_macro   0x00013406      0x127 CMakeFiles/led_blink_F411CEU6.dir/drivers/boards/F411CEU6/Core/Src/main.c.obj
 .debug_macro   0x0001352d       0x85 CMakeFiles/led_blink_F411CEU6.dir/drivers/boards/F411CEU6/Core/Src/main.c.obj
 .debug_macro   0x000135b2       0x89 CMakeFiles/led_blink_F411CEU6.dir/drivers/boards/F411CEU6/Core/Src/main.c.obj
 .debug_macro   0x0001363b      0x225 CMakeFiles/led_blink_F411CEU6.dir/drivers/boards/F411CEU6/Core/Src/main.c.obj
 .debug_macro   0x00013860      0x126 CMakeFiles/led_blink_F411CEU6.dir/drivers/boards/F411CEU6/Core/Src/main.c.obj
 .debug_macro   0x00013986      0x1ce board_bsp/CMakeFiles/board_vectors.dir/./Core/Src/stm32f4xx_it.c.obj
 .debug_macro   0x00013b54      0x1c4 libapp_led_blink.a(app.c.obj)
 .debug_macro   0x00013d18      0x1ce board_bsp/libcore.a(gpio.c.obj)
 .debug_macro   0x00013ee6      0x1ce board_bsp/libcore.a(spi.c.obj)
 .debug_macro   0x000140b4      0x21a board_bsp/libhal.a(stm32f4xx_hal.c.obj)
 .debug_macro   0x000142ce      0x1ba board_bsp/libhal.a(stm32f4xx_hal_cortex.c.obj)
 .debug_macro   0x00014488      0x1c0 board_bsp/libhal.a(stm32f4xx_hal_gpio.c.obj)
 .debug_macro   0x00014648      0x1de board_bsp/libhal.a(stm32f4xx_hal_rcc.c.obj)
 .debug_macro   0x00014826      0x1c9 board_bsp/libhal.a(stm32f4xx_hal_spi.c.obj)
 .debug_macro   0x000149ef      0x1ba board_bsp/libcmsis.a(system_stm32f4xx.c.obj)

.debug_line     0x00000000     0x8902
 .debug_line    0x00000000      0x7fa CMakeFiles/led_blink_F411CEU6.dir/drivers/boards/F411CEU6/Core/Src/main.c.obj
 .debug_line    0x000007fa       0x7a board_bsp/CMakeFiles/board_vectors.dir/./Core/Startup/startup_stm32f411ceux.s.obj
 .debug_line    0x00000874      0x78a board_bsp/CMakeFiles/board_vectors.dir/./Core/Src/stm32f4xx_it.c.obj
 .debug_line    0x00000ffe      0x6cb libapp_led_blink.a(app.c.obj)
 .debug_line    0x000016c9      0x704 board_bsp/libcore.a(gpio.c.obj)
 .debug_line    0x00001dcd      0x7af board_bsp/libcore.a(spi.c.obj)
 .debug_line    0x0000257c      0xa0f board_bsp/libhal.a(stm32f4xx_hal.c.obj)
 .debug_line    0x00002f8b      0xd12 board_bsp/libhal.a(stm32f4xx_hal_cortex.c.obj)
 .debug_line    0x00003c9d      0xbb0 board_bsp/libhal.a(stm32f4xx_hal_gpio.c.obj)
 .debug_line    0x0000484d     0x1067 board_bsp/libhal.a(stm32f4xx_hal_rcc.c.obj)
 .debug_line    0x000058b4     0x28e5 board_bsp/libhal.a(stm32f4xx_hal_spi.c.obj)
 .debug_line    0x00008199      0x769 board_bsp/libcmsis.a(system_stm32f4xx.c.obj)

.debug_str      0x00000000    0x81788
 .debug_str     0x00000000    0x81788 CMakeFiles/led_blink_F411CEU6.dir/drivers/boards/F411CEU6/Core/Src/main.c.obj
                              0x7f9c2 (size before relaxing)
 .debug_str     0x00081788       0xcc board_bsp/CMakeFiles/board_vectors.dir/./Core/Startup/startup_stm32f411ceux.s.obj
 .debug_str     0x00081788    0x7f761 board_bsp/CMakeFiles/board_vectors.dir/./Core/Src/stm32f4xx_it.c.obj
 .debug_str     0x00081788    0x7f701 libapp_led_blink.a(app.c.obj)
 .debug_str     0x00081788    0x7fc42 board_bsp/libcore.a(gpio.c.obj)
 .debug_str     0x00081788    0x7fd06 board_bsp/libcore.a(spi.c.obj)
 .debug_str     0x00081788    0x8028b board_bsp/libhal.a(stm32f4xx_hal.c.obj)
 .debug_str     0x00081788    0x7fff5 board_bsp/libhal.a(stm32f4xx_hal_cortex.c.obj)
 .debug_str     0x00081788    0x7f9da board_bsp/libhal.a(stm32f4xx_hal_gpio.c.obj)
 .debug_str     0x00081788    0x7fca4 board_bsp/libhal.a(stm32f4xx_hal_rcc.c.obj)
 .debug_str     0x00081788    0x8010b board_bsp/libhal.a(stm32f4xx_hal_spi.c.obj)
 .debug_str     0x00081788    0x7f85f board_bsp/libcmsis.a(system_stm32f4xx.c.obj)

.comment        0x00000000       0x45
 .comment       0x00000000       0x45 CMakeFiles/led_blink_F411CEU6.dir/drivers/boards/F411CEU6/Core/Src/main.c.obj
                                 0x46 (size before relaxing)
 .comment       0x00000045       0x46 board_bsp/CMakeFiles/board_vectors.dir/./Core/Src/stm32f4xx_it.c.obj
 .comment       0x00000045       0x46 libapp_led_blink.a(app.c.obj)
 .comment       0x00000045       0x46 board_bsp/libcore.a(gpio.c.obj)
 .comment       0x00000045       0x46 board_bsp/libcore.a(spi.c.obj)
 .comment       0x00000045       0x46 board_bsp/libhal.a(stm32f4xx_hal.c.obj)
 .comment       0x00000045       0x46 board_bsp/libhal.a(stm32f4xx_hal_cortex.c.obj)
 .comment       0x00000045       0x46 board_bsp/libhal.a(stm32f4xx_hal_gpio.c.obj)
 .comment       0x00000045       0x46 board_bsp/libhal.a(stm32f4xx_hal_rcc.c.obj)
 .comment       0x00000045       0x46 board_bsp/libhal.a(stm32f4xx_hal_spi.c.obj)
 .comment       0x00000045       0x46 board_bsp/libcmsis.a(system_stm32f4xx.c.obj)

.debug_line_str
                0x00000000      0x185
 .debug_line_str
                0x00000000      0x185 board_bsp/CMakeFiles/board_vectors.dir/./Core/Startup/startup_stm32f411ceux.s.obj
                                 0xb0 (size before relaxing)
 .debug_line_str
                0x00000185       0xc9 C:/Project/stm32_workspace/project_stm32f4x/toolchains/armcc/bin/../lib/gcc/arm-none-eabi/14.2.1/thumb/v7e-m+fp/hard\libgcc.a(_aeabi_uldivmod.o)
 .debug_line_str
                0x00000185       0xcd C:/Project/stm32_workspace/project_stm32f4x/toolchains/armcc/bin/../lib/gcc/arm-none-eabi/14.2.1/thumb/v7e-m+fp/hard\libgcc.a(_dvmd_tls.o)

.debug_loclists
                0x00000000     0x2357
 .debug_loclists
                0x00000000       0x2b libapp_led_blink.a(app.c.obj)
 .debug_loclists
                0x0000002b       0x74 board_bsp/libcore.a(spi.c.obj)
 .debug_loclists
                0x0000009f       0xe1 board_bsp/libhal.a(stm32f4xx_hal.c.obj)
 .debug_loclists
                0x00000180      0x54d board_bsp/libhal.a(stm32f4xx_hal_cortex.c.obj)
 .debug_loclists
                0x000006cd      0x386 board_bsp/libhal.a(stm32f4xx_hal_gpio.c.obj)
 .debug_loclists
                0x00000a53      0x3db board_bsp/libhal.a(stm32f4xx_hal_rcc.c.obj)
 .debug_loclists
                0x00000e2e     0x14b9 board_bsp/libhal.a(stm32f4xx_hal_spi.c.obj)
 .debug_loclists
                0x000022e7       0x70 board_bsp/libcmsis.a(system_stm32f4xx.c.obj)

Cross Reference Table

Symbol                                            File
ADC_IRQHandler                                    board_bsp/CMakeFiles/board_vectors.dir/./Core/Startup/startup_stm32f411ceux.s.obj
AHBPrescTable                                     board_bsp/libcmsis.a(system_stm32f4xx.c.obj)
                                                  board_bsp/libhal.a(stm32f4xx_hal_rcc.c.obj)
APBPrescTable                                     board_bsp/libcmsis.a(system_stm32f4xx.c.obj)
                                                  board_bsp/libhal.a(stm32f4xx_hal_rcc.c.obj)
BusFault_Handler                                  board_bsp/CMakeFiles/board_vectors.dir/./Core/Src/stm32f4xx_it.c.obj
                                                  board_bsp/CMakeFiles/board_vectors.dir/./Core/Startup/startup_stm32f411ceux.s.obj
DMA1_Stream0_IRQHandler                           board_bsp/CMakeFiles/board_vectors.dir/./Core/Startup/startup_stm32f411ceux.s.obj
DMA1_Stream1_IRQHandler                           board_bsp/CMakeFiles/board_vectors.dir/./Core/Startup/startup_stm32f411ceux.s.obj
DMA1_Stream2_IRQHandler                           board_bsp/CMakeFiles/board_vectors.dir/./Core/Startup/startup_stm32f411ceux.s.obj
DMA1_Stream3_IRQHandler                           board_bsp/CMakeFiles/board_vectors.dir/./Core/Startup/startup_stm32f411ceux.s.obj
DMA1_Stream4_IRQHandler                           board_bsp/CMakeFiles/board_vectors.dir/./Core/Startup/startup_stm32f411ceux.s.obj
DMA1_Stream5_IRQHandler                           board_bsp/CMakeFiles/board_vectors.dir/./Core/Startup/startup_stm32f411ceux.s.obj
DMA1_Stream6_IRQHandler                           board_bsp/CMakeFiles/board_vectors.dir/./Core/Startup/startup_stm32f411ceux.s.obj
DMA1_Stream7_IRQHandler                           board_bsp/CMakeFiles/board_vectors.dir/./Core/Startup/startup_stm32f411ceux.s.obj
DMA2_Stream0_IRQHandler                           board_bsp/CMakeFiles/board_vectors.dir/./Core/Startup/startup_stm32f411ceux.s.obj
DMA2_Stream1_IRQHandler                           board_bsp/CMakeFiles/board_vectors.dir/./Core/Startup/startup_stm32f411ceux.s.obj
DMA2_Stream2_IRQHandler                           board_bsp/CMakeFiles/board_vectors.dir/./Core/Startup/startup_stm32f411ceux.s.obj
DMA2_Stream3_IRQHandler                           board_bsp/CMakeFiles/board_vectors.dir/./Core/Startup/startup_stm32f411ceux.s.obj
DMA2_Stream4_IRQHandler                           board_bsp/CMakeFiles/board_vectors.dir/./Core/Startup/startup_stm32f411ceux.s.obj
DMA2_Stream5_IRQHandler                           board_bsp/CMakeFiles/board_vectors.dir/./Core/Startup/startup_stm32f411ceux.s.obj
DMA2_Stream6_IRQHandler                           board_bsp/CMakeFiles/board_vectors.dir/./Core/Startup/startup_stm32f411ceux.s.obj
DMA2_Stream7_IRQHandler                           board_bsp/CMakeFiles/board_vectors.dir/./Core/Startup/startup_stm32f411ceux.s.obj
DebugMon_Handler                                  board_bsp/CMakeFiles/board_vectors.dir/./Core/Src/stm32f4xx_it.c.obj
                                                  board_bsp/CMakeFiles/board_vectors.dir/./Core/Startup/startup_stm32f411ceux.s.obj
Default_Handler                                   board_bsp/CMakeFiles/board_vectors.dir/./Core/Startup/startup_stm32f411ceux.s.obj
EXTI0_IRQHandler                                  board_bsp/CMakeFiles/board_vectors.dir/./Core/Src/stm32f4xx_it.c.obj
                                                  board_bsp/CMakeFiles/board_vectors.dir/./Core/Startup/startup_stm32f411ceux.s.obj
EXTI15_10_IRQHandler                              board_bsp/CMakeFiles/board_vectors.dir/./Core/Startup/startup_stm32f411ceux.s.obj
EXTI1_IRQHandler                                  board_bsp/CMakeFiles/board_vectors.dir/./Core/Startup/startup_stm32f411ceux.s.obj
EXTI2_IRQHandler                                  board_bsp/CMakeFiles/board_vectors.dir/./Core/Startup/startup_stm32f411ceux.s.obj
EXTI3_IRQHandler                                  board_bsp/CMakeFiles/board_vectors.dir/./Core/Startup/startup_stm32f411ceux.s.obj
EXTI4_IRQHandler                                  board_bsp/CMakeFiles/board_vectors.dir/./Core/Startup/startup_stm32f411ceux.s.obj
EXTI9_5_IRQHandler                                board_bsp/CMakeFiles/board_vectors.dir/./Core/Startup/startup_stm32f411ceux.s.obj
Error_Handler                                     CMakeFiles/led_blink_F411CEU6.dir/drivers/boards/F411CEU6/Core/Src/main.c.obj
                                                  board_bsp/libcore.a(spi.c.obj)
FLASH_IRQHandler                                  board_bsp/CMakeFiles/board_vectors.dir/./Core/Startup/startup_stm32f411ceux.s.obj
FPU_IRQHandler                                    board_bsp/CMakeFiles/board_vectors.dir/./Core/Startup/startup_stm32f411ceux.s.obj
HAL_CORTEX_ClearEvent                             board_bsp/libhal.a(stm32f4xx_hal_cortex.c.obj)
HAL_DBGMCU_DisableDBGSleepMode                    board_bsp/libhal.a(stm32f4xx_hal.c.obj)
HAL_DBGMCU_DisableDBGStandbyMode                  board_bsp/libhal.a(stm32f4xx_hal.c.obj)
HAL_DBGMCU_DisableDBGStopMode                     board_bsp/libhal.a(stm32f4xx_hal.c.obj)
HAL_DBGMCU_EnableDBGSleepMode                     board_bsp/libhal.a(stm32f4xx_hal.c.obj)
HAL_DBGMCU_EnableDBGStandbyMode                   board_bsp/libhal.a(stm32f4xx_hal.c.obj)
HAL_DBGMCU_EnableDBGStopMode                      board_bsp/libhal.a(stm32f4xx_hal.c.obj)
HAL_DMA_Abort                                     board_bsp/libhal.a(stm32f4xx_hal_dma.c.obj)
                                                  board_bsp/libhal.a(stm32f4xx_hal_spi.c.obj)
HAL_DMA_Abort_IT                                  board_bsp/libhal.a(stm32f4xx_hal_dma.c.obj)
                                                  board_bsp/libhal.a(stm32f4xx_hal_spi.c.obj)
HAL_DMA_DeInit                                    board_bsp/libhal.a(stm32f4xx_hal_dma.c.obj)
HAL_DMA_GetError                                  board_bsp/libhal.a(stm32f4xx_hal_dma.c.obj)
HAL_DMA_GetState                                  board_bsp/libhal.a(stm32f4xx_hal_dma.c.obj)
HAL_DMA_IRQHandler                                board_bsp/libhal.a(stm32f4xx_hal_dma.c.obj)
HAL_DMA_Init                                      board_bsp/libhal.a(stm32f4xx_hal_dma.c.obj)
HAL_DMA_PollForTransfer                           board_bsp/libhal.a(stm32f4xx_hal_dma.c.obj)
HAL_DMA_RegisterCallback                          board_bsp/libhal.a(stm32f4xx_hal_dma.c.obj)
HAL_DMA_Start                                     board_bsp/libhal.a(stm32f4xx_hal_dma.c.obj)
HAL_DMA_Start_IT                                  board_bsp/libhal.a(stm32f4xx_hal_dma.c.obj)
                                                  board_bsp/libhal.a(stm32f4xx_hal_spi.c.obj)
HAL_DMA_UnRegisterCallback                        board_bsp/libhal.a(stm32f4xx_hal_dma.c.obj)
HAL_DeInit                                        board_bsp/libhal.a(stm32f4xx_hal.c.obj)
HAL_Delay                                         board_bsp/libhal.a(stm32f4xx_hal.c.obj)
HAL_DisableCompensationCell                       board_bsp/libhal.a(stm32f4xx_hal.c.obj)
HAL_EnableCompensationCell                        board_bsp/libhal.a(stm32f4xx_hal.c.obj)
HAL_GPIO_DeInit                                   board_bsp/libhal.a(stm32f4xx_hal_gpio.c.obj)
                                                  board_bsp/libcore.a(spi.c.obj)
HAL_GPIO_EXTI_Callback                            board_bsp/libhal.a(stm32f4xx_hal_gpio.c.obj)
HAL_GPIO_EXTI_IRQHandler                          board_bsp/libhal.a(stm32f4xx_hal_gpio.c.obj)
                                                  board_bsp/CMakeFiles/board_vectors.dir/./Core/Src/stm32f4xx_it.c.obj
HAL_GPIO_Init                                     board_bsp/libhal.a(stm32f4xx_hal_gpio.c.obj)
                                                  board_bsp/libhal.a(stm32f4xx_hal_rcc.c.obj)
                                                  board_bsp/libcore.a(spi.c.obj)
                                                  board_bsp/libcore.a(gpio.c.obj)
HAL_GPIO_LockPin                                  board_bsp/libhal.a(stm32f4xx_hal_gpio.c.obj)
HAL_GPIO_ReadPin                                  board_bsp/libhal.a(stm32f4xx_hal_gpio.c.obj)
HAL_GPIO_TogglePin                                board_bsp/libhal.a(stm32f4xx_hal_gpio.c.obj)
                                                  libapp_led_blink.a(app.c.obj)
HAL_GPIO_WritePin                                 board_bsp/libhal.a(stm32f4xx_hal_gpio.c.obj)
                                                  board_bsp/libcore.a(gpio.c.obj)
HAL_GetDEVID                                      board_bsp/libhal.a(stm32f4xx_hal.c.obj)
HAL_GetHalVersion                                 board_bsp/libhal.a(stm32f4xx_hal.c.obj)
HAL_GetREVID                                      board_bsp/libhal.a(stm32f4xx_hal.c.obj)
HAL_GetTick                                       board_bsp/libhal.a(stm32f4xx_hal.c.obj)
                                                  board_bsp/libhal.a(stm32f4xx_hal_dma.c.obj)
                                                  board_bsp/libhal.a(stm32f4xx_hal_spi.c.obj)
                                                  board_bsp/libhal.a(stm32f4xx_hal_rcc.c.obj)
                                                  libapp_led_blink.a(app.c.obj)
HAL_GetTickFreq                                   board_bsp/libhal.a(stm32f4xx_hal.c.obj)
HAL_GetTickPrio                                   board_bsp/libhal.a(stm32f4xx_hal.c.obj)
HAL_GetUIDw0                                      board_bsp/libhal.a(stm32f4xx_hal.c.obj)
HAL_GetUIDw1                                      board_bsp/libhal.a(stm32f4xx_hal.c.obj)
HAL_GetUIDw2                                      board_bsp/libhal.a(stm32f4xx_hal.c.obj)
HAL_IncTick                                       board_bsp/libhal.a(stm32f4xx_hal.c.obj)
                                                  board_bsp/CMakeFiles/board_vectors.dir/./Core/Src/stm32f4xx_it.c.obj
HAL_Init                                          board_bsp/libhal.a(stm32f4xx_hal.c.obj)
                                                  CMakeFiles/led_blink_F411CEU6.dir/drivers/boards/F411CEU6/Core/Src/main.c.obj
HAL_InitTick                                      board_bsp/libhal.a(stm32f4xx_hal.c.obj)
                                                  board_bsp/libhal.a(stm32f4xx_hal_rcc.c.obj)
HAL_MPU_ConfigRegion                              board_bsp/libhal.a(stm32f4xx_hal_cortex.c.obj)
HAL_MPU_Disable                                   board_bsp/libhal.a(stm32f4xx_hal_cortex.c.obj)
HAL_MPU_DisableRegion                             board_bsp/libhal.a(stm32f4xx_hal_cortex.c.obj)
HAL_MPU_Enable                                    board_bsp/libhal.a(stm32f4xx_hal_cortex.c.obj)
HAL_MPU_EnableRegion                              board_bsp/libhal.a(stm32f4xx_hal_cortex.c.obj)
HAL_MspDeInit                                     board_bsp/libhal.a(stm32f4xx_hal.c.obj)
HAL_MspInit                                       board_bsp/libhal.a(stm32f4xx_hal.c.obj)
HAL_NVIC_ClearPendingIRQ                          board_bsp/libhal.a(stm32f4xx_hal_cortex.c.obj)
HAL_NVIC_DisableIRQ                               board_bsp/libhal.a(stm32f4xx_hal_cortex.c.obj)
HAL_NVIC_EnableIRQ                                board_bsp/libhal.a(stm32f4xx_hal_cortex.c.obj)
                                                  board_bsp/libcore.a(gpio.c.obj)
HAL_NVIC_GetActive                                board_bsp/libhal.a(stm32f4xx_hal_cortex.c.obj)
HAL_NVIC_GetPendingIRQ                            board_bsp/libhal.a(stm32f4xx_hal_cortex.c.obj)
HAL_NVIC_GetPriority                              board_bsp/libhal.a(stm32f4xx_hal_cortex.c.obj)
HAL_NVIC_GetPriorityGrouping                      board_bsp/libhal.a(stm32f4xx_hal_cortex.c.obj)
HAL_NVIC_SetPendingIRQ                            board_bsp/libhal.a(stm32f4xx_hal_cortex.c.obj)
HAL_NVIC_SetPriority                              board_bsp/libhal.a(stm32f4xx_hal_cortex.c.obj)
                                                  board_bsp/libhal.a(stm32f4xx_hal.c.obj)
                                                  board_bsp/libcore.a(gpio.c.obj)
HAL_NVIC_SetPriorityGrouping                      board_bsp/libhal.a(stm32f4xx_hal_cortex.c.obj)
                                                  board_bsp/libhal.a(stm32f4xx_hal.c.obj)
HAL_NVIC_SystemReset                              board_bsp/libhal.a(stm32f4xx_hal_cortex.c.obj)
HAL_RCC_CSSCallback                               board_bsp/libhal.a(stm32f4xx_hal_rcc.c.obj)
HAL_RCC_ClockConfig                               board_bsp/libhal.a(stm32f4xx_hal_rcc.c.obj)
                                                  CMakeFiles/led_blink_F411CEU6.dir/drivers/boards/F411CEU6/Core/Src/main.c.obj
HAL_RCC_DeInit                                    board_bsp/libhal.a(stm32f4xx_hal_rcc.c.obj)
HAL_RCC_DisableCSS                                board_bsp/libhal.a(stm32f4xx_hal_rcc.c.obj)
HAL_RCC_EnableCSS                                 board_bsp/libhal.a(stm32f4xx_hal_rcc.c.obj)
HAL_RCC_GetClockConfig                            board_bsp/libhal.a(stm32f4xx_hal_rcc.c.obj)
HAL_RCC_GetHCLKFreq                               board_bsp/libhal.a(stm32f4xx_hal_rcc.c.obj)
HAL_RCC_GetOscConfig                              board_bsp/libhal.a(stm32f4xx_hal_rcc.c.obj)
HAL_RCC_GetPCLK1Freq                              board_bsp/libhal.a(stm32f4xx_hal_rcc.c.obj)
HAL_RCC_GetPCLK2Freq                              board_bsp/libhal.a(stm32f4xx_hal_rcc.c.obj)
HAL_RCC_GetSysClockFreq                           board_bsp/libhal.a(stm32f4xx_hal_rcc.c.obj)
HAL_RCC_MCOConfig                                 board_bsp/libhal.a(stm32f4xx_hal_rcc.c.obj)
HAL_RCC_NMI_IRQHandler                            board_bsp/libhal.a(stm32f4xx_hal_rcc.c.obj)
HAL_RCC_OscConfig                                 board_bsp/libhal.a(stm32f4xx_hal_rcc.c.obj)
                                                  CMakeFiles/led_blink_F411CEU6.dir/drivers/boards/F411CEU6/Core/Src/main.c.obj
HAL_ResumeTick                                    board_bsp/libhal.a(stm32f4xx_hal.c.obj)
HAL_SPI_Abort                                     board_bsp/libhal.a(stm32f4xx_hal_spi.c.obj)
HAL_SPI_AbortCpltCallback                         board_bsp/libhal.a(stm32f4xx_hal_spi.c.obj)
HAL_SPI_Abort_IT                                  board_bsp/libhal.a(stm32f4xx_hal_spi.c.obj)
HAL_SPI_DMAPause                                  board_bsp/libhal.a(stm32f4xx_hal_spi.c.obj)
HAL_SPI_DMAResume                                 board_bsp/libhal.a(stm32f4xx_hal_spi.c.obj)
HAL_SPI_DMAStop                                   board_bsp/libhal.a(stm32f4xx_hal_spi.c.obj)
HAL_SPI_DeInit                                    board_bsp/libhal.a(stm32f4xx_hal_spi.c.obj)
HAL_SPI_ErrorCallback                             board_bsp/libhal.a(stm32f4xx_hal_spi.c.obj)
HAL_SPI_GetError                                  board_bsp/libhal.a(stm32f4xx_hal_spi.c.obj)
HAL_SPI_GetState                                  board_bsp/libhal.a(stm32f4xx_hal_spi.c.obj)
HAL_SPI_IRQHandler                                board_bsp/libhal.a(stm32f4xx_hal_spi.c.obj)
HAL_SPI_Init                                      board_bsp/libhal.a(stm32f4xx_hal_spi.c.obj)
                                                  board_bsp/libcore.a(spi.c.obj)
HAL_SPI_MspDeInit                                 board_bsp/libcore.a(spi.c.obj)
HAL_SPI_MspInit                                   board_bsp/libcore.a(spi.c.obj)
HAL_SPI_Receive                                   board_bsp/libhal.a(stm32f4xx_hal_spi.c.obj)
HAL_SPI_Receive_DMA                               board_bsp/libhal.a(stm32f4xx_hal_spi.c.obj)
HAL_SPI_Receive_IT                                board_bsp/libhal.a(stm32f4xx_hal_spi.c.obj)
HAL_SPI_RxCpltCallback                            board_bsp/libhal.a(stm32f4xx_hal_spi.c.obj)
HAL_SPI_RxHalfCpltCallback                        board_bsp/libhal.a(stm32f4xx_hal_spi.c.obj)
HAL_SPI_Transmit                                  board_bsp/libhal.a(stm32f4xx_hal_spi.c.obj)
HAL_SPI_TransmitReceive                           board_bsp/libhal.a(stm32f4xx_hal_spi.c.obj)
HAL_SPI_TransmitReceive_DMA                       board_bsp/libhal.a(stm32f4xx_hal_spi.c.obj)
HAL_SPI_TransmitReceive_IT                        board_bsp/libhal.a(stm32f4xx_hal_spi.c.obj)
HAL_SPI_Transmit_DMA                              board_bsp/libhal.a(stm32f4xx_hal_spi.c.obj)
HAL_SPI_Transmit_IT                               board_bsp/libhal.a(stm32f4xx_hal_spi.c.obj)
HAL_SPI_TxCpltCallback                            board_bsp/libhal.a(stm32f4xx_hal_spi.c.obj)
HAL_SPI_TxHalfCpltCallback                        board_bsp/libhal.a(stm32f4xx_hal_spi.c.obj)
HAL_SPI_TxRxCpltCallback                          board_bsp/libhal.a(stm32f4xx_hal_spi.c.obj)
HAL_SPI_TxRxHalfCpltCallback                      board_bsp/libhal.a(stm32f4xx_hal_spi.c.obj)
HAL_SYSTICK_CLKSourceConfig                       board_bsp/libhal.a(stm32f4xx_hal_cortex.c.obj)
HAL_SYSTICK_Callback                              board_bsp/libhal.a(stm32f4xx_hal_cortex.c.obj)
HAL_SYSTICK_Config                                board_bsp/libhal.a(stm32f4xx_hal_cortex.c.obj)
                                                  board_bsp/libhal.a(stm32f4xx_hal.c.obj)
HAL_SYSTICK_IRQHandler                            board_bsp/libhal.a(stm32f4xx_hal_cortex.c.obj)
HAL_SetTickFreq                                   board_bsp/libhal.a(stm32f4xx_hal.c.obj)
HAL_SuspendTick                                   board_bsp/libhal.a(stm32f4xx_hal.c.obj)
HardFault_Handler                                 board_bsp/CMakeFiles/board_vectors.dir/./Core/Src/stm32f4xx_it.c.obj
                                                  board_bsp/CMakeFiles/board_vectors.dir/./Core/Startup/startup_stm32f411ceux.s.obj
I2C1_ER_IRQHandler                                board_bsp/CMakeFiles/board_vectors.dir/./Core/Startup/startup_stm32f411ceux.s.obj
I2C1_EV_IRQHandler                                board_bsp/CMakeFiles/board_vectors.dir/./Core/Startup/startup_stm32f411ceux.s.obj
I2C2_ER_IRQHandler                                board_bsp/CMakeFiles/board_vectors.dir/./Core/Startup/startup_stm32f411ceux.s.obj
I2C2_EV_IRQHandler                                board_bsp/CMakeFiles/board_vectors.dir/./Core/Startup/startup_stm32f411ceux.s.obj
I2C3_ER_IRQHandler                                board_bsp/CMakeFiles/board_vectors.dir/./Core/Startup/startup_stm32f411ceux.s.obj
I2C3_EV_IRQHandler                                board_bsp/CMakeFiles/board_vectors.dir/./Core/Startup/startup_stm32f411ceux.s.obj
MX_GPIO_Init                                      board_bsp/libcore.a(gpio.c.obj)
                                                  CMakeFiles/led_blink_F411CEU6.dir/drivers/boards/F411CEU6/Core/Src/main.c.obj
MX_SPI1_Init                                      board_bsp/libcore.a(spi.c.obj)
                                                  CMakeFiles/led_blink_F411CEU6.dir/drivers/boards/F411CEU6/Core/Src/main.c.obj
MemManage_Handler                                 board_bsp/CMakeFiles/board_vectors.dir/./Core/Src/stm32f4xx_it.c.obj
                                                  board_bsp/CMakeFiles/board_vectors.dir/./Core/Startup/startup_stm32f411ceux.s.obj
NMI_Handler                                       board_bsp/CMakeFiles/board_vectors.dir/./Core/Src/stm32f4xx_it.c.obj
                                                  board_bsp/CMakeFiles/board_vectors.dir/./Core/Startup/startup_stm32f411ceux.s.obj
OTG_FS_IRQHandler                                 board_bsp/CMakeFiles/board_vectors.dir/./Core/Startup/startup_stm32f411ceux.s.obj
OTG_FS_WKUP_IRQHandler                            board_bsp/CMakeFiles/board_vectors.dir/./Core/Startup/startup_stm32f411ceux.s.obj
PVD_IRQHandler                                    board_bsp/CMakeFiles/board_vectors.dir/./Core/Startup/startup_stm32f411ceux.s.obj
PendSV_Handler                                    board_bsp/CMakeFiles/board_vectors.dir/./Core/Src/stm32f4xx_it.c.obj
                                                  board_bsp/CMakeFiles/board_vectors.dir/./Core/Startup/startup_stm32f411ceux.s.obj
RCC_IRQHandler                                    board_bsp/CMakeFiles/board_vectors.dir/./Core/Startup/startup_stm32f411ceux.s.obj
RTC_Alarm_IRQHandler                              board_bsp/CMakeFiles/board_vectors.dir/./Core/Startup/startup_stm32f411ceux.s.obj
RTC_WKUP_IRQHandler                               board_bsp/CMakeFiles/board_vectors.dir/./Core/Startup/startup_stm32f411ceux.s.obj
Reset_Handler                                     board_bsp/CMakeFiles/board_vectors.dir/./Core/Startup/startup_stm32f411ceux.s.obj
SDIO_IRQHandler                                   board_bsp/CMakeFiles/board_vectors.dir/./Core/Startup/startup_stm32f411ceux.s.obj
SPI1_IRQHandler                                   board_bsp/CMakeFiles/board_vectors.dir/./Core/Startup/startup_stm32f411ceux.s.obj
SPI2_IRQHandler                                   board_bsp/CMakeFiles/board_vectors.dir/./Core/Startup/startup_stm32f411ceux.s.obj
SPI3_IRQHandler                                   board_bsp/CMakeFiles/board_vectors.dir/./Core/Startup/startup_stm32f411ceux.s.obj
SPI4_IRQHandler                                   board_bsp/CMakeFiles/board_vectors.dir/./Core/Startup/startup_stm32f411ceux.s.obj
SPI5_IRQHandler                                   board_bsp/CMakeFiles/board_vectors.dir/./Core/Startup/startup_stm32f411ceux.s.obj
SVC_Handler                                       board_bsp/CMakeFiles/board_vectors.dir/./Core/Src/stm32f4xx_it.c.obj
                                                  board_bsp/CMakeFiles/board_vectors.dir/./Core/Startup/startup_stm32f411ceux.s.obj
SysTick_Handler                                   board_bsp/CMakeFiles/board_vectors.dir/./Core/Src/stm32f4xx_it.c.obj
                                                  board_bsp/CMakeFiles/board_vectors.dir/./Core/Startup/startup_stm32f411ceux.s.obj
SystemClock_Config                                CMakeFiles/led_blink_F411CEU6.dir/drivers/boards/F411CEU6/Core/Src/main.c.obj
SystemCoreClock                                   board_bsp/libcmsis.a(system_stm32f4xx.c.obj)
                                                  board_bsp/libhal.a(stm32f4xx_hal_dma.c.obj)
                                                  board_bsp/libhal.a(stm32f4xx_hal_spi.c.obj)
                                                  board_bsp/libhal.a(stm32f4xx_hal_rcc.c.obj)
                                                  board_bsp/libhal.a(stm32f4xx_hal.c.obj)
SystemCoreClockUpdate                             board_bsp/libcmsis.a(system_stm32f4xx.c.obj)
SystemInit                                        board_bsp/libcmsis.a(system_stm32f4xx.c.obj)
                                                  board_bsp/CMakeFiles/board_vectors.dir/./Core/Startup/startup_stm32f411ceux.s.obj
TAMP_STAMP_IRQHandler                             board_bsp/CMakeFiles/board_vectors.dir/./Core/Startup/startup_stm32f411ceux.s.obj
TIM1_BRK_TIM9_IRQHandler                          board_bsp/CMakeFiles/board_vectors.dir/./Core/Startup/startup_stm32f411ceux.s.obj
TIM1_CC_IRQHandler                                board_bsp/CMakeFiles/board_vectors.dir/./Core/Startup/startup_stm32f411ceux.s.obj
TIM1_TRG_COM_TIM11_IRQHandler                     board_bsp/CMakeFiles/board_vectors.dir/./Core/Startup/startup_stm32f411ceux.s.obj
TIM1_UP_TIM10_IRQHandler                          board_bsp/CMakeFiles/board_vectors.dir/./Core/Startup/startup_stm32f411ceux.s.obj
TIM2_IRQHandler                                   board_bsp/CMakeFiles/board_vectors.dir/./Core/Startup/startup_stm32f411ceux.s.obj
TIM3_IRQHandler                                   board_bsp/CMakeFiles/board_vectors.dir/./Core/Startup/startup_stm32f411ceux.s.obj
TIM4_IRQHandler                                   board_bsp/CMakeFiles/board_vectors.dir/./Core/Startup/startup_stm32f411ceux.s.obj
TIM5_IRQHandler                                   board_bsp/CMakeFiles/board_vectors.dir/./Core/Startup/startup_stm32f411ceux.s.obj
USART1_IRQHandler                                 board_bsp/CMakeFiles/board_vectors.dir/./Core/Startup/startup_stm32f411ceux.s.obj
USART2_IRQHandler                                 board_bsp/CMakeFiles/board_vectors.dir/./Core/Startup/startup_stm32f411ceux.s.obj
USART6_IRQHandler                                 board_bsp/CMakeFiles/board_vectors.dir/./Core/Startup/startup_stm32f411ceux.s.obj
UsageFault_Handler                                board_bsp/CMakeFiles/board_vectors.dir/./Core/Src/stm32f4xx_it.c.obj
                                                  board_bsp/CMakeFiles/board_vectors.dir/./Core/Startup/startup_stm32f411ceux.s.obj
WWDG_IRQHandler                                   board_bsp/CMakeFiles/board_vectors.dir/./Core/Startup/startup_stm32f411ceux.s.obj
_ITM_deregisterTMCloneTable                       C:/Project/stm32_workspace/project_stm32f4x/toolchains/armcc/bin/../lib/gcc/arm-none-eabi/14.2.1/thumb/v7e-m+fp/hard/crtbegin.o
_ITM_registerTMCloneTable                         C:/Project/stm32_workspace/project_stm32f4x/toolchains/armcc/bin/../lib/gcc/arm-none-eabi/14.2.1/thumb/v7e-m+fp/hard/crtbegin.o
_Min_Stack_Size                                   board_bsp/CMakeFiles/board_runtime.dir/./Core/Src/sysmem.c.obj
__TMC_END__                                       C:/Project/stm32_workspace/project_stm32f4x/toolchains/armcc/bin/../lib/gcc/arm-none-eabi/14.2.1/thumb/v7e-m+fp/hard/crtend.o
                                                  C:/Project/stm32_workspace/project_stm32f4x/toolchains/armcc/bin/../lib/gcc/arm-none-eabi/14.2.1/thumb/v7e-m+fp/hard/crtbegin.o
__aeabi_idiv0                                     C:/Project/stm32_workspace/project_stm32f4x/toolchains/armcc/bin/../lib/gcc/arm-none-eabi/14.2.1/thumb/v7e-m+fp/hard\libgcc.a(_dvmd_tls.o)
__aeabi_ldiv0                                     C:/Project/stm32_workspace/project_stm32f4x/toolchains/armcc/bin/../lib/gcc/arm-none-eabi/14.2.1/thumb/v7e-m+fp/hard\libgcc.a(_dvmd_tls.o)
                                                  C:/Project/stm32_workspace/project_stm32f4x/toolchains/armcc/bin/../lib/gcc/arm-none-eabi/14.2.1/thumb/v7e-m+fp/hard\libgcc.a(_aeabi_uldivmod.o)
__aeabi_uldivmod                                  C:/Project/stm32_workspace/project_stm32f4x/toolchains/armcc/bin/../lib/gcc/arm-none-eabi/14.2.1/thumb/v7e-m+fp/hard\libgcc.a(_aeabi_uldivmod.o)
                                                  board_bsp/libhal.a(stm32f4xx_hal_rcc.c.obj)
__bss_end__                                       C:/Project/stm32_workspace/project_stm32f4x/toolchains/armcc/bin/../lib/gcc/arm-none-eabi/14.2.1/thumb/v7e-m+fp/hard/crt0.o
__bss_start__                                     C:/Project/stm32_workspace/project_stm32f4x/toolchains/armcc/bin/../lib/gcc/arm-none-eabi/14.2.1/thumb/v7e-m+fp/hard/crt0.o
__call_exitprocs                                  C:/Project/stm32_workspace/project_stm32f4x/toolchains/armcc/bin/../lib/gcc/arm-none-eabi/14.2.1/thumb/v7e-m+fp/hard\libc_nano.a(libc_a-exit.o)
__deregister_frame_info                           C:/Project/stm32_workspace/project_stm32f4x/toolchains/armcc/bin/../lib/gcc/arm-none-eabi/14.2.1/thumb/v7e-m+fp/hard/crtbegin.o
__dso_handle                                      C:/Project/stm32_workspace/project_stm32f4x/toolchains/armcc/bin/../lib/gcc/arm-none-eabi/14.2.1/thumb/v7e-m+fp/hard/crtbegin.o
__env                                             board_bsp/CMakeFiles/board_runtime.dir/./Core/Src/syscalls.c.obj
__errno                                           C:/Project/stm32_workspace/project_stm32f4x/toolchains/armcc/bin/../lib/gcc/arm-none-eabi/14.2.1/thumb/v7e-m+fp/hard\libg_nano.a(libc_a-errno.o)
                                                  board_bsp/CMakeFiles/board_runtime.dir/./Core/Src/sysmem.c.obj
                                                  board_bsp/CMakeFiles/board_runtime.dir/./Core/Src/syscalls.c.obj
__fp_lock_all                                     C:/Project/stm32_workspace/project_stm32f4x/toolchains/armcc/bin/../lib/gcc/arm-none-eabi/14.2.1/thumb/v7e-m+fp/hard\libc_nano.a(libc_a-findfp.o)
__fp_unlock_all                                   C:/Project/stm32_workspace/project_stm32f4x/toolchains/armcc/bin/../lib/gcc/arm-none-eabi/14.2.1/thumb/v7e-m+fp/hard\libc_nano.a(libc_a-findfp.o)
__init_array_end                                  C:/Project/stm32_workspace/project_stm32f4x/toolchains/armcc/bin/../lib/gcc/arm-none-eabi/14.2.1/thumb/v7e-m+fp/hard\libc_nano.a(libc_a-init.o)
__init_array_start                                C:/Project/stm32_workspace/project_stm32f4x/toolchains/armcc/bin/../lib/gcc/arm-none-eabi/14.2.1/thumb/v7e-m+fp/hard\libc_nano.a(libc_a-init.o)
__io_getchar                                      board_bsp/CMakeFiles/board_runtime.dir/./Core/Src/syscalls.c.obj
__io_putchar                                      board_bsp/CMakeFiles/board_runtime.dir/./Core/Src/syscalls.c.obj
__libc_fini_array                                 C:/Project/stm32_workspace/project_stm32f4x/toolchains/armcc/bin/../lib/gcc/arm-none-eabi/14.2.1/thumb/v7e-m+fp/hard/crt0.o
__libc_init_array                                 C:/Project/stm32_workspace/project_stm32f4x/toolchains/armcc/bin/../lib/gcc/arm-none-eabi/14.2.1/thumb/v7e-m+fp/hard\libc_nano.a(libc_a-init.o)
                                                  board_bsp/CMakeFiles/board_vectors.dir/./Core/Startup/startup_stm32f411ceux.s.obj
                                                  C:/Project/stm32_workspace/project_stm32f4x/toolchains/armcc/bin/../lib/gcc/arm-none-eabi/14.2.1/thumb/v7e-m+fp/hard/crt0.o
__lock___arc4random_mutex                         C:/Project/stm32_workspace/project_stm32f4x/toolchains/armcc/bin/../lib/gcc/arm-none-eabi/14.2.1/thumb/v7e-m+fp/hard\libc_nano.a(libc_a-lock.o)
__lock___at_quick_exit_mutex                      C:/Project/stm32_workspace/project_stm32f4x/toolchains/armcc/bin/../lib/gcc/arm-none-eabi/14.2.1/thumb/v7e-m+fp/hard\libc_nano.a(libc_a-lock.o)
__lock___atexit_recursive_mutex                   C:/Project/stm32_workspace/project_stm32f4x/toolchains/armcc/bin/../lib/gcc/arm-none-eabi/14.2.1/thumb/v7e-m+fp/hard\libc_nano.a(libc_a-lock.o)
__lock___dd_hash_mutex                            C:/Project/stm32_workspace/project_stm32f4x/toolchains/armcc/bin/../lib/gcc/arm-none-eabi/14.2.1/thumb/v7e-m+fp/hard\libc_nano.a(libc_a-lock.o)
__lock___env_recursive_mutex                      C:/Project/stm32_workspace/project_stm32f4x/toolchains/armcc/bin/../lib/gcc/arm-none-eabi/14.2.1/thumb/v7e-m+fp/hard\libc_nano.a(libc_a-lock.o)
__lock___malloc_recursive_mutex                   C:/Project/stm32_workspace/project_stm32f4x/toolchains/armcc/bin/../lib/gcc/arm-none-eabi/14.2.1/thumb/v7e-m+fp/hard\libc_nano.a(libc_a-lock.o)
                                                  C:/Project/stm32_workspace/project_stm32f4x/toolchains/armcc/bin/../lib/gcc/arm-none-eabi/14.2.1/thumb/v7e-m+fp/hard\libc_nano.a(libc_a-mlock.o)
__lock___sfp_recursive_mutex                      C:/Project/stm32_workspace/project_stm32f4x/toolchains/armcc/bin/../lib/gcc/arm-none-eabi/14.2.1/thumb/v7e-m+fp/hard\libc_nano.a(libc_a-lock.o)
                                                  C:/Project/stm32_workspace/project_stm32f4x/toolchains/armcc/bin/../lib/gcc/arm-none-eabi/14.2.1/thumb/v7e-m+fp/hard\libc_nano.a(libc_a-findfp.o)
__lock___tz_mutex                                 C:/Project/stm32_workspace/project_stm32f4x/toolchains/armcc/bin/../lib/gcc/arm-none-eabi/14.2.1/thumb/v7e-m+fp/hard\libc_nano.a(libc_a-lock.o)
__malloc_free_list                                C:/Project/stm32_workspace/project_stm32f4x/toolchains/armcc/bin/../lib/gcc/arm-none-eabi/14.2.1/thumb/v7e-m+fp/hard\libc_nano.a(libc_a-mallocr.o)
                                                  C:/Project/stm32_workspace/project_stm32f4x/toolchains/armcc/bin/../lib/gcc/arm-none-eabi/14.2.1/thumb/v7e-m+fp/hard\libc_nano.a(libc_a-freer.o)
__malloc_lock                                     C:/Project/stm32_workspace/project_stm32f4x/toolchains/armcc/bin/../lib/gcc/arm-none-eabi/14.2.1/thumb/v7e-m+fp/hard\libc_nano.a(libc_a-mlock.o)
                                                  C:/Project/stm32_workspace/project_stm32f4x/toolchains/armcc/bin/../lib/gcc/arm-none-eabi/14.2.1/thumb/v7e-m+fp/hard\libc_nano.a(libc_a-mallocr.o)
                                                  C:/Project/stm32_workspace/project_stm32f4x/toolchains/armcc/bin/../lib/gcc/arm-none-eabi/14.2.1/thumb/v7e-m+fp/hard\libc_nano.a(libc_a-freer.o)
__malloc_sbrk_start                               C:/Project/stm32_workspace/project_stm32f4x/toolchains/armcc/bin/../lib/gcc/arm-none-eabi/14.2.1/thumb/v7e-m+fp/hard\libc_nano.a(libc_a-mallocr.o)
__malloc_unlock                                   C:/Project/stm32_workspace/project_stm32f4x/toolchains/armcc/bin/../lib/gcc/arm-none-eabi/14.2.1/thumb/v7e-m+fp/hard\libc_nano.a(libc_a-mlock.o)
                                                  C:/Project/stm32_workspace/project_stm32f4x/toolchains/armcc/bin/../lib/gcc/arm-none-eabi/14.2.1/thumb/v7e-m+fp/hard\libc_nano.a(libc_a-mallocr.o)
                                                  C:/Project/stm32_workspace/project_stm32f4x/toolchains/armcc/bin/../lib/gcc/arm-none-eabi/14.2.1/thumb/v7e-m+fp/hard\libc_nano.a(libc_a-freer.o)
__preinit_array_end                               C:/Project/stm32_workspace/project_stm32f4x/toolchains/armcc/bin/../lib/gcc/arm-none-eabi/14.2.1/thumb/v7e-m+fp/hard\libc_nano.a(libc_a-init.o)
__preinit_array_start                             C:/Project/stm32_workspace/project_stm32f4x/toolchains/armcc/bin/../lib/gcc/arm-none-eabi/14.2.1/thumb/v7e-m+fp/hard\libc_nano.a(libc_a-init.o)
__register_frame_info                             C:/Project/stm32_workspace/project_stm32f4x/toolchains/armcc/bin/../lib/gcc/arm-none-eabi/14.2.1/thumb/v7e-m+fp/hard/crtbegin.o
__retarget_lock_acquire                           C:/Project/stm32_workspace/project_stm32f4x/toolchains/armcc/bin/../lib/gcc/arm-none-eabi/14.2.1/thumb/v7e-m+fp/hard\libc_nano.a(libc_a-lock.o)
__retarget_lock_acquire_recursive                 C:/Project/stm32_workspace/project_stm32f4x/toolchains/armcc/bin/../lib/gcc/arm-none-eabi/14.2.1/thumb/v7e-m+fp/hard\libc_nano.a(libc_a-lock.o)
                                                  C:/Project/stm32_workspace/project_stm32f4x/toolchains/armcc/bin/../lib/gcc/arm-none-eabi/14.2.1/thumb/v7e-m+fp/hard\libc_nano.a(libc_a-fflush.o)
                                                  C:/Project/stm32_workspace/project_stm32f4x/toolchains/armcc/bin/../lib/gcc/arm-none-eabi/14.2.1/thumb/v7e-m+fp/hard\libc_nano.a(libc_a-mlock.o)
                                                  C:/Project/stm32_workspace/project_stm32f4x/toolchains/armcc/bin/../lib/gcc/arm-none-eabi/14.2.1/thumb/v7e-m+fp/hard\libc_nano.a(libc_a-findfp.o)
__retarget_lock_close                             C:/Project/stm32_workspace/project_stm32f4x/toolchains/armcc/bin/../lib/gcc/arm-none-eabi/14.2.1/thumb/v7e-m+fp/hard\libc_nano.a(libc_a-lock.o)
__retarget_lock_close_recursive                   C:/Project/stm32_workspace/project_stm32f4x/toolchains/armcc/bin/../lib/gcc/arm-none-eabi/14.2.1/thumb/v7e-m+fp/hard\libc_nano.a(libc_a-lock.o)
__retarget_lock_init                              C:/Project/stm32_workspace/project_stm32f4x/toolchains/armcc/bin/../lib/gcc/arm-none-eabi/14.2.1/thumb/v7e-m+fp/hard\libc_nano.a(libc_a-lock.o)
__retarget_lock_init_recursive                    C:/Project/stm32_workspace/project_stm32f4x/toolchains/armcc/bin/../lib/gcc/arm-none-eabi/14.2.1/thumb/v7e-m+fp/hard\libc_nano.a(libc_a-lock.o)
                                                  C:/Project/stm32_workspace/project_stm32f4x/toolchains/armcc/bin/../lib/gcc/arm-none-eabi/14.2.1/thumb/v7e-m+fp/hard\libc_nano.a(libc_a-findfp.o)
__retarget_lock_release                           C:/Project/stm32_workspace/project_stm32f4x/toolchains/armcc/bin/../lib/gcc/arm-none-eabi/14.2.1/thumb/v7e-m+fp/hard\libc_nano.a(libc_a-lock.o)
__retarget_lock_release_recursive                 C:/Project/stm32_workspace/project_stm32f4x/toolchains/armcc/bin/../lib/gcc/arm-none-eabi/14.2.1/thumb/v7e-m+fp/hard\libc_nano.a(libc_a-lock.o)
                                                  C:/Project/stm32_workspace/project_stm32f4x/toolchains/armcc/bin/../lib/gcc/arm-none-eabi/14.2.1/thumb/v7e-m+fp/hard\libc_nano.a(libc_a-fflush.o)
                                                  C:/Project/stm32_workspace/project_stm32f4x/toolchains/armcc/bin/../lib/gcc/arm-none-eabi/14.2.1/thumb/v7e-m+fp/hard\libc_nano.a(libc_a-mlock.o)
                                                  C:/Project/stm32_workspace/project_stm32f4x/toolchains/armcc/bin/../lib/gcc/arm-none-eabi/14.2.1/thumb/v7e-m+fp/hard\libc_nano.a(libc_a-findfp.o)
__retarget_lock_try_acquire                       C:/Project/stm32_workspace/project_stm32f4x/toolchains/armcc/bin/../lib/gcc/arm-none-eabi/14.2.1/thumb/v7e-m+fp/hard\libc_nano.a(libc_a-lock.o)
__retarget_lock_try_acquire_recursive             C:/Project/stm32_workspace/project_stm32f4x/toolchains/armcc/bin/../lib/gcc/arm-none-eabi/14.2.1/thumb/v7e-m+fp/hard\libc_nano.a(libc_a-lock.o)
__sclose                                          C:/Project/stm32_workspace/project_stm32f4x/toolchains/armcc/bin/../lib/gcc/arm-none-eabi/14.2.1/thumb/v7e-m+fp/hard\libc_nano.a(libc_a-stdio.o)
                                                  C:/Project/stm32_workspace/project_stm32f4x/toolchains/armcc/bin/../lib/gcc/arm-none-eabi/14.2.1/thumb/v7e-m+fp/hard\libc_nano.a(libc_a-findfp.o)
__seofread                                        C:/Project/stm32_workspace/project_stm32f4x/toolchains/armcc/bin/../lib/gcc/arm-none-eabi/14.2.1/thumb/v7e-m+fp/hard\libc_nano.a(libc_a-stdio.o)
__sf                                              C:/Project/stm32_workspace/project_stm32f4x/toolchains/armcc/bin/../lib/gcc/arm-none-eabi/14.2.1/thumb/v7e-m+fp/hard\libc_nano.a(libc_a-findfp.o)
                                                  C:/Project/stm32_workspace/project_stm32f4x/toolchains/armcc/bin/../lib/gcc/arm-none-eabi/14.2.1/thumb/v7e-m+fp/hard\libc_nano.a(libc_a-impure.o)
__sflush_r                                        C:/Project/stm32_workspace/project_stm32f4x/toolchains/armcc/bin/../lib/gcc/arm-none-eabi/14.2.1/thumb/v7e-m+fp/hard\libc_nano.a(libc_a-fflush.o)
__sfp                                             C:/Project/stm32_workspace/project_stm32f4x/toolchains/armcc/bin/../lib/gcc/arm-none-eabi/14.2.1/thumb/v7e-m+fp/hard\libc_nano.a(libc_a-findfp.o)
__sfp_lock_acquire                                C:/Project/stm32_workspace/project_stm32f4x/toolchains/armcc/bin/../lib/gcc/arm-none-eabi/14.2.1/thumb/v7e-m+fp/hard\libc_nano.a(libc_a-findfp.o)
__sfp_lock_release                                C:/Project/stm32_workspace/project_stm32f4x/toolchains/armcc/bin/../lib/gcc/arm-none-eabi/14.2.1/thumb/v7e-m+fp/hard\libc_nano.a(libc_a-findfp.o)
__sglue                                           C:/Project/stm32_workspace/project_stm32f4x/toolchains/armcc/bin/../lib/gcc/arm-none-eabi/14.2.1/thumb/v7e-m+fp/hard\libc_nano.a(libc_a-findfp.o)
                                                  C:/Project/stm32_workspace/project_stm32f4x/toolchains/armcc/bin/../lib/gcc/arm-none-eabi/14.2.1/thumb/v7e-m+fp/hard\libc_nano.a(libc_a-fflush.o)
__sinit                                           C:/Project/stm32_workspace/project_stm32f4x/toolchains/armcc/bin/../lib/gcc/arm-none-eabi/14.2.1/thumb/v7e-m+fp/hard\libc_nano.a(libc_a-findfp.o)
                                                  C:/Project/stm32_workspace/project_stm32f4x/toolchains/armcc/bin/../lib/gcc/arm-none-eabi/14.2.1/thumb/v7e-m+fp/hard\libc_nano.a(libc_a-fflush.o)
__sread                                           C:/Project/stm32_workspace/project_stm32f4x/toolchains/armcc/bin/../lib/gcc/arm-none-eabi/14.2.1/thumb/v7e-m+fp/hard\libc_nano.a(libc_a-stdio.o)
                                                  C:/Project/stm32_workspace/project_stm32f4x/toolchains/armcc/bin/../lib/gcc/arm-none-eabi/14.2.1/thumb/v7e-m+fp/hard\libc_nano.a(libc_a-findfp.o)
__sseek                                           C:/Project/stm32_workspace/project_stm32f4x/toolchains/armcc/bin/../lib/gcc/arm-none-eabi/14.2.1/thumb/v7e-m+fp/hard\libc_nano.a(libc_a-stdio.o)
                                                  C:/Project/stm32_workspace/project_stm32f4x/toolchains/armcc/bin/../lib/gcc/arm-none-eabi/14.2.1/thumb/v7e-m+fp/hard\libc_nano.a(libc_a-findfp.o)
__stack                                           C:/Project/stm32_workspace/project_stm32f4x/toolchains/armcc/bin/../lib/gcc/arm-none-eabi/14.2.1/thumb/v7e-m+fp/hard/crt0.o
__stdio_exit_handler                              C:/Project/stm32_workspace/project_stm32f4x/toolchains/armcc/bin/../lib/gcc/arm-none-eabi/14.2.1/thumb/v7e-m+fp/hard\libc_nano.a(libc_a-findfp.o)
                                                  C:/Project/stm32_workspace/project_stm32f4x/toolchains/armcc/bin/../lib/gcc/arm-none-eabi/14.2.1/thumb/v7e-m+fp/hard\libc_nano.a(libc_a-exit.o)
__swrite                                          C:/Project/stm32_workspace/project_stm32f4x/toolchains/armcc/bin/../lib/gcc/arm-none-eabi/14.2.1/thumb/v7e-m+fp/hard\libc_nano.a(libc_a-stdio.o)
                                                  C:/Project/stm32_workspace/project_stm32f4x/toolchains/armcc/bin/../lib/gcc/arm-none-eabi/14.2.1/thumb/v7e-m+fp/hard\libc_nano.a(libc_a-findfp.o)
__udivmoddi4                                      C:/Project/stm32_workspace/project_stm32f4x/toolchains/armcc/bin/../lib/gcc/arm-none-eabi/14.2.1/thumb/v7e-m+fp/hard\libgcc.a(_udivmoddi4.o)
                                                  C:/Project/stm32_workspace/project_stm32f4x/toolchains/armcc/bin/../lib/gcc/arm-none-eabi/14.2.1/thumb/v7e-m+fp/hard\libgcc.a(_aeabi_uldivmod.o)
_close                                            board_bsp/CMakeFiles/board_runtime.dir/./Core/Src/syscalls.c.obj
                                                  C:/Project/stm32_workspace/project_stm32f4x/toolchains/armcc/bin/../lib/gcc/arm-none-eabi/14.2.1/thumb/v7e-m+fp/hard\libc_nano.a(libc_a-closer.o)
_close_r                                          C:/Project/stm32_workspace/project_stm32f4x/toolchains/armcc/bin/../lib/gcc/arm-none-eabi/14.2.1/thumb/v7e-m+fp/hard\libc_nano.a(libc_a-closer.o)
                                                  C:/Project/stm32_workspace/project_stm32f4x/toolchains/armcc/bin/../lib/gcc/arm-none-eabi/14.2.1/thumb/v7e-m+fp/hard\libc_nano.a(libc_a-stdio.o)
_ebss                                             board_bsp/CMakeFiles/board_vectors.dir/./Core/Startup/startup_stm32f411ceux.s.obj
_edata                                            board_bsp/CMakeFiles/board_vectors.dir/./Core/Startup/startup_stm32f411ceux.s.obj
_end                                              board_bsp/CMakeFiles/board_runtime.dir/./Core/Src/sysmem.c.obj
_estack                                           board_bsp/CMakeFiles/board_vectors.dir/./Core/Startup/startup_stm32f411ceux.s.obj
                                                  board_bsp/CMakeFiles/board_runtime.dir/./Core/Src/sysmem.c.obj
_execve                                           board_bsp/CMakeFiles/board_runtime.dir/./Core/Src/syscalls.c.obj
_exit                                             board_bsp/CMakeFiles/board_runtime.dir/./Core/Src/syscalls.c.obj
                                                  C:/Project/stm32_workspace/project_stm32f4x/toolchains/armcc/bin/../lib/gcc/arm-none-eabi/14.2.1/thumb/v7e-m+fp/hard\libc_nano.a(libc_a-exit.o)
_fflush_r                                         C:/Project/stm32_workspace/project_stm32f4x/toolchains/armcc/bin/../lib/gcc/arm-none-eabi/14.2.1/thumb/v7e-m+fp/hard\libc_nano.a(libc_a-fflush.o)
                                                  C:/Project/stm32_workspace/project_stm32f4x/toolchains/armcc/bin/../lib/gcc/arm-none-eabi/14.2.1/thumb/v7e-m+fp/hard\libc_nano.a(libc_a-findfp.o)
_fini                                             C:/Project/stm32_workspace/project_stm32f4x/toolchains/armcc/bin/../lib/gcc/arm-none-eabi/14.2.1/thumb/v7e-m+fp/hard/crti.o
_fork                                             board_bsp/CMakeFiles/board_runtime.dir/./Core/Src/syscalls.c.obj
_free_r                                           C:/Project/stm32_workspace/project_stm32f4x/toolchains/armcc/bin/../lib/gcc/arm-none-eabi/14.2.1/thumb/v7e-m+fp/hard\libc_nano.a(libc_a-freer.o)
                                                  C:/Project/stm32_workspace/project_stm32f4x/toolchains/armcc/bin/../lib/gcc/arm-none-eabi/14.2.1/thumb/v7e-m+fp/hard\libc_nano.a(libc_a-fflush.o)
                                                  C:/Project/stm32_workspace/project_stm32f4x/toolchains/armcc/bin/../lib/gcc/arm-none-eabi/14.2.1/thumb/v7e-m+fp/hard\libc_nano.a(libc_a-reent.o)
_fstat                                            board_bsp/CMakeFiles/board_runtime.dir/./Core/Src/syscalls.c.obj
_fwalk_sglue                                      C:/Project/stm32_workspace/project_stm32f4x/toolchains/armcc/bin/../lib/gcc/arm-none-eabi/14.2.1/thumb/v7e-m+fp/hard\libc_nano.a(libc_a-fwalk.o)
                                                  C:/Project/stm32_workspace/project_stm32f4x/toolchains/armcc/bin/../lib/gcc/arm-none-eabi/14.2.1/thumb/v7e-m+fp/hard\libc_nano.a(libc_a-fflush.o)
                                                  C:/Project/stm32_workspace/project_stm32f4x/toolchains/armcc/bin/../lib/gcc/arm-none-eabi/14.2.1/thumb/v7e-m+fp/hard\libc_nano.a(libc_a-findfp.o)
_getpid                                           board_bsp/CMakeFiles/board_runtime.dir/./Core/Src/syscalls.c.obj
_impure_data                                      C:/Project/stm32_workspace/project_stm32f4x/toolchains/armcc/bin/../lib/gcc/arm-none-eabi/14.2.1/thumb/v7e-m+fp/hard\libc_nano.a(libc_a-impure.o)
                                                  C:/Project/stm32_workspace/project_stm32f4x/toolchains/armcc/bin/../lib/gcc/arm-none-eabi/14.2.1/thumb/v7e-m+fp/hard\libc_nano.a(libc_a-fflush.o)
                                                  C:/Project/stm32_workspace/project_stm32f4x/toolchains/armcc/bin/../lib/gcc/arm-none-eabi/14.2.1/thumb/v7e-m+fp/hard\libc_nano.a(libc_a-findfp.o)
_impure_ptr                                       C:/Project/stm32_workspace/project_stm32f4x/toolchains/armcc/bin/../lib/gcc/arm-none-eabi/14.2.1/thumb/v7e-m+fp/hard\libc_nano.a(libc_a-impure.o)
                                                  C:/Project/stm32_workspace/project_stm32f4x/toolchains/armcc/bin/../lib/gcc/arm-none-eabi/14.2.1/thumb/v7e-m+fp/hard\libg_nano.a(libc_a-errno.o)
                                                  C:/Project/stm32_workspace/project_stm32f4x/toolchains/armcc/bin/../lib/gcc/arm-none-eabi/14.2.1/thumb/v7e-m+fp/hard\libc_nano.a(libc_a-fflush.o)
                                                  C:/Project/stm32_workspace/project_stm32f4x/toolchains/armcc/bin/../lib/gcc/arm-none-eabi/14.2.1/thumb/v7e-m+fp/hard\libc_nano.a(libc_a-reent.o)
_init                                             C:/Project/stm32_workspace/project_stm32f4x/toolchains/armcc/bin/../lib/gcc/arm-none-eabi/14.2.1/thumb/v7e-m+fp/hard/crti.o
                                                  C:/Project/stm32_workspace/project_stm32f4x/toolchains/armcc/bin/../lib/gcc/arm-none-eabi/14.2.1/thumb/v7e-m+fp/hard\libc_nano.a(libc_a-init.o)
_isatty                                           board_bsp/CMakeFiles/board_runtime.dir/./Core/Src/syscalls.c.obj
_kill                                             board_bsp/CMakeFiles/board_runtime.dir/./Core/Src/syscalls.c.obj
_link                                             board_bsp/CMakeFiles/board_runtime.dir/./Core/Src/syscalls.c.obj
_lseek                                            board_bsp/CMakeFiles/board_runtime.dir/./Core/Src/syscalls.c.obj
                                                  C:/Project/stm32_workspace/project_stm32f4x/toolchains/armcc/bin/../lib/gcc/arm-none-eabi/14.2.1/thumb/v7e-m+fp/hard\libc_nano.a(libc_a-lseekr.o)
_lseek_r                                          C:/Project/stm32_workspace/project_stm32f4x/toolchains/armcc/bin/../lib/gcc/arm-none-eabi/14.2.1/thumb/v7e-m+fp/hard\libc_nano.a(libc_a-lseekr.o)
                                                  C:/Project/stm32_workspace/project_stm32f4x/toolchains/armcc/bin/../lib/gcc/arm-none-eabi/14.2.1/thumb/v7e-m+fp/hard\libc_nano.a(libc_a-stdio.o)
_mainCRTStartup                                   C:/Project/stm32_workspace/project_stm32f4x/toolchains/armcc/bin/../lib/gcc/arm-none-eabi/14.2.1/thumb/v7e-m+fp/hard/crt0.o
_malloc_r                                         C:/Project/stm32_workspace/project_stm32f4x/toolchains/armcc/bin/../lib/gcc/arm-none-eabi/14.2.1/thumb/v7e-m+fp/hard\libc_nano.a(libc_a-mallocr.o)
                                                  C:/Project/stm32_workspace/project_stm32f4x/toolchains/armcc/bin/../lib/gcc/arm-none-eabi/14.2.1/thumb/v7e-m+fp/hard\libc_nano.a(libc_a-findfp.o)
_open                                             board_bsp/CMakeFiles/board_runtime.dir/./Core/Src/syscalls.c.obj
_read                                             board_bsp/CMakeFiles/board_runtime.dir/./Core/Src/syscalls.c.obj
                                                  C:/Project/stm32_workspace/project_stm32f4x/toolchains/armcc/bin/../lib/gcc/arm-none-eabi/14.2.1/thumb/v7e-m+fp/hard\libc_nano.a(libc_a-readr.o)
_read_r                                           C:/Project/stm32_workspace/project_stm32f4x/toolchains/armcc/bin/../lib/gcc/arm-none-eabi/14.2.1/thumb/v7e-m+fp/hard\libc_nano.a(libc_a-readr.o)
                                                  C:/Project/stm32_workspace/project_stm32f4x/toolchains/armcc/bin/../lib/gcc/arm-none-eabi/14.2.1/thumb/v7e-m+fp/hard\libc_nano.a(libc_a-stdio.o)
_reclaim_reent                                    C:/Project/stm32_workspace/project_stm32f4x/toolchains/armcc/bin/../lib/gcc/arm-none-eabi/14.2.1/thumb/v7e-m+fp/hard\libc_nano.a(libc_a-reent.o)
_sbrk                                             board_bsp/CMakeFiles/board_runtime.dir/./Core/Src/sysmem.c.obj