Archive member included to satisfy reference by file (symbol)

C:/Project/stm32_workspace/project_stm32f4x/toolchains/armcc/bin/../lib/gcc/arm-none-eabi/14.2.1/thumb/v7e-m+fp/hard\libc_nano.a(libc_a-exit.o)
                              C:/Project/stm32_workspace/project_stm32f4x/toolchains/armcc/bin/../lib/gcc/arm-none-eabi/14.2.1/thumb/v7e-m+fp/hard/crt0.o (exit)
C:/Project/stm32_workspace/project_stm32f4x/toolchains/armcc/bin/../lib/gcc/arm-none-eabi/14.2.1/thumb/v7e-m+fp/hard\libc_nano.a(libc_a-findfp.o)
                              C:/Project/stm32_workspace/project_stm32f4x/toolchains/armcc/bin/../lib/gcc/arm-none-eabi/14.2.1/thumb/v7e-m+fp/hard\libc_nano.a(libc_a-exit.o) (__stdio_exit_handler)
C:/Project/stm32_workspace/project_stm32f4x/toolchains/armcc/bin/../lib/gcc/arm-none-eabi/14.2.1/thumb/v7e-m+fp/hard\libc_nano.a(libc_a-fwalk.o)
                              C:/Project/stm32_workspace/project_stm32f4x/toolchains/armcc/bin/../lib/gcc/arm-none-eabi/14.2.1/thumb/v7e-m+fp/hard\libc_nano.a(libc_a-findfp.o) (_fwalk_sglue)
C:/Project/stm32_workspace/project_stm32f4x/toolchains/armcc/bin/../lib/gcc/arm-none-eabi/14.2.1/thumb/v7e-m+fp/hard\libc_nano.a(libc_a-stdio.o)
                              C:/Project/stm32_workspace/project_stm32f4x/toolchains/armcc/bin/../lib/gcc/arm-none-eabi/14.2.1/thumb/v7e-m+fp/hard\libc_nano.a(libc_a-findfp.o) (__sread)
C:/Project/stm32_workspace/project_stm32f4x/toolchains/armcc/bin/../lib/gcc/arm-none-eabi/14.2.1/thumb/v7e-m+fp/hard\libc_nano.a(libc_a-memset.o)
                              C:/Project/stm32_workspace/project_stm32f4x/toolchains/armcc/bin/../lib/gcc/arm-none-eabi/14.2.1/thumb/v7e-m+fp/hard/crt0.o (memset)
C:/Project/stm32_workspace/project_stm32f4x/toolchains/armcc/bin/../lib/gcc/arm-none-eabi/14.2.1/thumb/v7e-m+fp/hard\libc_nano.a(libc_a-closer.o)
                              C:/Project/stm32_workspace/project_stm32f4x/toolchains/armcc/bin/../lib/gcc/arm-none-eabi/14.2.1/thumb/v7e-m+fp/hard\libc_nano.a(libc_a-stdio.o) (_close_r)
C:/Project/stm32_workspace/project_stm32f4x/toolchains/armcc/bin/../lib/gcc/arm-none-eabi/14.2.1/thumb/v7e-m+fp/hard\libc_nano.a(libc_a-reent.o)
                              C:/Project/stm32_workspace/project_stm32f4x/toolchains/armcc/bin/../lib/gcc/arm-none-eabi/14.2.1/thumb/v7e-m+fp/hard\libc_nano.a(libc_a-closer.o) (errno)
C:/Project/stm32_workspace/project_stm32f4x/toolchains/armcc/bin/../lib/gcc/arm-none-eabi/14.2.1/thumb/v7e-m+fp/hard\libc_nano.a(libc_a-impure.o)
                              C:/Project/stm32_workspace/project_stm32f4x/toolchains/armcc/bin/../lib/gcc/arm-none-eabi/14.2.1/thumb/v7e-m+fp/hard\libc_nano.a(libc_a-reent.o) (_impure_ptr)
C:/Project/stm32_workspace/project_stm32f4x/toolchains/armcc/bin/../lib/gcc/arm-none-eabi/14.2.1/thumb/v7e-m+fp/hard\libc_nano.a(libc_a-lseekr.o)
                              C:/Project/stm32_workspace/project_stm32f4x/toolchains/armcc/bin/../lib/gcc/arm-none-eabi/14.2.1/thumb/v7e-m+fp/hard\libc_nano.a(libc_a-stdio.o) (_lseek_r)
C:/Project/stm32_workspace/project_stm32f4x/toolchains/armcc/bin/../lib/gcc/arm-none-eabi/14.2.1/thumb/v7e-m+fp/hard\libc_nano.a(libc_a-readr.o)
                              C:/Project/stm32_workspace/project_stm32f4x/toolchains/armcc/bin/../lib/gcc/arm-none-eabi/14.2.1/thumb/v7e-m+fp/hard\libc_nano.a(libc_a-stdio.o) (_read_r)
C:/Project/stm32_workspace/project_stm32f4x/toolchains/armcc/bin/../lib/gcc/arm-none-eabi/14.2.1/thumb/v7e-m+fp/hard\libc_nano.a(libc_a-writer.o)
                              C:/Project/stm32_workspace/project_stm32f4x/toolchains/armcc/bin/../lib/gcc/arm-none-eabi/14.2.1/thumb/v7e-m+fp/hard\libc_nano.a(libc_a-stdio.o) (_write_r)
C:/Project/stm32_workspace/project_stm32f4x/toolchains/armcc/bin/../lib/gcc/arm-none-eabi/14.2.1/thumb/v7e-m+fp/hard\libc_nano.a(libc_a-init.o)
                              C:/Project/stm32_workspace/project_stm32f4x/toolchains/armcc/bin/../lib/gcc/arm-none-eabi/14.2.1/thumb/v7e-m+fp/hard/crt0.o (__libc_init_array)
C:/Project/stm32_workspace/project_stm32f4x/toolchains/armcc/bin/../lib/gcc/arm-none-eabi/14.2.1/thumb/v7e-m+fp/hard\libc_nano.a(libc_a-lock.o)
                              C:/Project/stm32_workspace/project_stm32f4x/toolchains/armcc/bin/../lib/gcc/arm-none-eabi/14.2.1/thumb/v7e-m+fp/hard\libc_nano.a(libc_a-findfp.o) (__retarget_lock_init_recursive)
C:/Project/stm32_workspace/project_stm32f4x/toolchains/armcc/bin/../lib/gcc/arm-none-eabi/14.2.1/thumb/v7e-m+fp/hard\libc_nano.a(libc_a-freer.o)
                              C:/Project/stm32_workspace/project_stm32f4x/toolchains/armcc/bin/../lib/gcc/arm-none-eabi/14.2.1/thumb/v7e-m+fp/hard\libc_nano.a(libc_a-reent.o) (_free_r)
C:/Project/stm32_workspace/project_stm32f4x/toolchains/armcc/bin/../lib/gcc/arm-none-eabi/14.2.1/thumb/v7e-m+fp/hard\libc_nano.a(libc_a-mallocr.o)
[...]
Memory Configuration

Name             Origin             Length             Attributes
RAM              0x20000000         0x00020000         xrw
FLASH            0x08000000         0x00080000         xr
*default*        0x00000000         0xffffffff

Linker script and memory map

LOAD C:/Project/stm32_workspace/project_stm32f4x/toolchains/armcc/bin/../lib/gcc/arm-none-eabi/14.2.1/thumb/v7e-m+fp/hard/crti.o
LOAD C:/Project/stm32_workspace/project_stm32f4x/toolchains/armcc/bin/../lib/gcc/arm-none-eabi/14.2.1/thumb/v7e-m+fp/hard/crtbegin.o
LOAD C:/Project/stm32_workspace/project_stm32f4x/toolchains/armcc/bin/../lib/gcc/arm-none-eabi/14.2.1/thumb/v7e-m+fp/hard/crt0.o
LOAD C:/Project/stm32_workspace/project_stm32f4x/toolchains/armcc/bin/../lib/gcc/arm-none-eabi/14.2.1/thumb/v7e-m+fp/hard\libc_nano.a
LOAD C:/Project/stm32_workspace/project_stm32f4x/toolchains/armcc/bin/../lib/gcc/arm-none-eabi/14.2.1/thumb/v7e-m+fp/hard\libm.a
LOAD CMakeFiles/sd_card_F411CEU6.dir/drivers/boards/F411CEU6/Core/Src/main.c.obj
LOAD board_bsp/CMakeFiles/board_runtime.dir/./Core/Src/syscalls.c.obj
LOAD board_bsp/CMakeFiles/board_runtime.dir/./Core/Src/sysmem.c.obj
LOAD board_bsp/CMakeFiles/board_vectors.dir/./Core/Startup/startup_stm32f411ceux.s.obj
LOAD board_bsp/CMakeFiles/board_vectors.dir/./Core/Src/stm32f4xx_it.c.obj
LOAD libapp_sd_card.a
LOAD fatfs/libservices_fatfs.a
LOAD board_bsp/libcore.a
LOAD board_bsp/libhal.a
LOAD board_bsp/libcmsis.a
START GROUP
LOAD C:/Project/stm32_workspace/project_stm32f4x/toolchains/armcc/bin/../lib/gcc/arm-none-eabi/14.2.1/thumb/v7e-m+fp/hard\libgcc.a
LOAD C:/Project/stm32_workspace/project_stm32f4x/toolchains/armcc/bin/../lib/gcc/arm-none-eabi/14.2.1/thumb/v7e-m+fp/hard\libg_nano.a
LOAD C:/Project/stm32_workspace/project_stm32f4x/toolchains/armcc/bin/../lib/gcc/arm-none-eabi/14.2.1/thumb/v7e-m+fp/hard\libc_nano.a
END GROUP
START GROUP
LOAD C:/Project/stm32_workspace/project_stm32f4x/toolchains/armcc/bin/../lib/gcc/arm-none-eabi/14.2.1/thumb/v7e-m+fp/hard\libgcc.a
LOAD C:/Project/stm32_workspace/project_stm32f4x/toolchains/armcc/bin/../lib/gcc/arm-none-eabi/14.2.1/thumb/v7e-m+fp/hard\libc_nano.a
END GROUP
LOAD C:/Project/stm32_workspace/project_stm32f4x/toolchains/armcc/bin/../lib/gcc/arm-none-eabi/14.2.1/thumb/v7e-m+fp/hard/crtend.o
LOAD C:/Project/stm32_workspace/project_stm32f4x/toolchains/armcc/bin/../lib/gcc/arm-none-eabi/14.2.1/thumb/v7e-m+fp/hard/crtn.o
                0x20020000                        _estack = (ORIGIN (RAM) + LENGTH (RAM))
                0x00000200                        _Min_Heap_Size = 0x200
                0x00000400                        _Min_Stack_Size = 0x400

.isr_vector     0x08000000      0x198
                0x08000000                        . = ALIGN (0x4)
 *(.isr_vector)
 .isr_vector    0x08000000      0x198 board_bsp/CMakeFiles/board_vectors.dir/./Core/Startup/startup_stm32f411ceux.s.obj
                0x08000000                g_pfnVectors
                0x08000198                        . = ALIGN (0x4)

.text           0x08000198     0x3360
                0x08000198                        . = ALIGN (0x4)
 *(.text)
 .text          0x08000198       0x30 C:/Project/stm32_workspace/project_stm32f4x/toolchains/armcc/bin/../lib/gcc/arm-none-eabi/14.2.1/thumb/v7e-m+fp/hard\libgcc.a(_aeabi_uldivmod.o)
                0x08000198                __aeabi_uldivmod
 .text          0x080001c8        0x4 C:/Project/stm32_workspace/project_stm32f4x/toolchains/armcc/bin/../lib/gcc/arm-none-eabi/14.2.1/thumb/v7e-m+fp/hard\libgcc.a(_dvmd_tls.o)
                0x080001c8                __aeabi_idiv0
                0x080001c8                __aeabi_ldiv0
 .text          0x080001cc       0x14 C:/Project/stm32_workspace/project_stm32f4x/toolchains/armcc/bin/../lib/gcc/arm-none-eabi/14.2.1/thumb/v7e-m+fp/hard\libg_nano.a(libc_a-strcmp.o)
                0x080001cc                strcmp
 *(.text*)
 .text.deregister_tm_clones
                0x080001e0       0x1c C:/Project/stm32_workspace/project_stm32f4x/toolchains/armcc/bin/../lib/gcc/arm-none-eabi/14.2.1/thumb/v7e-m+fp/hard/crtbegin.o
 .text.register_tm_clones
                0x080001fc       0x24 C:/Project/stm32_workspace/project_stm32f4x/toolchains/armcc/bin/../lib/gcc/arm-none-eabi/14.2.1/thumb/v7e-m+fp/hard/crtbegin.o
 .text.__do_global_dtors_aux
                0x08000220       0x28 C:/Project/stm32_workspace/project_stm32f4x/toolchains/armcc/bin/../lib/gcc/arm-none-eabi/14.2.1/thumb/v7e-m+fp/hard/crtbegin.o
 .text.frame_dummy
                0x08000248       0x24 C:/Project/stm32_workspace/project_stm32f4x/toolchains/armcc/bin/../lib/gcc/arm-none-eabi/14.2.1/thumb/v7e-m+fp/hard/crtbegin.o
 .text.memset   0x0800026c       0x10 C:/Project/stm32_workspace/project_stm32f4x/toolchains/armcc/bin/../lib/gcc/arm-none-eabi/14.2.1/thumb/v7e-m+fp/hard\libc_nano.a(libc_a-memset.o)
                0x0800026c                memset
 .text.__libc_init_array
                0x0800027c       0x48 C:/Project/stm32_workspace/project_stm32f4x/toolchains/armcc/bin/../lib/gcc/arm-none-eabi/14.2.1/thumb/v7e-m+fp/hard\libc_nano.a(libc_a-init.o)
                0x0800027c                __libc_init_array
 .text.Error_Handler
                0x080002c4        0x4 CMakeFiles/sd_card_F411CEU6.dir/drivers/boards/F411CEU6/Core/Src/main.c.obj
                0x080002c4                Error_Handler
 .text.SystemClock_Config
                0x080002c8       0xa4 CMakeFiles/sd_card_F411CEU6.dir/drivers/boards/F411CEU6/Core/Src/main.c.obj
                0x080002c8                SystemClock_Config
 .text.main     0x0800036c       0x1c CMakeFiles/sd_card_F411CEU6.dir/drivers/boards/F411CEU6/Core/Src/main.c.obj
                0x0800036c                main
 .text.Reset_Handler
                0x08000388       0x50 board_bsp/CMakeFiles/board_vectors.dir/./Core/Startup/startup_stm32f411ceux.s.obj
                0x08000388                Reset_Handler
 .text.Default_Handler
                0x080003d8        0x2 board_bsp/CMakeFiles/board_vectors.dir/./Core/Startup/startup_stm32f411ceux.s.obj
                0x080003d8                RTC_Alarm_IRQHandler
                0x080003d8                EXTI2_IRQHandler
                0x080003d8                SPI4_IRQHandler
                0x080003d8                TIM1_CC_IRQHandler
                0x080003d8                DMA2_Stream5_IRQHandler
                0x080003d8                DMA1_Stream5_IRQHandler
                0x080003d8                PVD_IRQHandler
                0x080003d8                SDIO_IRQHandler
                0x080003d8                TAMP_STAMP_IRQHandler
                0x080003d8                EXTI3_IRQHandler
                0x080003d8                TIM1_UP_TIM10_IRQHandler
                0x080003d8                I2C3_ER_IRQHandler
                0x080003d8                I2C2_EV_IRQHandler
                0x080003d8                DMA1_Stream2_IRQHandler
                0x080003d8                FPU_IRQHandler
                0x080003d8                DMA2_Stream2_IRQHandler
                0x080003d8                SPI1_IRQHandler
                0x080003d8                TIM1_BRK_TIM9_IRQHandler
                0x080003d8                DMA2_Stream3_IRQHandler
                0x080003d8                USART6_IRQHandler
                0x080003d8                DMA2_Stream0_IRQHandler
                0x080003d8                TIM4_IRQHandler
                0x080003d8                I2C1_EV_IRQHandler
                0x080003d8                DMA1_Stream6_IRQHandler
                0x080003d8                DMA1_Stream1_IRQHandler
                0x080003d8                TIM3_IRQHandler
                0x080003d8                RCC_IRQHandler
                0x080003d8                Default_Handler
                0x080003d8                EXTI15_10_IRQHandler
                0x080003d8                ADC_IRQHandler
                0x080003d8                DMA1_Stream7_IRQHandler
                0x080003d8                SPI5_IRQHandler
                0x080003d8                TIM5_IRQHandler
                0x080003d8                DMA2_Stream7_IRQHandler
                0x080003d8                I2C3_EV_IRQHandler
                0x080003d8                EXTI9_5_IRQHandler
                0x080003d8                RTC_WKUP_IRQHandler
                0x080003d8                SPI2_IRQHandler
                0x080003d8                DMA1_Stream0_IRQHandler
                0x080003d8                EXTI4_IRQHandler
                0x080003d8                WWDG_IRQHandler
                0x080003d8                TIM2_IRQHandler
                0x080003d8                OTG_FS_WKUP_IRQHandler
                0x080003d8                TIM1_TRG_COM_TIM11_IRQHandler
                0x080003d8                EXTI1_IRQHandler
                0x080003d8                USART2_IRQHandler
                0x080003d8                I2C2_ER_IRQHandler
                0x080003d8                DMA2_Stream1_IRQHandler
                0x080003d8                FLASH_IRQHandler
                0x080003d8                DMA2_Stream4_IRQHandler
                0x080003d8                USART1_IRQHandler
                0x080003d8                OTG_FS_IRQHandler
                0x080003d8                SPI3_IRQHandler
                0x080003d8                DMA1_Stream4_IRQHandler
                0x080003d8                I2C1_ER_IRQHandler
                0x080003d8                DMA2_Stream6_IRQHandler
                0x080003d8                DMA1_Stream3_IRQHandler
 .text.NMI_Handler
                0x080003da        0x2 board_bsp/CMakeFiles/board_vectors.dir/./Core/Src/stm32f4xx_it.c.obj
                0x080003da                NMI_Handler
 .text.HardFault_Handler
                0x080003dc        0x2 board_bsp/CMakeFiles/board_vectors.dir/./Core/Src/stm32f4xx_it.c.obj
                0x080003dc                HardFault_Handler
 .text.MemManage_Handler
                0x080003de        0x2 board_bsp/CMakeFiles/board_vectors.dir/./Core/Src/stm32f4xx_it.c.obj
                0x080003de                MemManage_Handler
 .text.BusFault_Handler
                0x080003e0        0x2 board_bsp/CMakeFiles/board_vectors.dir/./Core/Src/stm32f4xx_it.c.obj
                0x080003e0                BusFault_Handler
 .text.UsageFault_Handler
                0x080003e2        0x2 board_bsp/CMakeFiles/board_vectors.dir/./Core/Src/stm32f4xx_it.c.obj
                0x080003e2                UsageFault_Handler
 .text.SVC_Handler
                0x080003e4        0x2 board_bsp/CMakeFiles/board_vectors.dir/./Core/Src/stm32f4xx_it.c.obj
                0x080003e4                SVC_Handler
 .text.DebugMon_Handler
                0x080003e6        0x2 board_bsp/CMakeFiles/board_vectors.dir/./Core/Src/stm32f4xx_it.c.obj
                0x080003e6                DebugMon_Handler
 .text.PendSV_Handler
                0x080003e8        0x2 board_bsp/CMakeFiles/board_vectors.dir/./Core/Src/stm32f4xx_it.c.obj
                0x080003e8                PendSV_Handler
 .text.SysTick_Handler
                0x080003ea        0x8 board_bsp/CMakeFiles/board_vectors.dir/./Core/Src/stm32f4xx_it.c.obj
                0x080003ea                SysTick_Handler
 .text.EXTI0_IRQHandler
                0x080003f2        0xa board_bsp/CMakeFiles/board_vectors.dir/./Core/Src/stm32f4xx_it.c.obj
                0x080003f2                EXTI0_IRQHandler
 .text.app_init
                0x080003fc      0x114 libapp_sd_card.a(app.c.obj)
                0x080003fc                app_init
 .text.app_process
                0x08000510       0x54 libapp_sd_card.a(app.c.obj)
                0x08000510                app_process
 .text.ld_word  0x08000564        0xa fatfs/libservices_fatfs.a(ff.c.obj)
 .text.ld_dword
                0x0800056e       0x16 fatfs/libservices_fatfs.a(ff.c.obj)
 .text.st_word  0x08000584        0x8 fatfs/libservices_fatfs.a(ff.c.obj)
 .text.st_dword
                0x0800058c       0x14 fatfs/libservices_fatfs.a(ff.c.obj)
 .text.dbc_1st  0x080005a0        0x4 fatfs/libservices_fatfs.a(ff.c.obj)
 .text.dbc_2nd  0x080005a4        0x4 fatfs/libservices_fatfs.a(ff.c.obj)
 .text.clst2sect
                0x080005a8       0x18 fatfs/libservices_fatfs.a(ff.c.obj)
 .text.ld_clust
                0x080005c0       0x26 fatfs/libservices_fatfs.a(ff.c.obj)
 .text.st_clust
                0x080005e6       0x26 fatfs/libservices_fatfs.a(ff.c.obj)
 .text.get_ldnumber
                0x0800060c       0x56 fatfs/libservices_fatfs.a(ff.c.obj)
 .text.validate
                0x08000662       0x46 fatfs/libservices_fatfs.a(ff.c.obj)
 .text.sync_window
                0x080006a8       0x48 fatfs/libservices_fatfs.a(ff.c.obj)
 .text.move_window
                0x080006f0       0x36 fatfs/libservices_fatfs.a(ff.c.obj)
 *fill*         0x08000726        0x2 
 .text.check_fs
                0x08000728       0xd4 fatfs/libservices_fatfs.a(ff.c.obj)
 .text.find_volume
                0x080007fc       0x70 fatfs/libservices_fatfs.a(ff.c.obj)
 .text.mount_volume
                0x0800086c      0x2b0 fatfs/libservices_fatfs.a(ff.c.obj)
 .text.put_fat  0x08000b1c      0x104 fatfs/libservices_fatfs.a(ff.c.obj)
 .text.get_fat  0x08000c20       0xd0 fatfs/libservices_fatfs.a(ff.c.obj)
 .text.dir_sdi  0x08000cf0       0xac fatfs/libservices_fatfs.a(ff.c.obj)
 .text.create_chain
                0x08000d9c      0x122 fatfs/libservices_fatfs.a(ff.c.obj)
 .text.remove_chain
                0x08000ebe       0x7e fatfs/libservices_fatfs.a(ff.c.obj)
 .text.dir_clear
                0x08000f3c       0x52 fatfs/libservices_fatfs.a(ff.c.obj)
 .text.dir_next
                0x08000f8e       0xc8 fatfs/libservices_fatfs.a(ff.c.obj)
 .text.dir_find
                0x08001056       0x5a fatfs/libservices_fatfs.a(ff.c.obj)
 .text.dir_alloc
                0x080010b0       0x50 fatfs/libservices_fatfs.a(ff.c.obj)
 .text.create_name
                0x08001100      0x11c fatfs/libservices_fatfs.a(ff.c.obj)
 .text.follow_path
                0x0800121c       0x8c fatfs/libservices_fatfs.a(ff.c.obj)
 .text.dir_register
                0x080012a8       0x46 fatfs/libservices_fatfs.a(ff.c.obj)
 *fill*         0x080012ee        0x2 
 .text.sync_fs  0x080012f0       0x8c fatfs/libservices_fatfs.a(ff.c.obj)
 .text.f_mount  0x0800137c       0x58 fatfs/libservices_fatfs.a(ff.c.obj)
                0x0800137c                f_mount
 .text.f_open   0x080013d4      0x1f4 fatfs/libservices_fatfs.a(ff.c.obj)
                0x080013d4                f_open
 .text.f_read   0x080015c8      0x1b6 fatfs/libservices_fatfs.a(ff.c.obj)
                0x080015c8                f_read
 .text.f_write  0x0800177e      0x1f0 fatfs/libservices_fatfs.a(ff.c.obj)
                0x0800177e                f_write
 *fill*         0x0800196e        0x2 
 .text.f_sync   0x08001970       0x94 fatfs/libservices_fatfs.a(ff.c.obj)
                0x08001970                f_sync
 .text.f_close  0x08001a04       0x20 fatfs/libservices_fatfs.a(ff.c.obj)
                0x08001a04                f_close
 .text.disk_status
                0x08001a24        0xe fatfs/libservices_fatfs.a(diskio.c.obj)
                0x08001a24                disk_status
 .text.disk_initialize
                0x08001a32        0xe fatfs/libservices_fatfs.a(diskio.c.obj)
                0x08001a32                disk_initialize
 .text.disk_read
                0x08001a40        0xe fatfs/libservices_fatfs.a(diskio.c.obj)
                0x08001a40                disk_read
 .text.disk_write
                0x08001a4e        0xe fatfs/libservices_fatfs.a(diskio.c.obj)
                0x08001a4e                disk_write
 .text.disk_ioctl
                0x08001a5c        0xe fatfs/libservices_fatfs.a(diskio.c.obj)
                0x08001a5c                disk_ioctl
 *fill*         0x08001a6a        0x2 
 .text.SD_SPI_Speed_Low
                0x08001a6c       0x14 fatfs/libservices_fatfs.a(fatfs_sd.c.obj)
 .text.SD_SPI_Speed_High
                0x08001a80       0x14 fatfs/libservices_fatfs.a(fatfs_sd.c.obj)
 .text.SPI_RxByte
                0x08001a94       0x34 fatfs/libservices_fatfs.a(fatfs_sd.c.obj)
 .text.SD_Ready
                0x08001ac8       0x1e fatfs/libservices_fatfs.a(fatfs_sd.c.obj)
 *fill*         0x08001ae6        0x2 
 .text.SD_Deselect
                0x08001ae8       0x18 fatfs/libservices_fatfs.a(fatfs_sd.c.obj)
 .text.SD_Select
                0x08001b00       0x28 fatfs/libservices_fatfs.a(fatfs_sd.c.obj)
 .text.SD_RxDataBlock
                0x08001b28       0x36 fatfs/libservices_fatfs.a(fatfs_sd.c.obj)
 *fill*         0x08001b5e        0x2 
 .text.SPI_TxByte
                0x08001b60       0x24 fatfs/libservices_fatfs.a(fatfs_sd.c.obj)
 .text.SD_SendCmd
                0x08001b84       0x84 fatfs/libservices_fatfs.a(fatfs_sd.c.obj)
 .text.SD_TxDataBlock
                0x08001c08       0x4e fatfs/libservices_fatfs.a(fatfs_sd.c.obj)
 *fill*         0x08001c56        0x2 
 .text.SD_disk_status
                0x08001c58       0x14 fatfs/libservices_fatfs.a(fatfs_sd.c.obj)
                0x08001c58                SD_disk_status
 .text.SD_disk_initialize
                0x08001c6c      0x174 fatfs/libservices_fatfs.a(fatfs_sd.c.obj)
                0x08001c6c                SD_disk_initialize
 .text.SD_disk_read
                0x08001de0       0x8c fatfs/libservices_fatfs.a(fatfs_sd.c.obj)
                0x08001de0                SD_disk_read
 .text.SD_disk_write
                0x08001e6c       0xa0 fatfs/libservices_fatfs.a(fatfs_sd.c.obj)
                0x08001e6c                SD_disk_write
 .text.SD_disk_ioctl
                0x08001f0c      0x10c fatfs/libservices_fatfs.a(fatfs_sd.c.obj)
                0x08001f0c                SD_disk_ioctl
 .text.MX_GPIO_Init
                0x08002018       0xbc board_bsp/libcore.a(gpio.c.obj)
                0x08002018                MX_GPIO_Init
 .text.MX_SPI1_Init
                0x080020d4       0x44 board_bsp/libcore.a(spi.c.obj)
                0x080020d4                MX_SPI1_Init
 .text.HAL_SPI_MspInit
                0x08002118       0x70 board_bsp/libcore.a(spi.c.obj)
                0x08002118                HAL_SPI_MspInit
 .text.HAL_MspInit
                0x08002188        0x2 board_bsp/libhal.a(stm32f4xx_hal.c.obj)
                0x08002188                HAL_MspInit
 *fill*         0x0800218a        0x2 
 .text.HAL_InitTick
                0x0800218c       0x4c board_bsp/libhal.a(stm32f4xx_hal.c.obj)
                0x0800218c                HAL_InitTick
 .text.HAL_Init
                0x080021d8       0x34 board_bsp/libhal.a(stm32f4xx_hal.c.obj)
                0x080021d8                HAL_Init
 .text.HAL_IncTick
                0x0800220c       0x18 board_bsp/libhal.a(stm32f4xx_hal.c.obj)
                0x0800220c                HAL_IncTick
 .text.HAL_GetTick
                0x08002224        0xc board_bsp/libhal.a(stm32f4xx_hal.c.obj)
                0x08002224                HAL_GetTick
 .text.__NVIC_EnableIRQ
                0x08002230       0x1c board_bsp/libhal.a(stm32f4xx_hal_cortex.c.obj)
 .text.__NVIC_SetPriority
                0x0800224c       0x28 board_bsp/libhal.a(stm32f4xx_hal_cortex.c.obj)
 .text.NVIC_EncodePriority
                0x08002274       0x3e board_bsp/libhal.a(stm32f4xx_hal_cortex.c.obj)
 *fill*         0x080022b2        0x2 
 .text.HAL_NVIC_SetPriorityGrouping
                0x080022b4       0x24 board_bsp/libhal.a(stm32f4xx_hal_cortex.c.obj)
                0x080022b4                HAL_NVIC_SetPriorityGrouping
 .text.HAL_NVIC_SetPriority
                0x080022d8       0x20 board_bsp/libhal.a(stm32f4xx_hal_cortex.c.obj)
                0x080022d8                HAL_NVIC_SetPriority
 .text.HAL_NVIC_EnableIRQ
                0x080022f8        0x8 board_bsp/libhal.a(stm32f4xx_hal_cortex.c.obj)
                0x080022f8                HAL_NVIC_EnableIRQ
 .text.HAL_SYSTICK_Config
                0x08002300       0x28 board_bsp/libhal.a(stm32f4xx_hal_cortex.c.obj)
                0x08002300                HAL_SYSTICK_Config
 .text.HAL_GPIO_Init
                0x08002328      0x1c8 board_bsp/libhal.a(stm32f4xx_hal_gpio.c.obj)
                0x08002328                HAL_GPIO_Init
 .text.HAL_GPIO_WritePin
                0x080024f0        0xc board_bsp/libhal.a(stm32f4xx_hal_gpio.c.obj)
                0x080024f0                HAL_GPIO_WritePin
 .text.HAL_GPIO_TogglePin
                0x080024fc       0x12 board_bsp/libhal.a(stm32f4xx_hal_gpio.c.obj)
                0x080024fc                HAL_GPIO_TogglePin
 .text.HAL_GPIO_EXTI_Callback
                0x0800250e        0x2 board_bsp/libhal.a(stm32f4xx_hal_gpio.c.obj)
                0x0800250e                HAL_GPIO_EXTI_Callback
 .text.HAL_GPIO_EXTI_IRQHandler
                0x08002510       0x1c board_bsp/libhal.a(stm32f4xx_hal_gpio.c.obj)
                0x08002510                HAL_GPIO_EXTI_IRQHandler
 .text.HAL_RCC_OscConfig
                0x0800252c      0x3f8 board_bsp/libhal.a(stm32f4xx_hal_rcc.c.obj)
                0x0800252c                HAL_RCC_OscConfig
 .text.HAL_RCC_GetSysClockFreq
                0x08002924       0xdc board_bsp/libhal.a(stm32f4xx_hal_rcc.c.obj)
                0x08002924                HAL_RCC_GetSysClockFreq
 .text.HAL_RCC_ClockConfig
                0x08002a00      0x160 board_bsp/libhal.a(stm32f4xx_hal_rcc.c.obj)
                0x08002a00                HAL_RCC_ClockConfig
 .text.SPI_WaitFlagStateUntilTimeout
                0x08002b60       0xc8 board_bsp/libhal.a(stm32f4xx_hal_spi.c.obj)
 .text.SPI_EndRxTxTransaction
                0x08002c28       0x80 board_bsp/libhal.a(stm32f4xx_hal_spi.c.obj)
 .text.HAL_SPI_Init
                0x08002ca8       0xbe board_bsp/libhal.a(stm32f4xx_hal_spi.c.obj)
                0x08002ca8                HAL_SPI_Init
 .text.HAL_SPI_Transmit
                0x08002d66      0x1c4 board_bsp/libhal.a(stm32f4xx_hal_spi.c.obj)
                0x08002d66                HAL_SPI_Transmit
 .text.HAL_SPI_TransmitReceive
                0x08002f2a      0x252 board_bsp/libhal.a(stm32f4xx_hal_spi.c.obj)
                0x08002f2a                HAL_SPI_TransmitReceive
 .text.SystemInit
                0x0800317c       0x14 board_bsp/libcmsis.a(system_stm32f4xx.c.obj)
                0x0800317c                SystemInit
 .text.__udivmoddi4
                0x08003190      0x2f8 C:/Project/stm32_workspace/project_stm32f4x/toolchains/armcc/bin/../lib/gcc/arm-none-eabi/14.2.1/thumb/v7e-m+fp/hard\libgcc.a(_udivmoddi4.o)
                0x08003190                __udivmoddi4
 .text.memcmp   0x08003488       0x20 C:/Project/stm32_workspace/project_stm32f4x/toolchains/armcc/bin/../lib/gcc/arm-none-eabi/14.2.1/thumb/v7e-m+fp/hard\libg_nano.a(libc_a-memcmp.o)
                0x08003488                memcmp
 .text.strchr   0x080034a8       0x1a C:/Project/stm32_workspace/project_stm32f4x/toolchains/armcc/bin/../lib/gcc/arm-none-eabi/14.2.1/thumb/v7e-m+fp/hard\libg_nano.a(libc_a-strchr.o)
                0x080034a8                strchr
 .text.memcpy   0x080034c2       0x1c C:/Project/stm32_workspace/project_stm32f4x/toolchains/armcc/bin/../lib/gcc/arm-none-eabi/14.2.1/thumb/v7e-m+fp/hard\libg_nano.a(libc_a-memcpy-stub.o)
                0x080034c2                memcpy
 *(.glue_7)
 .glue_7        0x080034de        0x0 linker stubs
 *(.glue_7t)
 .glue_7t       0x080034de        0x0 linker stubs
 *(.eh_frame)
 *fill*         0x080034de        0x2 
 .eh_frame      0x080034e0        0x0 C:/Project/stm32_workspace/project_stm32f4x/toolchains/armcc/bin/../lib/gcc/arm-none-eabi/14.2.1/thumb/v7e-m+fp/hard/crtbegin.o
 *(.init)
 .init          0x080034e0        0x4 C:/Project/stm32_workspace/project_stm32f4x/toolchains/armcc/bin/../lib/gcc/arm-none-eabi/14.2.1/thumb/v7e-m+fp/hard/crti.o
                0x080034e0                _init
 .init          0x080034e4        0x8 C:/Project/stm32_workspace/project_stm32f4x/toolchains/armcc/bin/../lib/gcc/arm-none-eabi/14.2.1/thumb/v7e-m+fp/hard/crtn.o
 *(.fini)
 .fini          0x080034ec        0x4 C:/Project/stm32_workspace/project_stm32f4x/toolchains/armcc/bin/../lib/gcc/arm-none-eabi/14.2.1/thumb/v7e-m+fp/hard/crti.o
                0x080034ec                _fini
 .fini          0x080034f0        0x8 C:/Project/stm32_workspace/project_stm32f4x/toolchains/armcc/bin/../lib/gcc/arm-none-eabi/14.2.1/thumb/v7e-m+fp/hard/crtn.o
                0x080034f8                        . = ALIGN (0x4)
                0x080034f8                        _etext = .

.vfp11_veneer   0x080034f8        0x0
 .vfp11_veneer  0x080034f8        0x0 linker stubs

.v4_bx          0x080034f8        0x0
 .v4_bx         0x080034f8        0x0 linker stubs

.iplt           0x080034f8        0x0
 .iplt          0x080034f8        0x0 C:/Project/stm32_workspace/project_stm32f4x/toolchains/armcc/bin/../lib/gcc/arm-none-eabi/14.2.1/thumb/v7e-m+fp/hard/crtbegin.o

.rodata         0x080034f8       0xdc
                0x080034f8                        . = ALIGN (0x4)
 *(.rodata)
 *(.rodata*)
 .rodata.app_init.str1.4
                0x080034f8       0x1b libapp_sd_card.a(app.c.obj)
                                  0x1 (size before relaxing)
 *fill*         0x08003513        0x1 
 .rodata.s_write_data
                0x08003514       0x21 libapp_sd_card.a(app.c.obj)
 *fill*         0x08003535        0x3 
 .rodata.s_test_filename
                0x08003538        0x9 libapp_sd_card.a(app.c.obj)
 .rodata.check_fs.str1.4
                0x08003541        0x9 fatfs/libservices_fatfs.a(ff.c.obj)
 .rodata.create_name.str1.4
                0x08003541        0xf fatfs/libservices_fatfs.a(ff.c.obj)
 *fill*         0x08003541        0x3 
 .rodata.ExCvt  0x08003544       0x80 fatfs/libservices_fatfs.a(ff.c.obj)
 .rodata.AHBPrescTable
                0x080035c4       0x10 board_bsp/libcmsis.a(system_stm32f4xx.c.obj)
                0x080035c4                AHBPrescTable
                0x080035d4                        . = ALIGN (0x4)

.ARM.extab      0x080035d4        0x0
                0x080035d4                        . = ALIGN (0x4)
 *(.ARM.extab* .gnu.linkonce.armextab.*)
                0x080035d4                        . = ALIGN (0x4)

.ARM            0x080035d4        0x8
                0x080035d4                        . = ALIGN (0x4)
                0x080035d4                        __exidx_start = .
 *(.ARM.exidx*)
 .ARM.exidx     0x080035d4        0x8 C:/Project/stm32_workspace/project_stm32f4x/toolchains/armcc/bin/../lib/gcc/arm-none-eabi/14.2.1/thumb/v7e-m+fp/hard\libg_nano.a(libc_a-strcmp.o)
 .ARM.exidx.text.__udivmoddi4
                0x080035dc        0x0 C:/Project/stm32_workspace/project_stm32f4x/toolchains/armcc/bin/../lib/gcc/arm-none-eabi/14.2.1/thumb/v7e-m+fp/hard\libgcc.a(_udivmoddi4.o)
                                  0x8 (size before relaxing)
                0x080035dc                        __exidx_end = .
                0x080035dc                        . = ALIGN (0x4)

.preinit_array  0x080035dc        0x0
                0x080035dc                        . = ALIGN (0x4)
                0x080035dc                        PROVIDE (__preinit_array_start = .)
 *(.preinit_array*)
                0x080035dc                        PROVIDE (__preinit_array_end = .)
                0x080035dc                        . = ALIGN (0x4)

.init_array     0x080035dc        0x4
                0x080035dc                        . = ALIGN (0x4)
                0x080035dc                        PROVIDE (__init_array_start = .)
 *(SORT_BY_NAME(.init_array.*))
 *(.init_array*)
 .init_array    0x080035dc        0x4 C:/Project/stm32_workspace/project_stm32f4x/toolchains/armcc/bin/../lib/gcc/arm-none-eabi/14.2.1/thumb/v7e-m+fp/hard/crtbegin.o
                0x080035e0                        PROVIDE (__init_array_end = .)
                0x080035e0                        . = ALIGN (0x4)

.fini_array     0x080035e0        0x4
                0x080035e0                        . = ALIGN (0x4)
                [!provide]                        PROVIDE (__fini_array_start = .)
 *(SORT_BY_NAME(.fini_array.*))
 *(.fini_array*)
 .fini_array    0x080035e0        0x4 C:/Project/stm32_workspace/project_stm32f4x/toolchains/armcc/bin/../lib/gcc/arm-none-eabi/14.2.1/thumb/v7e-m+fp/hard/crtbegin.o
                [!provide]                        PROVIDE (__fini_array_end = .)
                0x080035e4                        . = ALIGN (0x4)
                0x080035e4                        _sidata = LOADADDR (.data)

.rel.dyn        0x080035e4        0x0
 .rel.iplt      0x080035e4        0x0 C:/Project/stm32_workspace/project_stm32f4x/toolchains/armcc/bin/../lib/gcc/arm-none-eabi/14.2.1/thumb/v7e-m+fp/hard/crtbegin.o

.data           0x20000000        0xc load address 0x080035e4
                0x20000000                        . = ALIGN (0x4)
                0x20000000                        _sdata = .
 *(.data)
 *(.data*)
 .data.Stat     0x20000000        0x1 fatfs/libservices_fatfs.a(fatfs_sd.c.obj)
 .data.uwTickFreq
                0x20000001        0x1 board_bsp/libhal.a(stm32f4xx_hal.c.obj)
                0x20000001                uwTickFreq
 *fill*         0x20000002        0x2 
 .data.uwTickPrio
                0x20000004        0x4 board_bsp/libhal.a(stm32f4xx_hal.c.obj)
                0x20000004                uwTickPrio
 .data.SystemCoreClock
                0x20000008        0x4 board_bsp/libcmsis.a(system_stm32f4xx.c.obj)
                0x20000008                SystemCoreClock
 *(.RamFunc)
 *(.RamFunc*)
                0x2000000c                        . = ALIGN (0x4)
                0x2000000c                        _edata = .

.tm_clone_table
                0x2000000c        0x0 load address 0x080035f0
 .tm_clone_table
                0x2000000c        0x0 C:/Project/stm32_workspace/project_stm32f4x/toolchains/armcc/bin/../lib/gcc/arm-none-eabi/14.2.1/thumb/v7e-m+fp/hard/crtbegin.o
 .tm_clone_table
                0x2000000c        0x0 C:/Project/stm32_workspace/project_stm32f4x/toolchains/armcc/bin/../lib/gcc/arm-none-eabi/14.2.1/thumb/v7e-m+fp/hard/crtend.o

.igot.plt       0x2000000c        0x0 load address 0x080035f0
 .igot.plt      0x2000000c        0x0 C:/Project/stm32_workspace/project_stm32f4x/toolchains/armcc/bin/../lib/gcc/arm-none-eabi/14.2.1/thumb/v7e-m+fp/hard/crtbegin.o
                0x2000000c                        . = ALIGN (0x4)

.bss            0x2000000c      0x520 load address 0x080035f0
                0x2000000c                        _sbss = .
                0x2000000c                        __bss_start__ = _sbss
 *(.bss)
 *(.bss*)
 .bss.completed.1
                0x2000000c        0x1 C:/Project/stm32_workspace/project_stm32f4x/toolchains/armcc/bin/../lib/gcc/arm-none-eabi/14.2.1/thumb/v7e-m+fp/hard/crtbegin.o
 *fill*         0x2000000d        0x3 
 .bss.object.0  0x20000010       0x18 C:/Project/stm32_workspace/project_stm32f4x/toolchains/armcc/bin/../lib/gcc/arm-none-eabi/14.2.1/thumb/v7e-m+fp/hard/crtbegin.o
 .bss.s_read_buffer
                0x20000028       0x40 libapp_sd_card.a(app.c.obj)
 .bss.s_fil     0x20000068      0x228 libapp_sd_card.a(app.c.obj)
 .bss.s_fs      0x20000290      0x230 libapp_sd_card.a(app.c.obj)
 .bss.s_last_tick
                0x200004c0        0x4 libapp_sd_card.a(app.c.obj)
 .bss.s_app_state
                0x200004c4        0x1 libapp_sd_card.a(app.c.obj)
 *fill*         0x200004c5        0x1 
 .bss.Fsid      0x200004c6        0x2 fatfs/libservices_fatfs.a(ff.c.obj)
 .bss.FatFs     0x200004c8        0x4 fatfs/libservices_fatfs.a(ff.c.obj)
 .bss.CardType  0x200004cc        0x1 fatfs/libservices_fatfs.a(fatfs_sd.c.obj)
 *fill*         0x200004cd        0x3 
 .bss.hspi1     0x200004d0       0x58 board_bsp/libcore.a(spi.c.obj)
                0x200004d0                hspi1
 .bss.uwTick    0x20000528        0x4 board_bsp/libhal.a(stm32f4xx_hal.c.obj)
                0x20000528                uwTick
 *(COMMON)
                0x2000052c                        . = ALIGN (0x4)
                0x2000052c                        _ebss = .
                0x2000052c                        __bss_end__ = _ebss

._user_heap_stack
                0x2000052c      0x604 load address 0x080035f0
                0x20000530                        . = ALIGN (0x8)
 *fill*         0x2000052c        0x4 
                [!provide]                        PROVIDE (end = .)
                0x20000530                        PROVIDE (_end = .)
                0x20000730                        . = (. + _Min_Heap_Size)
 *fill*         0x20000530      0x200 
                0x20000b30                        . = (. + _Min_Stack_Size)
 *fill*         0x20000730      0x400 
                0x20000b30                        . = ALIGN (0x8)

/DISCARD/
 libc.a(*)
 libm.a(*)
 libgcc.a(*)

.ARM.attributes
                0x00000000       0x30
 *(.ARM.attributes)
 .ARM.attributes
                0x00000000       0x22 C:/Project/stm32_workspace/project_stm32f4x/toolchains/armcc/bin/../lib/gcc/arm-none-eabi/14.2.1/thumb/v7e-m+fp/hard/crti.o
 .ARM.attributes
                0x00000022       0x34 C:/Project/stm32_workspace/project_stm32f4x/toolchains/armcc/bin/../lib/gcc/arm-none-eabi/14.2.1/thumb/v7e-m+fp/hard/crtbegin.o
 .ARM.attributes
                0x00000056       0x34 C:/Project/stm32_workspace/project_stm32f4x/toolchains/armcc/bin/../lib/gcc/arm-none-eabi/14.2.1/thumb/v7e-m+fp/hard\libc_nano.a(libc_a-memset.o)
 .ARM.attributes
                0x0000008a       0x34 C:/Project/stm32_workspace/project_stm32f4x/toolchains/armcc/bin/../lib/gcc/arm-none-eabi/14.2.1/thumb/v7e-m+fp/hard\libc_nano.a(libc_a-init.o)
 .ARM.attributes
                0x000000be       0x34 CMakeFiles/sd_card_F411CEU6.dir/drivers/boards/F411CEU6/Core/Src/main.c.obj
 .ARM.attributes
                0x000000f2       0x21 board_bsp/CMakeFiles/board_vectors.dir/./Core/Startup/startup_stm32f411ceux.s.obj
 .ARM.attributes
                0x00000113       0x34 board_bsp/CMakeFiles/board_vectors.dir/./Core/Src/stm32f4xx_it.c.obj
 .ARM.attributes
                0x00000147       0x34 libapp_sd_card.a(app.c.obj)
 .ARM.attributes
                0x0000017b       0x34 fatfs/libservices_fatfs.a(ff.c.obj)
 .ARM.attributes
                0x000001af       0x34 fatfs/libservices_fatfs.a(diskio.c.obj)
 .ARM.attributes
                0x000001e3       0x34 fatfs/libservices_fatfs.a(fatfs_sd.c.obj)
 .ARM.attributes
                0x00000217       0x34 board_bsp/libcore.a(gpio.c.obj)
 .ARM.attributes
                0x0000024b       0x34 board_bsp/libcore.a(spi.c.obj)
 .ARM.attributes
                0x0000027f       0x34 board_bsp/libhal.a(stm32f4xx_hal.c.obj)
 .ARM.attributes
                0x000002b3       0x34 board_bsp/libhal.a(stm32f4xx_hal_cortex.c.obj)
 .ARM.attributes
                0x000002e7       0x34 board_bsp/libhal.a(stm32f4xx_hal_gpio.c.obj)
 .ARM.attributes
                0x0000031b       0x34 board_bsp/libhal.a(stm32f4xx_hal_rcc.c.obj)
 .ARM.attributes
                0x0000034f       0x34 board_bsp/libhal.a(stm32f4xx_hal_spi.c.obj)
 .ARM.attributes
                0x00000383       0x34 board_bsp/libcmsis.a(system_stm32f4xx.c.obj)
 .ARM.attributes
                0x000003b7       0x22 C:/Project/stm32_workspace/project_stm32f4x/toolchains/armcc/bin/../lib/gcc/arm-none-eabi/14.2.1/thumb/v7e-m+fp/hard\libgcc.a(_aeabi_uldivmod.o)
 .ARM.attributes
                0x000003d9       0x34 C:/Project/stm32_workspace/project_stm32f4x/toolchains/armcc/bin/../lib/gcc/arm-none-eabi/14.2.1/thumb/v7e-m+fp/hard\libgcc.a(_udivmoddi4.o)
 .ARM.attributes
                0x0000040d       0x22 C:/Project/stm32_workspace/project_stm32f4x/toolchains/armcc/bin/../lib/gcc/arm-none-eabi/14.2.1/thumb/v7e-m+fp/hard\libgcc.a(_dvmd_tls.o)
 .ARM.attributes
                0x0000042f       0x34 C:/Project/stm32_workspace/project_stm32f4x/toolchains/armcc/bin/../lib/gcc/arm-none-eabi/14.2.1/thumb/v7e-m+fp/hard\libg_nano.a(libc_a-memcmp.o)
 .ARM.attributes
                0x00000463       0x34 C:/Project/stm32_workspace/project_stm32f4x/toolchains/armcc/bin/../lib/gcc/arm-none-eabi/14.2.1/thumb/v7e-m+fp/hard\libg_nano.a(libc_a-strchr.o)
 .ARM.attributes
                0x00000497       0x20 C:/Project/stm32_workspace/project_stm32f4x/toolchains/armcc/bin/../lib/gcc/arm-none-eabi/14.2.1/thumb/v7e-m+fp/hard\libg_nano.a(libc_a-strcmp.o)
 .ARM.attributes
                0x000004b7       0x34 C:/Project/stm32_workspace/project_stm32f4x/toolchains/armcc/bin/../lib/gcc/arm-none-eabi/14.2.1/thumb/v7e-m+fp/hard\libg_nano.a(libc_a-memcpy-stub.o)
 .ARM.attributes
                0x000004eb       0x34 C:/Project/stm32_workspace/project_stm32f4x/toolchains/armcc/bin/../lib/gcc/arm-none-eabi/14.2.1/thumb/v7e-m+fp/hard/crtend.o
 .ARM.attributes
                0x0000051f       0x22 C:/Project/stm32_workspace/project_stm32f4x/toolchains/armcc/bin/../lib/gcc/arm-none-eabi/14.2.1/thumb/v7e-m+fp/hard/crtn.o
OUTPUT(sd_card_F411CEU6.elf elf32-littlearm)
LOAD linker stubs
LOAD C:/Project/stm32_workspace/project_stm32f4x/toolchains/armcc/bin/../lib/gcc/arm-none-eabi/14.2.1/thumb/v7e-m+fp/hard\libc.a
LOAD C:/Project/stm32_workspace/project_stm32f4x/toolchains/armcc/bin/../lib/gcc/arm-none-eabi/14.2.1/thumb/v7e-m+fp/hard\libm.a
LOAD C:/Project/stm32_workspace/project_stm32f4x/toolchains/armcc/bin/../lib/gcc/arm-none-eabi/14.2.1/thumb/v7e-m+fp/hard\libgcc.a

.debug_frame    0x00000000     0x1818
 .debug_frame   0x00000000       0x20 C:/Project/stm32_workspace/project_stm32f4x/toolchains/armcc/bin/../lib/gcc/arm-none-eabi/14.2.1/thumb/v7e-m+fp/hard\libc_nano.a(libc_a-memset.o)
 .debug_frame   0x00000020       0x2c C:/Project/stm32_workspace/project_stm32f4x/toolchains/armcc/bin/../lib/gcc/arm-none-eabi/14.2.1/thumb/v7e-m+fp/hard\libc_nano.a(libc_a-init.o)
 .debug_frame   0x0000004c       0x5c CMakeFiles/sd_card_F411CEU6.dir/drivers/boards/F411CEU6/Core/Src/main.c.obj
 .debug_frame   0x000000a8       0xc0 board_bsp/CMakeFiles/board_vectors.dir/./Core/Src/stm32f4xx_it.c.obj
 .debug_frame   0x00000168       0x4c libapp_sd_card.a(app.c.obj)
 .debug_frame   0x000001b4      0x650 fatfs/libservices_fatfs.a(ff.c.obj)
 .debug_frame   0x00000804       0x94 fatfs/libservices_fatfs.a(diskio.c.obj)
 .debug_frame   0x00000898      0x1d4 fatfs/libservices_fatfs.a(fatfs_sd.c.obj)
 .debug_frame   0x00000a6c       0x34 board_bsp/libcore.a(gpio.c.obj)
 .debug_frame   0x00000aa0       0x60 board_bsp/libcore.a(spi.c.obj)
 .debug_frame   0x00000b00      0x1ec board_bsp/libhal.a(stm32f4xx_hal.c.obj)
 .debug_frame   0x00000cec      0x214 board_bsp/libhal.a(stm32f4xx_hal_cortex.c.obj)
 .debug_frame   0x00000f00       0xd8 board_bsp/libhal.a(stm32f4xx_hal_gpio.c.obj)
 .debug_frame   0x00000fd8      0x16c board_bsp/libhal.a(stm32f4xx_hal_rcc.c.obj)
 .debug_frame   0x00001144      0x5b4 board_bsp/libhal.a(stm32f4xx_hal_spi.c.obj)
 .debug_frame   0x000016f8       0x30 board_bsp/libcmsis.a(system_stm32f4xx.c.obj)
 .debug_frame   0x00001728       0x2c C:/Project/stm32_workspace/project_stm32f4x/toolchains/armcc/bin/../lib/gcc/arm-none-eabi/14.2.1/thumb/v7e-m+fp/hard\libgcc.a(_aeabi_uldivmod.o)
 .debug_frame   0x00001754       0x34 C:/Project/stm32_workspace/project_stm32f4x/toolchains/armcc/bin/../lib/gcc/arm-none-eabi/14.2.1/thumb/v7e-m+fp/hard\libgcc.a(_udivmoddi4.o)
 .debug_frame   0x00001788       0x28 C:/Project/stm32_workspace/project_stm32f4x/toolchains/armcc/bin/../lib/gcc/arm-none-eabi/14.2.1/thumb/v7e-m+fp/hard\libg_nano.a(libc_a-memcmp.o)
 .debug_frame   0x000017b0       0x20 C:/Project/stm32_workspace/project_stm32f4x/toolchains/armcc/bin/../lib/gcc/arm-none-eabi/14.2.1/thumb/v7e-m+fp/hard\libg_nano.a(libc_a-strchr.o)
 .debug_frame   0x000017d0       0x20 C:/Project/stm32_workspace/project_stm32f4x/toolchains/armcc/bin/../lib/gcc/arm-none-eabi/14.2.1/thumb/v7e-m+fp/hard\libg_nano.a(libc_a-strcmp.o)
 .debug_frame   0x000017f0       0x28 C:/Project/stm32_workspace/project_stm32f4x/toolchains/armcc/bin/../lib/gcc/arm-none-eabi/14.2.1/thumb/v7e-m+fp/hard\libg_nano.a(libc_a-memcpy-stub.o)

.debug_info     0x00000000     0xbd9e
 .debug_info    0x00000000      0x59c CMakeFiles/sd_card_F411CEU6.dir/drivers/boards/F411CEU6/Core/Src/main.c.obj
 .debug_info    0x0000059c       0x30 board_bsp/CMakeFiles/board_vectors.dir/./Core/Startup/startup_stm32f411ceux.s.obj
 .debug_info    0x000005cc      0x16c board_bsp/CMakeFiles/board_vectors.dir/./Core/Src/stm32f4xx_it.c.obj
 .debug_info    0x00000738      0x900 libapp_sd_card.a(app.c.obj)
 .debug_info    0x00001038     0x3a6a fatfs/libservices_fatfs.a(ff.c.obj)
 .debug_info    0x00004aa2      0x3d4 fatfs/libservices_fatfs.a(diskio.c.obj)
 .debug_info    0x00004e76     0x11bc fatfs/libservices_fatfs.a(fatfs_sd.c.obj)
 .debug_info    0x00006032      0x686 board_bsp/libcore.a(gpio.c.obj)
 .debug_info    0x000066b8      0x9e1 board_bsp/libcore.a(spi.c.obj)
 .debug_info    0x00007099      0x966 board_bsp/libhal.a(stm32f4xx_hal.c.obj)
 .debug_info    0x000079ff      0xf69 board_bsp/libhal.a(stm32f4xx_hal_cortex.c.obj)
 .debug_info    0x00008968      0x73e board_bsp/libhal.a(stm32f4xx_hal_gpio.c.obj)
 .debug_info    0x000090a6      0xac6 board_bsp/libhal.a(stm32f4xx_hal_rcc.c.obj)
 .debug_info    0x00009b6c     0x1cdb board_bsp/libhal.a(stm32f4xx_hal_spi.c.obj)
 .debug_info    0x0000b847      0x557 board_bsp/libcmsis.a(system_stm32f4xx.c.obj)

.debug_abbrev   0x00000000     0x1d91
 .debug_abbrev  0x00000000      0x1f1 CMakeFiles/sd_card_F411CEU6.dir/drivers/boards/F411CEU6/Core/Src/main.c.obj
 .debug_abbrev  0x000001f1       0x24 board_bsp/CMakeFiles/board_vectors.dir/./Core/Startup/startup_stm32f411ceux.s.obj
 .debug_abbrev  0x00000215       0xbd board_bsp/CMakeFiles/board_vectors.dir/./Core/Src/stm32f4xx_it.c.obj
 .debug_abbrev  0x000002d2      0x236 libapp_sd_card.a(app.c.obj)
 .debug_abbrev  0x00000508      0x282 fatfs/libservices_fatfs.a(ff.c.obj)
 .debug_abbrev  0x0000078a      0x10d fatfs/libservices_fatfs.a(diskio.c.obj)
 .debug_abbrev  0x00000897      0x2f4 fatfs/libservices_fatfs.a(fatfs_sd.c.obj)
 .debug_abbrev  0x00000b8b      0x187 board_bsp/libcore.a(gpio.c.obj)
 .debug_abbrev  0x00000d12      0x218 board_bsp/libcore.a(spi.c.obj)
 .debug_abbrev  0x00000f2a      0x279 board_bsp/libhal.a(stm32f4xx_hal.c.obj)
 .debug_abbrev  0x000011a3      0x393 board_bsp/libhal.a(stm32f4xx_hal_cortex.c.obj)
 .debug_abbrev  0x00001536      0x203 board_bsp/libhal.a(stm32f4xx_hal_gpio.c.obj)
 .debug_abbrev  0x00001739      0x2c8 board_bsp/libhal.a(stm32f4xx_hal_rcc.c.obj)
 .debug_abbrev  0x00001a01      0x270 board_bsp/libhal.a(stm32f4xx_hal_spi.c.obj)
 .debug_abbrev  0x00001c71      0x120 board_bsp/libcmsis.a(system_stm32f4xx.c.obj)

.debug_aranges  0x00000000      0x870
 .debug_aranges
                0x00000000       0x30 CMakeFiles/sd_card_F411CEU6.dir/drivers/boards/F411CEU6/Core/Src/main.c.obj
 .debug_aranges
                0x00000030       0x28 board_bsp/CMakeFiles/board_vectors.dir/./Core/Startup/startup_stm32f411ceux.s.obj
 .debug_aranges
                0x00000058       0x68 board_bsp/CMakeFiles/board_vectors.dir/./Core/Src/stm32f4xx_it.c.obj
 .debug_aranges
                0x000000c0       0x28 libapp_sd_card.a(app.c.obj)
 .debug_aranges
                0x000000e8      0x1a8 fatfs/libservices_fatfs.a(ff.c.obj)
 .debug_aranges
                0x00000290       0x40 fatfs/libservices_fatfs.a(diskio.c.obj)
 .debug_aranges
                0x000002d0       0x90 fatfs/libservices_fatfs.a(fatfs_sd.c.obj)
 .debug_aranges
                0x00000360       0x20 board_bsp/libcore.a(gpio.c.obj)
 .debug_aranges
                0x00000380       0x30 board_bsp/libcore.a(spi.c.obj)
 .debug_aranges
                0x000003b0       0xf0 board_bsp/libhal.a(stm32f4xx_hal.c.obj)
 .debug_aranges
                0x000004a0       0xf8 board_bsp/libhal.a(stm32f4xx_hal_cortex.c.obj)
 .debug_aranges
                0x00000598       0x58 board_bsp/libhal.a(stm32f4xx_hal_gpio.c.obj)
 .debug_aranges
                0x000005f0       0x88 board_bsp/libhal.a(stm32f4xx_hal_rcc.c.obj)
 .debug_aranges
                0x00000678      0x1d0 board_bsp/libhal.a(stm32f4xx_hal_spi.c.obj)
 .debug_aranges
                0x00000848       0x28 board_bsp/libcmsis.a(system_stm32f4xx.c.obj)

.debug_rnglists
                0x00000000      0x651
 .debug_rnglists
                0x00000000       0x20 CMakeFiles/sd_card_F411CEU6.dir/drivers/boards/F411CEU6/Core/Src/main.c.obj
 .debug_rnglists
                0x00000020       0x19 board_bsp/CMakeFiles/board_vectors.dir/./Core/Startup/startup_stm32f411ceux.s.obj
 .debug_rnglists
                0x00000039       0x49 board_bsp/CMakeFiles/board_vectors.dir/./Core/Src/stm32f4xx_it.c.obj
 .debug_rnglists
                0x00000082       0x1a libapp_sd_card.a(app.c.obj)
 .debug_rnglists
                0x0000009c      0x14f fatfs/libservices_fatfs.a(ff.c.obj)
 .debug_rnglists
                0x000001eb       0x2b fatfs/libservices_fatfs.a(diskio.c.obj)
 .debug_rnglists
                0x00000216       0x6c fatfs/libservices_fatfs.a(fatfs_sd.c.obj)
 .debug_rnglists
                0x00000282       0x14 board_bsp/libcore.a(gpio.c.obj)
 .debug_rnglists
                0x00000296       0x1f board_bsp/libcore.a(spi.c.obj)
 .debug_rnglists
                0x000002b5       0xaf board_bsp/libhal.a(stm32f4xx_hal.c.obj)
 .debug_rnglists
                0x00000364       0xb5 board_bsp/libhal.a(stm32f4xx_hal_cortex.c.obj)
 .debug_rnglists
                0x00000419       0x3f board_bsp/libhal.a(stm32f4xx_hal_gpio.c.obj)
 .debug_rnglists
                0x00000458       0x75 board_bsp/libhal.a(stm32f4xx_hal_rcc.c.obj)
 .debug_rnglists
                0x000004cd      0x16a board_bsp/libhal.a(stm32f4xx_hal_spi.c.obj)
 .debug_rnglists
                0x00000637       0x1a board_bsp/libcmsis.a(system_stm32f4xx.c.obj)

.debug_macro    0x00000000    0x1593b
 .debug_macro   0x00000000      0x1e6 CMakeFiles/sd_card_F411CEU6.dir/drivers/boards/F411CEU6/Core/Src/main.c.obj
 .debug_macro   0x000001e6      0xad2 CMakeFiles/sd_card_F411CEU6.dir/drivers/boards/F411CEU6/Core/Src/main.c.obj
 .debug_macro   0x00000cb8      0x295 CMakeFiles/sd_card_F411CEU6.dir/drivers/boards/F411CEU6/Core/Src/main.c.obj
 .debug_macro   0x00000f4d       0x2e CMakeFiles/sd_card_F411CEU6.dir/drivers/boards/F411CEU6/Core/Src/main.c.obj
 .debug_macro   0x00000f7b       0x28 CMakeFiles/sd_card_F411CEU6.dir/drivers/boards/F411CEU6/Core/Src/main.c.obj
 .debug_macro   0x00000fa3       0x22 CMakeFiles/sd_card_F411CEU6.dir/drivers/boards/F411CEU6/Core/Src/main.c.obj
 .debug_macro   0x00000fc5       0x8e CMakeFiles/sd_card_F411CEU6.dir/drivers/boards/F411CEU6/Core/Src/main.c.obj
 .debug_macro   0x00001053       0x51 CMakeFiles/sd_card_F411CEU6.dir/drivers/boards/F411CEU6/Core/Src/main.c.obj
 .debug_macro   0x000010a4      0x103 CMakeFiles/sd_card_F411CEU6.dir/drivers/boards/F411CEU6/Core/Src/main.c.obj
 .debug_macro   0x000011a7       0x6a CMakeFiles/sd_card_F411CEU6.dir/drivers/boards/F411CEU6/Core/Src/main.c.obj
 .debug_macro   0x00001211      0x1df CMakeFiles/sd_card_F411CEU6.dir/drivers/boards/F411CEU6/Core/Src/main.c.obj
 .debug_macro   0x000013f0       0x1c CMakeFiles/sd_card_F411CEU6.dir/drivers/boards/F411CEU6/Core/Src/main.c.obj
 .debug_macro   0x0000140c       0x22 CMakeFiles/sd_card_F411CEU6.dir/drivers/boards/F411CEU6/Core/Src/main.c.obj
 .debug_macro   0x0000142e       0xfb CMakeFiles/sd_card_F411CEU6.dir/drivers/boards/F411CEU6/Core/Src/main.c.obj
 .debug_macro   0x00001529     0x1011 CMakeFiles/sd_card_F411CEU6.dir/drivers/boards/F411CEU6/Core/Src/main.c.obj
 .debug_macro   0x0000253a      0x11f CMakeFiles/sd_card_F411CEU6.dir/drivers/boards/F411CEU6/Core/Src/main.c.obj
 .debug_macro   0x00002659     0xb968 CMakeFiles/sd_card_F411CEU6.dir/drivers/boards/F411CEU6/Core/Src/main.c.obj
 .debug_macro   0x0000dfc1       0x6d CMakeFiles/sd_card_F411CEU6.dir/drivers/boards/F411CEU6/Core/Src/main.c.obj
 .debug_macro   0x0000e02e     0x3693 CMakeFiles/sd_card_F411CEU6.dir/drivers/boards/F411CEU6/Core/Src/main.c.obj
 .debug_macro   0x000116c1      0x190 CMakeFiles/sd_card_F411CEU6.dir/drivers/boards/F411CEU6/Core/Src/main.c.obj
 .debug_macro   0x00011851       0x5c CMakeFiles/sd_card_F411CEU6.dir/drivers/boards/F411CEU6/Core/Src/main.c.obj
 .debug_macro   0x000118ad      0x45c CMakeFiles/sd_card_F411CEU6.dir/drivers/boards/F411CEU6/Core/Src/main.c.obj
 .debug_macro   0x00011d09      0x9e9 CMakeFiles/sd_card_F411CEU6.dir/drivers/boards/F411CEU6/Core/Src/main.c.obj
 .debug_macro   0x000126f2      0x115 CMakeFiles/sd_card_F411CEU6.dir/drivers/boards/F411CEU6/Core/Src/main.c.obj
 .debug_macro   0x00012807      0x11b CMakeFiles/sd_card_F411CEU6.dir/drivers/boards/F411CEU6/Core/Src/main.c.obj
 .debug_macro   0x00012922       0xa5 CMakeFiles/sd_card_F411CEU6.dir/drivers/boards/F411CEU6/Core/Src/main.c.obj
 .debug_macro   0x000129c7      0x15f CMakeFiles/sd_card_F411CEU6.dir/drivers/boards/F411CEU6/Core/Src/main.c.obj
 .debug_macro   0x00012b26      0x287 CMakeFiles/sd_card_F411CEU6.dir/drivers/boards/F411CEU6/Core/Src/main.c.obj
 .debug_macro   0x00012dad       0x5f CMakeFiles/sd_card_F411CEU6.dir/drivers/boards/F411CEU6/Core/Src/main.c.obj
 .debug_macro   0x00012e0c      0x236 CMakeFiles/sd_card_F411CEU6.dir/drivers/boards/F411CEU6/Core/Src/main.c.obj
 .debug_macro   0x00013042      0x132 CMakeFiles/sd_card_F411CEU6.dir/drivers/boards/F411CEU6/Core/Src/main.c.obj
 .debug_macro   0x00013174      0x264 CMakeFiles/sd_card_F411CEU6.dir/drivers/boards/F411CEU6/Core/Src/main.c.obj
 .debug_macro   0x000133d8       0x2e CMakeFiles/sd_card_F411CEU6.dir/drivers/boards/F411CEU6/Core/Src/main.c.obj
 .debug_macro   0x00013406      0x127 CMakeFiles/sd_card_F411CEU6.dir/drivers/boards/F411CEU6/Core/Src/main.c.obj
 .debug_macro   0x0001352d       0x85 CMakeFiles/sd_card_F411CEU6.dir/drivers/boards/F411CEU6/Core/Src/main.c.obj
 .debug_macro   0x000135b2       0x89 CMakeFiles/sd_card_F411CEU6.dir/drivers/boards/F411CEU6/Core/Src/main.c.obj
 .debug_macro   0x0001363b      0x225 CMakeFiles/sd_card_F411CEU6.dir/drivers/boards/F411CEU6/Core/Src/main.c.obj
 .debug_macro   0x00013860      0x126 CMakeFiles/sd_card_F411CEU6.dir/drivers/boards/F411CEU6/Core/Src/main.c.obj
 .debug_macro   0x00013986      0x1ce board_bsp/CMakeFiles/board_vectors.dir/./Core/Src/stm32f4xx_it.c.obj
 .debug_macro   0x00013b54      0x29c libapp_sd_card.a(app.c.obj)
 .debug_macro   0x00013df0      0x10b libapp_sd_card.a(app.c.obj)
 .debug_macro   0x00013efb       0xe2 libapp_sd_card.a(app.c.obj)
 .debug_macro   0x00013fdd       0x7b libapp_sd_card.a(app.c.obj)
 .debug_macro   0x00014058       0x10 libapp_sd_card.a(app.c.obj)
 .debug_macro   0x00014068      0x693 fatfs/libservices_fatfs.a(ff.c.obj)
 .debug_macro   0x000146fb       0x94 fatfs/libservices_fatfs.a(ff.c.obj)
 .debug_macro   0x0001478f       0x9a fatfs/libservices_fatfs.a(diskio.c.obj)
 .debug_macro   0x00014829      0x281 fatfs/libservices_fatfs.a(fatfs_sd.c.obj)
 .debug_macro   0x00014aaa      0x1ce board_bsp/libcore.a(gpio.c.obj)
 .debug_macro   0x00014c78      0x1ce board_bsp/libcore.a(spi.c.obj)
 .debug_macro   0x00014e46      0x21a board_bsp/libhal.a(stm32f4xx_hal.c.obj)
 .debug_macro   0x00015060      0x1ba board_bsp/libhal.a(stm32f4xx_hal_cortex.c.obj)
 .debug_macro   0x0001521a      0x1c0 board_bsp/libhal.a(stm32f4xx_hal_gpio.c.obj)
 .debug_macro   0x000153da      0x1de board_bsp/libhal.a(stm32f4xx_hal_rcc.c.obj)
 .debug_macro   0x000155b8      0x1c9 board_bsp/libhal.a(stm32f4xx_hal_spi.c.obj)
 .debug_macro   0x00015781      0x1ba board_bsp/libcmsis.a(system_stm32f4xx.c.obj)

.debug_line     0x00000000     0xd6f4
 .debug_line    0x00000000      0x7f8 CMakeFiles/sd_card_F411CEU6.dir/drivers/boards/F411CEU6/Core/Src/main.c.obj
 .debug_line    0x000007f8       0x7a board_bsp/CMakeFiles/board_vectors.dir/./Core/Startup/startup_stm32f411ceux.s.obj
 .debug_line    0x00000872      0x78a board_bsp/CMakeFiles/board_vectors.dir/./Core/Src/stm32f4xx_it.c.obj
 .debug_line    0x00000ffc      0x8cb libapp_sd_card.a(app.c.obj)
 .debug_line    0x000018c7     0x3a10 fatfs/libservices_fatfs.a(ff.c.obj)
 .debug_line    0x000052d7      0x340 fatfs/libservices_fatfs.a(diskio.c.obj)
 .debug_line    0x00005617      0xea4 fatfs/libservices_fatfs.a(fatfs_sd.c.obj)
 .debug_line    0x000064bb      0x704 board_bsp/libcore.a(gpio.c.obj)
 .debug_line    0x00006bbf      0x7af board_bsp/libcore.a(spi.c.obj)
 .debug_line    0x0000736e      0xa0f board_bsp/libhal.a(stm32f4xx_hal.c.obj)
 .debug_line    0x00007d7d      0xd12 board_bsp/libhal.a(stm32f4xx_hal_cortex.c.obj)
 .debug_line    0x00008a8f      0xbb0 board_bsp/libhal.a(stm32f4xx_hal_gpio.c.obj)
 .debug_line    0x0000963f     0x1067 board_bsp/libhal.a(stm32f4xx_hal_rcc.c.obj)
 .debug_line    0x0000a6a6     0x28e5 board_bsp/libhal.a(stm32f4xx_hal_spi.c.obj)
 .debug_line    0x0000cf8b      0x769 board_bsp/libcmsis.a(system_stm32f4xx.c.obj)

.debug_str      0x00000000    0x88cf7
 .debug_str     0x00000000    0x88cf7 CMakeFiles/sd_card_F411CEU6.dir/drivers/boards/F411CEU6/Core/Src/main.c.obj
                              0x7f9c0 (size before relaxing)
 .debug_str     0x00088cf7       0xca board_bsp/CMakeFiles/board_vectors.dir/./Core/Startup/startup_stm32f411ceux.s.obj
 .debug_str     0x00088cf7    0x7f75f board_bsp/CMakeFiles/board_vectors.dir/./Core/Src/stm32f4xx_it.c.obj
 .debug_str     0x00088cf7    0x82a9c libapp_sd_card.a(app.c.obj)
 .debug_str     0x00088cf7     0xb329 fatfs/libservices_fatfs.a(ff.c.obj)
 .debug_str     0x00088cf7     0x454c fatfs/libservices_fatfs.a(diskio.c.obj)
 .debug_str     0x00088cf7    0x805e7 fatfs/libservices_fatfs.a(fatfs_sd.c.obj)
 .debug_str     0x00088cf7    0x7fc40 board_bsp/libcore.a(gpio.c.obj)
 .debug_str     0x00088cf7    0x7fd04 board_bsp/libcore.a(spi.c.obj)
 .debug_str     0x00088cf7    0x80289 board_bsp/libhal.a(stm32f4xx_hal.c.obj)
 .debug_str     0x00088cf7    0x7fff3 board_bsp/libhal.a(stm32f4xx_hal_cortex.c.obj)
 .debug_str     0x00088cf7    0x7f9d8 board_bsp/libhal.a(stm32f4xx_hal_gpio.c.obj)
 .debug_str     0x00088cf7    0x7fca2 board_bsp/libhal.a(stm32f4xx_hal_rcc.c.obj)
 .debug_str     0x00088cf7    0x80109 board_bsp/libhal.a(stm32f4xx_hal_spi.c.obj)
 .debug_str     0x00088cf7    0x7f85d board_bsp/libcmsis.a(system_stm32f4xx.c.obj)

.comment        0x00000000       0x45
 .comment       0x00000000       0x45 CMakeFiles/sd_card_F411CEU6.dir/drivers/boards/F411CEU6/Core/Src/main.c.obj
                                 0x46 (size before relaxing)
 .comment       0x00000045       0x46 board_bsp/CMakeFiles/board_vectors.dir/./Core/Src/stm32f4xx_it.c.obj
 .comment       0x00000045       0x46 libapp_sd_card.a(app.c.obj)
 .comment       0x00000045       0x46 fatfs/libservices_fatfs.a(ff.c.obj)
 .comment       0x00000045       0x46 fatfs/libservices_fatfs.a(diskio.c.obj)
 .comment       0x00000045       0x46 fatfs/libservices_fatfs.a(fatfs_sd.c.obj)
 .comment       0x00000045       0x46 board_bsp/libcore.a(gpio.c.obj)
 .comment       0x00000045       0x46 board_bsp/libcore.a(spi.c.obj)
 .comment       0x00000045       0x46 board_bsp/libhal.a(stm32f4xx_hal.c.obj)
 .comment       0x00000045       0x46 board_bsp/libhal.a(stm32f4xx_hal_cortex.c.obj)
 .comment       0x00000045       0x46 board_bsp/libhal.a(stm32f4xx_hal_gpio.c.obj)
 .comment       0x00000045       0x46 board_bsp/libhal.a(stm32f4xx_hal_rcc.c.obj)
 .comment       0x00000045       0x46 board_bsp/libhal.a(stm32f4xx_hal_spi.c.obj)
 .comment       0x00000045       0x46 board_bsp/libcmsis.a(system_stm32f4xx.c.obj)

.debug_line_str
                0x00000000      0x26d
 .debug_line_str
                0x00000000      0x26d board_bsp/CMakeFiles/board_vectors.dir/./Core/Startup/startup_stm32f411ceux.s.obj
                                 0xae (size before relaxing)
 .debug_line_str
                0x0000026d       0xc9 C:/Project/stm32_workspace/project_stm32f4x/toolchains/armcc/bin/../lib/gcc/arm-none-eabi/14.2.1/thumb/v7e-m+fp/hard\libgcc.a(_aeabi_uldivmod.o)
 .debug_line_str
                0x0000026d       0xcd C:/Project/stm32_workspace/project_stm32f4x/toolchains/armcc/bin/../lib/gcc/arm-none-eabi/14.2.1/thumb/v7e-m+fp/hard\libgcc.a(_dvmd_tls.o)
 .debug_line_str
                0x0000026d       0xea C:/Project/stm32_workspace/project_stm32f4x/toolchains/armcc/bin/../lib/gcc/arm-none-eabi/14.2.1/thumb/v7e-m+fp/hard\libg_nano.a(libc_a-strcmp.o)

.debug_loclists
                0x00000000     0x5b33
 .debug_loclists
                0x00000000       0xac libapp_sd_card.a(app.c.obj)
 .debug_loclists
                0x000000ac     0x2d91 fatfs/libservices_fatfs.a(ff.c.obj)
 .debug_loclists
                0x00002e3d      0x230 fatfs/libservices_fatfs.a(diskio.c.obj)
 .debug_loclists
                0x0000306d      0x79a fatfs/libservices_fatfs.a(fatfs_sd.c.obj)
 .debug_loclists
                0x00003807       0x74 board_bsp/libcore.a(spi.c.obj)
 .debug_loclists
                0x0000387b       0xe1 board_bsp/libhal.a(stm32f4xx_hal.c.obj)
 .debug_loclists
                0x0000395c      0x54d board_bsp/libhal.a(stm32f4xx_hal_cortex.c.obj)
 .debug_loclists
                0x00003ea9      0x386 board_bsp/libhal.a(stm32f4xx_hal_gpio.c.obj)
 .debug_loclists
                0x0000422f      0x3db board_bsp/libhal.a(stm32f4xx_hal_rcc.c.obj)
 .debug_loclists
                0x0000460a     0x14b9 board_bsp/libhal.a(stm32f4xx_hal_spi.c.obj)
 .debug_loclists
                0x00005ac3       0x70 board_bsp/libcmsis.a(system_stm32f4xx.c.obj)

Cross Reference Table

Symbol                                            File
ADC_IRQHandler                                    board_bsp/CMakeFiles/board_vectors.dir/./Core/Startup/startup_stm32f411ceux.s.obj
AHBPrescTable                                     board_bsp/libcmsis.a(system_stm32f4xx.c.obj)
                                                  board_bsp/libhal.a(stm32f4xx_hal_rcc.c.obj)
APBPrescTable                                     board_bsp/libcmsis.a(system_stm32f4xx.c.obj)
                                                  board_bsp/libhal.a(stm32f4xx_hal_rcc.c.obj)
BusFault_Handler                                  board_bsp/CMakeFiles/board_vectors.dir/./Core/Src/stm32f4xx_it.c.obj
                                                  board_bsp/CMakeFiles/board_vectors.dir/./Core/Startup/startup_stm32f411ceux.s.obj
DMA1_Stream0_IRQHandler                           board_bsp/CMakeFiles/board_vectors.dir/./Core/Startup/startup_stm32f411ceux.s.obj
DMA1_Stream1_IRQHandler                           board_bsp/CMakeFiles/board_vectors.dir/./Core/Startup/startup_stm32f411ceux.s.obj
DMA1_Stream2_IRQHandler                           board_bsp/CMakeFiles/board_vectors.dir/./Core/Startup/startup_stm32f411ceux.s.obj
DMA1_Stream3_IRQHandler                           board_bsp/CMakeFiles/board_vectors.dir/./Core/Startup/startup_stm32f411ceux.s.obj
DMA1_Stream4_IRQHandler                           board_bsp/CMakeFiles/board_vectors.dir/./Core/Startup/startup_stm32f411ceux.s.obj
DMA1_Stream5_IRQHandler                           board_bsp/CMakeFiles/board_vectors.dir/./Core/Startup/startup_stm32f411ceux.s.obj
DMA1_Stream6_IRQHandler                           board_bsp/CMakeFiles/board_vectors.dir/./Core/Startup/startup_stm32f411ceux.s.obj
DMA1_Stream7_IRQHandler                           board_bsp/CMakeFiles/board_vectors.dir/./Core/Startup/startup_stm32f411ceux.s.obj
DMA2_Stream0_IRQHandler                           board_bsp/CMakeFiles/board_vectors.dir/./Core/Startup/startup_stm32f411ceux.s.obj
DMA2_Stream1_IRQHandler                           board_bsp/CMakeFiles/board_vectors.dir/./Core/Startup/startup_stm32f411ceux.s.obj
DMA2_Stream2_IRQHandler                           board_bsp/CMakeFiles/board_vectors.dir/./Core/Startup/startup_stm32f411ceux.s.obj
DMA2_Stream3_IRQHandler                           board_bsp/CMakeFiles/board_vectors.dir/./Core/Startup/startup_stm32f411ceux.s.obj
DMA2_Stream4_IRQHandler                           board_bsp/CMakeFiles/board_vectors.dir/./Core/Startup/startup_stm32f411ceux.s.obj
DMA2_Stream5_IRQHandler                           board_bsp/CMakeFiles/board_vectors.dir/./Core/Startup/startup_stm32f411ceux.s.obj
DMA2_Stream6_IRQHandler                           board_bsp/CMakeFiles/board_vectors.dir/./Core/Startup/startup_stm32f411ceux.s.obj
DMA2_Stream7_IRQHandler                           board_bsp/CMakeFiles/board_vectors.dir/./Core/Startup/startup_stm32f411ceux.s.obj
DebugMon_Handler                                  board_bsp/CMakeFiles/board_vectors.dir/./Core/Src/stm32f4xx_it.c.obj
                                                  board_bsp/CMakeFiles/board_vectors.dir/./Core/Startup/startup_stm32f411ceux.s.obj
Default_Handler                                   board_bsp/CMakeFiles/board_vectors.dir/./Core/Startup/startup_stm32f411ceux.s.obj
EXTI0_IRQHandler                                  board_bsp/CMakeFiles/board_vectors.dir/./Core/Src/stm32f4xx_it.c.obj
                                                  board_bsp/CMakeFiles/board_vectors.dir/./Core/Startup/startup_stm32f411ceux.s.obj
EXTI15_10_IRQHandler                              board_bsp/CMakeFiles/board_vectors.dir/./Core/Startup/startup_stm32f411ceux.s.obj
EXTI1_IRQHandler                                  board_bsp/CMakeFiles/board_vectors.dir/./Core/Startup/startup_stm32f411ceux.s.obj
EXTI2_IRQHandler                                  board_bsp/CMakeFiles/board_vectors.dir/./Core/Startup/startup_stm32f411ceux.s.obj
EXTI3_IRQHandler                                  board_bsp/CMakeFiles/board_vectors.dir/./Core/Startup/startup_stm32f411ceux.s.obj
EXTI4_IRQHandler                                  board_bsp/CMakeFiles/board_vectors.dir/./Core/Startup/startup_stm32f411ceux.s.obj
EXTI9_5_IRQHandler                                board_bsp/CMakeFiles/board_vectors.dir/./Core/Startup/startup_stm32f411ceux.s.obj
Error_Handler                                     CMakeFiles/sd_card_F411CEU6.dir/drivers/boards/F411CEU6/Core/Src/main.c.obj
                                                  board_bsp/libcore.a(spi.c.obj)
FLASH_IRQHandler                                  board_bsp/CMakeFiles/board_vectors.dir/./Core/Startup/startup_stm32f411ceux.s.obj
FPU_IRQHandler                                    board_bsp/CMakeFiles/board_vectors.dir/./Core/Startup/startup_stm32f411ceux.s.obj
HAL_CORTEX_ClearEvent                             board_bsp/libhal.a(stm32f4xx_hal_cortex.c.obj)
HAL_DBGMCU_DisableDBGSleepMode                    board_bsp/libhal.a(stm32f4xx_hal.c.obj)
HAL_DBGMCU_DisableDBGStandbyMode                  board_bsp/libhal.a(stm32f4xx_hal.c.obj)
HAL_DBGMCU_DisableDBGStopMode                     board_bsp/libhal.a(stm32f4xx_hal.c.obj)
HAL_DBGMCU_EnableDBGSleepMode                     board_bsp/libhal.a(stm32f4xx_hal.c.obj)
HAL_DBGMCU_EnableDBGStandbyMode                   board_bsp/libhal.a(stm32f4xx_hal.c.obj)
HAL_DBGMCU_EnableDBGStopMode                      board_bsp/libhal.a(stm32f4xx_hal.c.obj)
HAL_DMA_Abort                                     board_bsp/libhal.a(stm32f4xx_hal_dma.c.obj)
                                                  board_bsp/libhal.a(stm32f4xx_hal_spi.c.obj)
HAL_DMA_Abort_IT                                  board_bsp/libhal.a(stm32f4xx_hal_dma.c.obj)
                                                  board_bsp/libhal.a(stm32f4xx_hal_spi.c.obj)
HAL_DMA_DeInit                                    board_bsp/libhal.a(stm32f4xx_hal_dma.c.obj)
HAL_DMA_GetError                                  board_bsp/libhal.a(stm32f4xx_hal_dma.c.obj)
HAL_DMA_GetState                                  board_bsp/libhal.a(stm32f4xx_hal_dma.c.obj)
HAL_DMA_IRQHandler                                board_bsp/libhal.a(stm32f4xx_hal_dma.c.obj)
HAL_DMA_Init                                      board_bsp/libhal.a(stm32f4xx_hal_dma.c.obj)
HAL_DMA_PollForTransfer                           board_bsp/libhal.a(stm32f4xx_hal_dma.c.obj)
HAL_DMA_RegisterCallback                          board_bsp/libhal.a(stm32f4xx_hal_dma.c.obj)
HAL_DMA_Start                                     board_bsp/libhal.a(stm32f4xx_hal_dma.c.obj)
HAL_DMA_Start_IT                                  board_bsp/libhal.a(stm32f4xx_hal_dma.c.obj)
                                                  board_bsp/libhal.a(stm32f4xx_hal_spi.c.obj)
HAL_DMA_UnRegisterCallback                        board_bsp/libhal.a(stm32f4xx_hal_dma.c.obj)
HAL_DeInit                                        board_bsp/libhal.a(stm32f4xx_hal.c.obj)
HAL_Delay                                         board_bsp/libhal.a(stm32f4xx_hal.c.obj)
HAL_DisableCompensationCell                       board_bsp/libhal.a(stm32f4xx_hal.c.obj)
HAL_EnableCompensationCell                        board_bsp/libhal.a(stm32f4xx_hal.c.obj)
HAL_GPIO_DeInit                                   board_bsp/libhal.a(stm32f4xx_hal_gpio.c.obj)
                                                  board_bsp/libcore.a(spi.c.obj)
HAL_GPIO_EXTI_Callback                            board_bsp/libhal.a(stm32f4xx_hal_gpio.c.obj)
HAL_GPIO_EXTI_IRQHandler                          board_bsp/libhal.a(stm32f4xx_hal_gpio.c.obj)
                                                  board_bsp/CMakeFiles/board_vectors.dir/./Core/Src/stm32f4xx_it.c.obj
HAL_GPIO_Init                                     board_bsp/libhal.a(stm32f4xx_hal_gpio.c.obj)
                                                  board_bsp/libhal.a(stm32f4xx_hal_rcc.c.obj)
                                                  board_bsp/libcore.a(spi.c.obj)
                                                  board_bsp/libcore.a(gpio.c.obj)
                                                  fatfs/libservices_fatfs.a(fatfs_sd.c.obj)
HAL_GPIO_LockPin                                  board_bsp/libhal.a(stm32f4xx_hal_gpio.c.obj)
HAL_GPIO_ReadPin                                  board_bsp/libhal.a(stm32f4xx_hal_gpio.c.obj)
HAL_GPIO_TogglePin                                board_bsp/libhal.a(stm32f4xx_hal_gpio.c.obj)
                                                  libapp_sd_card.a(app.c.obj)
HAL_GPIO_WritePin                                 board_bsp/libhal.a(stm32f4xx_hal_gpio.c.obj)
                                                  board_bsp/libcore.a(gpio.c.obj)
                                                  fatfs/libservices_fatfs.a(fatfs_sd.c.obj)
                                                  libapp_sd_card.a(app.c.obj)
HAL_GetDEVID                                      board_bsp/libhal.a(stm32f4xx_hal.c.obj)
HAL_GetHalVersion                                 board_bsp/libhal.a(stm32f4xx_hal.c.obj)
HAL_GetREVID                                      board_bsp/libhal.a(stm32f4xx_hal.c.obj)
HAL_GetTick                                       board_bsp/libhal.a(stm32f4xx_hal.c.obj)
                                                  board_bsp/libhal.a(stm32f4xx_hal_dma.c.obj)
                                                  board_bsp/libhal.a(stm32f4xx_hal_spi.c.obj)
                                                  board_bsp/libhal.a(stm32f4xx_hal_rcc.c.obj)
                                                  libapp_sd_card.a(app.c.obj)
HAL_GetTickFreq                                   board_bsp/libhal.a(stm32f4xx_hal.c.obj)
HAL_GetTickPrio                                   board_bsp/libhal.a(stm32f4xx_hal.c.obj)
HAL_GetUIDw0                                      board_bsp/libhal.a(stm32f4xx_hal.c.obj)
HAL_GetUIDw1                                      board_bsp/libhal.a(stm32f4xx_hal.c.obj)
HAL_GetUIDw2                                      board_bsp/libhal.a(stm32f4xx_hal.c.obj)
HAL_IncTick                                       board_bsp/libhal.a(stm32f4xx_hal.c.obj)
                                                  board_bsp/CMakeFiles/board_vectors.dir/./Core/Src/stm32f4xx_it.c.obj
HAL_Init                                          board_bsp/libhal.a(stm32f4xx_hal.c.obj)
                                                  CMakeFiles/sd_card_F411CEU6.dir/drivers/boards/F411CEU6/Core/Src/main.c.obj
HAL_InitTick                                      board_bsp/libhal.a(stm32f4xx_hal.c.obj)
                                                  board_bsp/libhal.a(stm32f4xx_hal_rcc.c.obj)
HAL_MPU_ConfigRegion                              board_bsp/libhal.a(stm32f4xx_hal_cortex.c.obj)
HAL_MPU_Disable                                   board_bsp/libhal.a(stm32f4xx_hal_cortex.c.obj)
HAL_MPU_DisableRegion                             board_bsp/libhal.a(stm32f4xx_hal_cortex.c.obj)
HAL_MPU_Enable                                    board_bsp/libhal.a(stm32f4xx_hal_cortex.c.obj)
HAL_MPU_EnableRegion                              board_bsp/libhal.a(stm32f4xx_hal_cortex.c.obj)
HAL_MspDeInit                                     board_bsp/libhal.a(stm32f4xx_hal.c.obj)
HAL_MspInit                                       board_bsp/libhal.a(stm32f4xx_hal.c.obj)
HAL_NVIC_ClearPendingIRQ                          board_bsp/libhal.a(stm32f4xx_hal_cortex.c.obj)
HAL_NVIC_DisableIRQ                               board_bsp/libhal.a(stm32f4xx_hal_cortex.c.obj)
HAL_NVIC_EnableIRQ                                board_bsp/libhal.a(stm32f4xx_hal_cortex.c.obj)
                                                  board_bsp/libcore.a(gpio.c.obj)
HAL_NVIC_GetActive                                board_bsp/libhal.a(stm32f4xx_hal_cortex.c.obj)
HAL_NVIC_GetPendingIRQ                            board_bsp/libhal.a(stm32f4xx_hal_cortex.c.obj)
HAL_NVIC_GetPriority                              board_bsp/libhal.a(stm32f4xx_hal_cortex.c.obj)
HAL_NVIC_GetPriorityGrouping                      board_bsp/libhal.a(stm32f4xx_hal_cortex.c.obj)
HAL_NVIC_SetPendingIRQ                            board_bsp/libhal.a(stm32f4xx_hal_cortex.c.obj)
HAL_NVIC_SetPriority                              board_bsp/libhal.a(stm32f4xx_hal_cortex.c.obj)
                                                  board_bsp/libhal.a(stm32f4xx_hal.c.obj)
                                                  board_bsp/libcore.a(gpio.c.obj)
HAL_NVIC_SetPriorityGrouping                      board_bsp/libhal.a(stm32f4xx_hal_cortex.c.obj)
                                                  board_bsp/libhal.a(stm32f4xx_hal.c.obj)
HAL_NVIC_SystemReset                              board_bsp/libhal.a(stm32f4xx_hal_cortex.c.obj)
HAL_RCC_CSSCallback                               board_bsp/libhal.a(stm32f4xx_hal_rcc.c.obj)
HAL_RCC_ClockConfig                               board_bsp/libhal.a(stm32f4xx_hal_rcc.c.obj)
                                                  CMakeFiles/sd_card_F411CEU6.dir/drivers/boards/F411CEU6/Core/Src/main.c.obj
HAL_RCC_DeInit                                    board_bsp/libhal.a(stm32f4xx_hal_rcc.c.obj)
HAL_RCC_DisableCSS                                board_bsp/libhal.a(stm32f4xx_hal_rcc.c.obj)
HAL_RCC_EnableCSS                                 board_bsp/libhal.a(stm32f4xx_hal_rcc.c.obj)
HAL_RCC_GetClockConfig                            board_bsp/libhal.a(stm32f4xx_hal_rcc.c.obj)
HAL_RCC_GetHCLKFreq                               board_bsp/libhal.a(stm32f4xx_hal_rcc.c.obj)
HAL_RCC_GetOscConfig                              board_bsp/libhal.a(stm32f4xx_hal_rcc.c.obj)
HAL_RCC_GetPCLK1Freq                              board_bsp/libhal.a(stm32f4xx_hal_rcc.c.obj)
HAL_RCC_GetPCLK2Freq                              board_bsp/libhal.a(stm32f4xx_hal_rcc.c.obj)
HAL_RCC_GetSysClockFreq                           board_bsp/libhal.a(stm32f4xx_hal_rcc.c.obj)
HAL_RCC_MCOConfig                                 board_bsp/libhal.a(stm32f4xx_hal_rcc.c.obj)
HAL_RCC_NMI_IRQHandler                            board_bsp/libhal.a(stm32f4xx_hal_rcc.c.obj)
HAL_RCC_OscConfig                                 board_bsp/libhal.a(stm32f4xx_hal_rcc.c.obj)
                                                  CMakeFiles/sd_card_F411CEU6.dir/drivers/boards/F411CEU6/Core/Src/main.c.obj
HAL_ResumeTick                                    board_bsp/libhal.a(stm32f4xx_hal.c.obj)
HAL_SPI_Abort                                     board_bsp/libhal.a(stm32f4xx_hal_spi.c.obj)
HAL_SPI_AbortCpltCallback                         board_bsp/libhal.a(stm32f4xx_hal_spi.c.obj)
HAL_SPI_Abort_IT                                  board_bsp/libhal.a(stm32f4xx_hal_spi.c.obj)
HAL_SPI_DMAPause                                  board_bsp/libhal.a(stm32f4xx_hal_spi.c.obj)
HAL_SPI_DMAResume                                 board_bsp/libhal.a(stm32f4xx_hal_spi.c.obj)
HAL_SPI_DMAStop                                   board_bsp/libhal.a(stm32f4xx_hal_spi.c.obj)
HAL_SPI_DeInit                                    board_bsp/libhal.a(stm32f4xx_hal_spi.c.obj)
HAL_SPI_ErrorCallback                             board_bsp/libhal.a(stm32f4xx_hal_spi.c.obj)
HAL_SPI_GetError                                  board_bsp/libhal.a(stm32f4xx_hal_spi.c.obj)
HAL_SPI_GetState                                  board_bsp/libhal.a(stm32f4xx_hal_spi.c.obj)
HAL_SPI_IRQHandler                                board_bsp/libhal.a(stm32f4xx_hal_spi.c.obj)
HAL_SPI_Init                                      board_bsp/libhal.a(stm32f4xx_hal_spi.c.obj)
                                                  board_bsp/libcore.a(spi.c.obj)
                                                  fatfs/libservices_fatfs.a(fatfs_sd.c.obj)
HAL_SPI_MspDeInit                                 board_bsp/libcore.a(spi.c.obj)
HAL_SPI_MspInit                                   board_bsp/libcore.a(spi.c.obj)
HAL_SPI_Receive                                   board_bsp/libhal.a(stm32f4xx_hal_spi.c.obj)
HAL_SPI_Receive_DMA                               board_bsp/libhal.a(stm32f4xx_hal_spi.c.obj)
HAL_SPI_Receive_IT                                board_bsp/libhal.a(stm32f4xx_hal_spi.c.obj)
HAL_SPI_RxCpltCallback                            board_bsp/libhal.a(stm32f4xx_hal_spi.c.obj)
HAL_SPI_RxHalfCpltCallback                        board_bsp/libhal.a(stm32f4xx_hal_spi.c.obj)
HAL_SPI_Transmit                                  board_bsp/libhal.a(stm32f4xx_hal_spi.c.obj)
                                                  fatfs/libservices_fatfs.a(fatfs_sd.c.obj)
HAL_SPI_TransmitReceive                           board_bsp/libhal.a(stm32f4xx_hal_spi.c.obj)
                                                  fatfs/libservices_fatfs.a(fatfs_sd.c.obj)
HAL_SPI_TransmitReceive_DMA                       board_bsp/libhal.a(stm32f4xx_hal_spi.c.obj)
HAL_SPI_TransmitReceive_IT                        board_bsp/libhal.a(stm32f4xx_hal_spi.c.obj)
HAL_SPI_Transmit_DMA                              board_bsp/libhal.a(stm32f4xx_hal_spi.c.obj)
HAL_SPI_Transmit_IT                               board_bsp/libhal.a(stm32f4xx_hal_spi.c.obj)
HAL_SPI_TxCpltCallback                            board_bsp/libhal.a(stm32f4xx_hal_spi.c.obj)
HAL_SPI_TxHalfCpltCallback                        board_bsp/libhal.a(stm32f4xx_hal_spi.c.obj)
HAL_SPI_TxRxCpltCallback                          board_bsp/libhal.a(stm32f4xx_hal_spi.c.obj)
HAL_SPI_TxRxHalfCpltCallback                      board_bsp/libhal.a(stm32f4xx_hal_spi.c.obj)
HAL_SYSTICK_CLKSourceConfig                       board_bsp/libhal.a(stm32f4xx_hal_cortex.c.obj)
HAL_SYSTICK_Callback                              board_bsp/libhal.a(stm32f4xx_hal_cortex.c.obj)
HAL_SYSTICK_Config                                board_bsp/libhal.a(stm32f4xx_hal_cortex.c.obj)
                                                  board_bsp/libhal.a(stm32f4xx_hal.c.obj)
HAL_SYSTICK_IRQHandler                            board_bsp/libhal.a(stm32f4xx_hal_cortex.c.obj)
HAL_SetTickFreq                                   board_bsp/libhal.a(stm32f4xx_hal.c.obj)
HAL_SuspendTick                                   board_bsp/libhal.a(stm32f4xx_hal.c.obj)
HardFault_Handler                                 board_bsp/CMakeFiles/board_vectors.dir/./Core/Src/stm32f4xx_it.c.obj
                                                  board_bsp/CMakeFiles/board_vectors.dir/./Core/Startup/startup_stm32f411ceux.s.obj
I2C1_ER_IRQHandler                                board_bsp/CMakeFiles/board_vectors.dir/./Core/Startup/startup_stm32f411ceux.s.obj
I2C1_EV_IRQHandler                                board_bsp/CMakeFiles/board_vectors.dir/./Core/Startup/startup_stm32f411ceux.s.obj
I2C2_ER_IRQHandler                                board_bsp/CMakeFiles/board_vectors.dir/./Core/Startup/startup_stm32f411ceux.s.obj
I2C2_EV_IRQHandler                                board_bsp/CMakeFiles/board_vectors.dir/./Core/Startup/startup_stm32f411ceux.s.obj
I2C3_ER_IRQHandler                                board_bsp/CMakeFiles/board_vectors.dir/./Core/Startup/startup_stm32f411ceux.s.obj
I2C3_EV_IRQHandler                                board_bsp/CMakeFiles/board_vectors.dir/./Core/Startup/startup_stm32f411ceux.s.obj
MX_GPIO_Init                                      board_bsp/libcore.a(gpio.c.obj)
                                                  CMakeFiles/sd_card_F411CEU6.dir/drivers/boards/F411CEU6/Core/Src/main.c.obj
MX_SPI1_Init                                      board_bsp/libcore.a(spi.c.obj)
                                                  CMakeFiles/sd_card_F411CEU6.dir/drivers/boards/F411CEU6/Core/Src/main.c.obj
MemManage_Handler                                 board_bsp/CMakeFiles/board_vectors.dir/./Core/Src/stm32f4xx_it.c.obj
                                                  board_bsp/CMakeFiles/board_vectors.dir/./Core/Startup/startup_stm32f411ceux.s.obj
NMI_Handler                                       board_bsp/CMakeFiles/board_vectors.dir/./Core/Src/stm32f4xx_it.c.obj
                                                  board_bsp/CMakeFiles/board_vectors.dir/./Core/Startup/startup_stm32f411ceux.s.obj
OTG_FS_IRQHandler                                 board_bsp/CMakeFiles/board_vectors.dir/./Core/Startup/startup_stm32f411ceux.s.obj
OTG_FS_WKUP_IRQHandler                            board_bsp/CMakeFiles/board_vectors.dir/./Core/Startup/startup_stm32f411ceux.s.obj
PVD_IRQHandler                                    board_bsp/CMakeFiles/board_vectors.dir/./Core/Startup/startup_stm32f411ceux.s.obj
PendSV_Handler                                    board_bsp/CMakeFiles/board_vectors.dir/./Core/Src/stm32f4xx_it.c.obj
                                                  board_bsp/CMakeFiles/board_vectors.dir/./Core/Startup/startup_stm32f411ceux.s.obj
RCC_IRQHandler                                    board_bsp/CMakeFiles/board_vectors.dir/./Core/Startup/startup_stm32f411ceux.s.obj
RTC_Alarm_IRQHandler                              board_bsp/CMakeFiles/board_vectors.dir/./Core/Startup/startup_stm32f411ceux.s.obj
RTC_WKUP_IRQHandler                               board_bsp/CMakeFiles/board_vectors.dir/./Core/Startup/startup_stm32f411ceux.s.obj
Reset_Handler                                     board_bsp/CMakeFiles/board_vectors.dir/./Core/Startup/startup_stm32f411ceux.s.obj
SDIO_IRQHandler                                   board_bsp/CMakeFiles/board_vectors.dir/./Core/Startup/startup_stm32f411ceux.s.obj
SD_disk_initialize                                fatfs/libservices_fatfs.a(fatfs_sd.c.obj)
                                                  fatfs/libservices_fatfs.a(diskio.c.obj)
SD_disk_ioctl                                     fatfs/libservices_fatfs.a(fatfs_sd.c.obj)
                                                  fatfs/libservices_fatfs.a(diskio.c.obj)
SD_disk_read                                      fatfs/libservices_fatfs.a(fatfs_sd.c.obj)
                                                  fatfs/libservices_fatfs.a(diskio.c.obj)
SD_disk_status                                    fatfs/libservices_fatfs.a(fatfs_sd.c.obj)
                                                  fatfs/libservices_fatfs.a(diskio.c.obj)
SD_disk_write                                     fatfs/libservices_fatfs.a(fatfs_sd.c.obj)
                                                  fatfs/libservices_fatfs.a(diskio.c.obj)
SPI1_IRQHandler                                   board_bsp/CMakeFiles/board_vectors.dir/./Core/Startup/startup_stm32f411ceux.s.obj
SPI2_IRQHandler                                   board_bsp/CMakeFiles/board_vectors.dir/./Core/Startup/startup_stm32f411ceux.s.obj
SPI3_IRQHandler                                   board_bsp/CMakeFiles/board_vectors.dir/./Core/Startup/startup_stm32f411ceux.s.obj
SPI4_IRQHandler                                   board_bsp/CMakeFiles/board_vectors.dir/./Core/Startup/startup_stm32f411ceux.s.obj
SPI5_IRQHandler                                   board_bsp/CMakeFiles/board_vectors.dir/./Core/Startup/startup_stm32f411ceux.s.obj
SVC_Handler                                       board_bsp/CMakeFiles/board_vectors.dir/./Core/Src/stm32f4xx_it.c.obj
                                                  board_bsp/CMakeFiles/board_vectors.dir/./Core/Startup/startup_stm32f411ceux.s.obj
SysTick_Handler                                   board_bsp/CMakeFiles/board_vectors.dir/./Core/Src/stm32f4xx_it.c.obj
                                                  board_bsp/CMakeFiles/board_vectors.dir/./Core/Startup/startup_stm32f411ceux.s.obj
SystemClock_Config                                CMakeFiles/sd_card_F411CEU6.dir/drivers/boards/F411CEU6/Core/Src/main.c.obj
SystemCoreClock                                   board_bsp/libcmsis.a(system_stm32f4xx.c.obj)
                                                  board_bsp/libhal.a(stm32f4xx_hal_dma.c.obj)
                                                  board_bsp/libhal.a(stm32f4xx_hal_spi.c.obj)
                                                  board_bsp/libhal.a(stm32f4xx_hal_rcc.c.obj)
                                                  board_bsp/libhal.a(stm32f4xx_hal.c.obj)
SystemCoreClockUpdate                             board_bsp/libcmsis.a(system_stm32f4xx.c.obj)
SystemInit                                        board_bsp/libcmsis.a(system_stm32f4xx.c.obj)
                                                  board_bsp/CMakeFiles/board_vectors.dir/./Core/Startup/startup_stm32f411ceux.s.obj
TAMP_STAMP_IRQHandler                             board_bsp/CMakeFiles/board_vectors.dir/./Core/Startup/startup_stm32f411ceux.s.obj
TIM1_BRK_TIM9_IRQHandler                          board_bsp/CMakeFiles/board_vectors.dir/./Core/Startup/startup_stm32f411ceux.s.obj
TIM1_CC_IRQHandler                                board_bsp/CMakeFiles/board_vectors.dir/./Core/Startup/startup_stm32f411ceux.s.obj
TIM1_TRG_COM_TIM11_IRQHandler                     board_bsp/CMakeFiles/board_vectors.dir/./Core/Startup/startup_stm32f411ceux.s.obj
TIM1_UP_TIM10_IRQHandler                          board_bsp/CMakeFiles/board_vectors.dir/./Core/Startup/startup_stm32f411ceux.s.obj
TIM2_IRQHandler                                   board_bsp/CMakeFiles/board_vectors.dir/./Core/Startup/startup_stm32f411ceux.s.obj
TIM3_IRQHandler                                   board_bsp/CMakeFiles/board_vectors.dir/./Core/Startup/startup_stm32f411ceux.s.obj
TIM4_IRQHandler                                   board_bsp/CMakeFiles/board_vectors.dir/./Core/Startup/startup_stm32f411ceux.s.obj
TIM5_IRQHandler                                   board_bsp/CMakeFiles/board_vectors.dir/./Core/Startup/startup_stm32f411ceux.s.obj
USART1_IRQHandler                                 board_bsp/CMakeFiles/board_vectors.dir/./Core/Startup/startup_stm32f411ceux.s.obj
USART2_IRQHandler                                 board_bsp/CMakeFiles/board_vectors.dir/./Core/Startup/startup_stm32f411ceux.s.obj
USART6_IRQHandler                                 board_bsp/CMakeFiles/board_vectors.dir/./Core/Startup/startup_stm32f411ceux.s.obj
UsageFault_Handler                                board_bsp/CMakeFiles/board_vectors.dir/./Core/Src/stm32f4xx_it.c.obj
                                                  board_bsp/CMakeFiles/board_vectors.dir/./Core/Startup/startup_stm32f411ceux.s.obj
WWDG_IRQHandler                                   board_bsp/CMakeFiles/board_vectors.dir/./Core/Startup/startup_stm32f411ceux.s.obj
_ITM_deregisterTMCloneTable                       C:/Project/stm32_workspace/project_stm32f4x/toolchains/armcc/bin/../lib/gcc/arm-none-eabi/14.2.1/thumb/v7e-m+fp/hard/crtbegin.o
_ITM_registerTMCloneTable                         C:/Project/stm32_workspace/project_stm32f4x/toolchains/armcc/bin/../lib/gcc/arm-none-eabi/14.2.1/thumb/v7e-m+fp/hard/crtbegin.o
_Min_Stack_Size                                   board_bsp/CMakeFiles/board_runtime.dir/./Core/Src/sysmem.c.obj
__TMC_END__                                       C:/Project/stm32_workspace/project_stm32f4x/toolchains/armcc/bin/../lib/gcc/arm-none-eabi/14.2.1/thumb/v7e-m+fp/hard/crtend.o
                                                  C:/Project/stm32_workspace/project_stm32f4x/toolchains/armcc/bin/../lib/gcc/arm-none-eabi/14.2.1/thumb/v7e-m+fp/hard/crtbegin.o
__aeabi_idiv0                                     C:/Project/stm32_workspace/project_stm32f4x/toolchains/armcc/bin/../lib/gcc/arm-none-eabi/14.2.1/thumb/v7e-m+fp/hard\libgcc.a(_dvmd_tls.o)
__aeabi_ldiv0                                     C:/Project/stm32_workspace/project_stm32f4x/toolchains/armcc/bin/../lib/gcc/arm-none-eabi/14.2.1/thumb/v7e-m+fp/hard\libgcc.a(_dvmd_tls.o)
                                                  C:/Project/stm32_workspace/project_stm32f4x/toolchains/armcc/bin/../lib/gcc/arm-none-eabi/14.2.1/thumb/v7e-m+fp/hard\libgcc.a(_aeabi_uldivmod.o)
__aeabi_uldivmod                                  C:/Project/stm32_workspace/project_stm32f4x/toolchains/armcc/bin/../lib/gcc/arm-none-eabi/14.2.1/thumb/v7e-m+fp/hard\libgcc.a(_aeabi_uldivmod.o)
                                                  board_bsp/libhal.a(stm32f4xx_hal_rcc.c.obj)
__bss_end__                                       C:/Project/stm32_workspace/project_stm32f4x/toolchains/armcc/bin/../lib/gcc/arm-none-eabi/14.2.1/thumb/v7e-m+fp/hard/crt0.o
__bss_start__                                     C:/Project/stm32_workspace/project_stm32f4x/toolchains/armcc/bin/../lib/gcc/arm-none-eabi/14.2.1/thumb/v7e-m+fp/hard/crt0.o
__call_exitprocs                                  C:/Project/stm32_workspace/project_stm32f4x/toolchains/armcc/bin/../lib/gcc/arm-none-eabi/14.2.1/thumb/v7e-m+fp/hard\libc_nano.a(libc_a-exit.o)
__deregister_frame_info                           C:/Project/stm32_workspace/project_stm32f4x/toolchains/armcc/bin/../lib/gcc/arm-none-eabi/14.2.1/thumb/v7e-m+fp/hard/crtbegin.o
__dso_handle                                      C:/Project/stm32_workspace/project_stm32f4x/toolchains/armcc/bin/../lib/gcc/arm-none-eabi/14.2.1/thumb/v7e-m+fp/hard/crtbegin.o
__env                                             board_bsp/CMakeFiles/board_runtime.dir/./Core/Src/syscalls.c.obj
__errno                                           C:/Project/stm32_workspace/project_stm32f4x/toolchains/armcc/bin/../lib/gcc/arm-none-eabi/14.2.1/thumb/v7e-m+fp/hard\libg_nano.a(libc_a-errno.o)
                                                  board_bsp/CMakeFiles/board_runtime.dir/./Core/Src/sysmem.c.obj
                                                  board_bsp/CMakeFiles/board_runtime.dir/./Core/Src/syscalls.c.obj
__fp_lock_all                                     C:/Project/stm32_workspace/project_stm32f4x/toolchains/armcc/bin/../lib/gcc/arm-none-eabi/14.2.1/thumb/v7e-m+fp/hard\libc_nano.a(libc_a-findfp.o)
__fp_unlock_all                                   C:/Project/stm32_workspace/project_stm32f4x/toolchains/armcc/bin/../lib/gcc/arm-none-eabi/14.2.1/thumb/v7e-m+fp/hard\libc_nano.a(libc_a-findfp.o)
__init_array_end                                  C:/Project/stm32_workspace/project_stm32f4x/toolchains/armcc/bin/../lib/gcc/arm-none-eabi/14.2.1/thumb/v7e-m+fp/hard\libc_nano.a(libc_a-init.o)
__init_array_start                                C:/Project/stm32_workspace/project_stm32f4x/toolchains/armcc/bin/../lib/gcc/arm-none-eabi/14.2.1/thumb/v7e-m+fp/hard\libc_nano.a(libc_a-init.o)
__io_getchar                                      board_bsp/CMakeFiles/board_runtime.dir/./Core/Src/syscalls.c.obj
__io_putchar                                      board_bsp/CMakeFiles/board_runtime.dir/./Core/Src/syscalls.c.obj
__libc_fini_array                                 C:/Project/stm32_workspace/project_stm32f4x/toolchains/armcc/bin/../lib/gcc/arm-none-eabi/14.2.1/thumb/v7e-m+fp/hard/crt0.o
__libc_init_array                                 C:/Project/stm32_workspace/project_stm32f4x/toolchains/armcc/bin/../lib/gcc/arm-none-eabi/14.2.1/thumb/v7e-m+fp/hard\libc_nano.a(libc_a-init.o)
                                                  board_bsp/CMakeFiles/board_vectors.dir/./Core/Startup/startup_stm32f411ceux.s.obj
                                                  C:/Project/stm32_workspace/project_stm32f4x/toolchains/armcc/bin/../lib/gcc/arm-none-eabi/14.2.1/thumb/v7e-m+fp/hard/crt0.o
__lock___arc4random_mutex                         C:/Project/stm32_workspace/project_stm32f4x/toolchains/armcc/bin/../lib/gcc/arm-none-eabi/14.2.1/thumb/v7e-m+fp/hard\libc_nano.a(libc_a-lock.o)
__lock___at_quick_exit_mutex                      C:/Project/stm32_workspace/project_stm32f4x/toolchains/armcc/bin/../lib/gcc/arm-none-eabi/14.2.1/thumb/v7e-m+fp/hard\libc_nano.a(libc_a-lock.o)
__lock___atexit_recursive_mutex                   C:/Project/stm32_workspace/project_stm32f4x/toolchains/armcc/bin/../lib/gcc/arm-none-eabi/14.2.1/thumb/v7e-m+fp/hard\libc_nano.a(libc_a-lock.o)
__lock___dd_hash_mutex                            C:/Project/stm32_workspace/project_stm32f4x/toolchains/armcc/bin/../lib/gcc/arm-none-eabi/14.2.1/thumb/v7e-m+fp/hard\libc_nano.a(libc_a-lock.o)
__lock___env_recursive_mutex                      C:/Project/stm32_workspace/project_stm32f4x/toolchains/armcc/bin/../lib/gcc/arm-none-eabi/14.2.1/thumb/v7e-m+fp/hard\libc_nano.a(libc_a-lock.o)
__lock___malloc_recursive_mutex                   C:/Project/stm32_workspace/project_stm32f4x/toolchains/armcc/bin/../lib/gcc/arm-none-eabi/14.2.1/thumb/v7e-m+fp/hard\libc_nano.a(libc_a-lock.o)
                                                  C:/Project/stm32_workspace/project_stm32f4x/toolchains/armcc/bin/../lib/gcc/arm-none-eabi/14.2.1/thumb/v7e-m+fp/hard\libc_nano.a(libc_a-mlock.o)
__lock___sfp_recursive_mutex                      C:/Project/stm32_workspace/project_stm32f4x/toolchains/armcc/bin/../lib/gcc/arm-none-eabi/14.2.1/thumb/v7e-m+fp/hard\libc_nano.a(libc_a-lock.o)
                                                  C:/Project/stm32_workspace/project_stm32f4x/toolchains/armcc/bin/../lib/gcc/arm-none-eabi/14.2.1/thumb/v7e-m+fp/hard\libc_nano.a(libc_a-findfp.o)
__lock___tz_mutex                                 C:/Project/stm32_workspace/project_stm32f4x/toolchains/armcc/bin/../lib/gcc/arm-none-eabi/14.2.1/thumb/v7e-m+fp/hard\libc_nano.a(libc_a-lock.o)
__malloc_free_list                                C:/Project/stm32_workspace/project_stm32f4x/toolchains/armcc/bin/../lib/gcc/arm-none-eabi/14.2.1/thumb/v7e-m+fp/hard\libc_nano.a(libc_a-mallocr.o)
                                                  C:/Project/stm32_workspace/project_stm32f4x/toolchains/armcc/bin/../lib/gcc/arm-none-eabi/14.2.1/thumb/v7e-m+fp/hard\libc_nano.a(libc_a-freer.o)
__malloc_lock                                     C:/Project/stm32_workspace/project_stm32f4x/toolchains/armcc/bin/../lib/gcc/arm-none-eabi/14.2.1/thumb/v7e-m+fp/hard\libc_nano.a(libc_a-mlock.o)
                                                  C:/Project/stm32_workspace/project_stm32f4x/toolchains/armcc/bin/../lib/gcc/arm-none-eabi/14.2.1/thumb/v7e-m+fp/hard\libc_nano.a(libc_a-mallocr.o)
                                                  C:/Project/stm32_workspace/project_stm32f4x/toolchains/armcc/bin/../lib/gcc/arm-none-eabi/14.2.1/thumb/v7e-m+fp/hard\libc_nano.a(libc_a-freer.o)
__malloc_sbrk_start                               C:/Project/stm32_workspace/project_stm32f4x/toolchains/armcc/bin/../lib/gcc/arm-none-eabi/14.2.1/thumb/v7e-m+fp/hard\libc_nano.a(libc_a-mallocr.o)
__malloc_unlock                                   C:/Project/stm32_workspace/project_stm32f4x/toolchains/armcc/bin/../lib/gcc/arm-none-eabi/14.2.1/thumb/v7e-m+fp/hard\libc_nano.a(libc_a-mlock.o)
                                                  C:/Project/stm32_workspace/project_stm32f4x/toolchains/armcc/bin/../lib/gcc/arm-none-eabi/14.2.1/thumb/v7e-m+fp/hard\libc_nano.a(libc_a-mallocr.o)
                                                  C:/Project/stm32_workspace/project_stm32f4x/toolchains/armcc/bin/../lib/gcc/arm-none-eabi/14.2.1/thumb/v7e-m+fp/hard\libc_nano.a(libc_a-freer.o)
__preinit_array_end                               C:/Project/stm32_workspace/project_stm32f4x/toolchains/armcc/bin/../lib/gcc/arm-none-eabi/14.2.1/thumb/v7e-m+fp/hard\libc_nano.a(libc_a-init.o)
__preinit_array_start                             C:/Project/stm32_workspace/project_stm32f4x/toolchains/armcc/bin/../lib/gcc/arm-none-eabi/14.2.1/thumb/v7e-m+fp/hard\libc_nano.a(libc_a-init.o)
__register_frame_info                             C:/Project/stm32_workspace/project_stm32f4x/toolchains/armcc/bin/../lib/gcc/arm-none-eabi/14.2.1/thumb/v7e-m+fp/hard/crtbegin.o
__retarget_lock_acquire                           C:/Project/stm32_workspace/project_stm32f4x/toolchains/armcc/bin/../lib/gcc/arm-none-eabi/14.2.1/thumb/v7e-m+fp/hard\libc_nano.a(libc_a-lock.o)
__retarget_lock_acquire_recursive                 C:/Project/stm32_workspace/project_stm32f4x/toolchains/armcc/bin/../lib/gcc/arm-none-eabi/14.2.1/thumb/v7e-m+fp/hard\libc_nano.a(libc_a-lock.o)
                                                  C:/Project/stm32_workspace/project_stm32f4x/toolchains/armcc/bin/../lib/gcc/arm-none-eabi/14.2.1/thumb/v7e-m+fp/hard\libc_nano.a(libc_a-fflush.o)
                                                  C:/Project/stm32_workspace/project_stm32f4x/toolchains/armcc/bin/../lib/gcc/arm-none-eabi/14.2.1/thumb/v7e-m+fp/hard\libc_nano.a(libc_a-mlock.o)