Archive member included to satisfy reference by file (symbol)

C:/Project/stm32_workspace/project_stm32f4x/toolchains/armcc/bin/../lib/gcc/arm-none-eabi/14.2.1/thumb/v7e-m+fp/hard\libc_nano.a(libc_a-exit.o)
                              C:/Project/stm32_workspace/project_stm32f4x/toolchains/armcc/bin/../lib/gcc/arm-none-eabi/14.2.1/thumb/v7e-m+fp/hard/crt0.o (exit)
C:/Project/stm32_workspace/project_stm32f4x/toolchains/armcc/bin/../lib/gcc/arm-none-eabi/14.2.1/thumb/v7e-m+fp/hard\libc_nano.a(libc_a-findfp.o)
                              C:/Project/stm32_workspace/project_stm32f4x/toolchains/armcc/bin/../lib/gcc/arm-none-eabi/14.2.1/thumb/v7e-m+fp/hard\libc_nano.a(libc_a-exit.o) (__stdio_exit_handler)
C:/Project/stm32_workspace/project_stm32f4x/toolchains/armcc/bin/../lib/gcc/arm-none-eabi/14.2.1/thumb/v7e-m+fp/hard\libc_nano.a(libc_a-fwalk.o)
                              C:/Project/stm32_workspace/project_stm32f4x/toolchains/armcc/bin/../lib/gcc/arm-none-eabi/14.2.1/thumb/v7e-m+fp/hard\libc_nano.a(libc_a-findfp.o) (_fwalk_sglue)
C:/Project/stm32_workspace/project_stm32f4x/toolchains/armcc/bin/../lib/gcc/arm-none-eabi/14.2.1/thumb/v7e-m+fp/hard\libc_nano.a(libc_a-stdio.o)
                              C:/Project/stm32_workspace/project_stm32f4x/toolchains/armcc/bin/../lib/gcc/arm-none-eabi/14.2.1/thumb/v7e-m+fp/hard\libc_nano.a(libc_a-findfp.o) (__sread)
C:/Project/stm32_workspace/project_stm32f4x/toolchains/armcc/bin/../lib/gcc/arm-none-eabi/14.2.1/thumb/v7e-m+fp/hard\libc_nano.a(libc_a-memset.o)
                              C:/Project/stm32_workspace/project_stm32f4x/toolchains/armcc/bin/../lib/gcc/arm-none-eabi/14.2.1/thumb/v7e-m+fp/hard/crt0.o (memset)
C:/Project/stm32_workspace/project_stm32f4x/toolchains/armcc/bin/../lib/gcc/arm-none-eabi/14.2.1/thumb/v7e-m+fp/hard\libc_nano.a(libc_a-closer.o)
                              C:/Project/stm32_workspace/project_stm32f4x/toolchains/armcc/bin/../lib/gcc/arm-none-eabi/14.2.1/thumb/v7e-m+fp/hard\libc_nano.a(libc_a-stdio.o) (_close_r)
C:/Project/stm32_workspace/project_stm32f4x/toolchains/armcc/bin/../lib/gcc/arm-none-eabi/14.2.1/thumb/v7e-m+fp/hard\libc_nano.a(libc_a-reent.o)
                              C:/Project/stm32_workspace/project_stm32f4x/toolchains/armcc/bin/../lib/gcc/arm-none-eabi/14.2.1/thumb/v7e-m+fp/hard\libc_nano.a(libc_a-closer.o) (errno)
C:/Project/stm32_workspace/project_stm32f4x/toolchains/armcc/bin/../lib/gcc/arm-none-eabi/14.2.1/thumb/v7e-m+fp/hard\libc_nano.a(libc_a-impure.o)
                              C:/Project/stm32_workspace/project_stm32f4x/toolchains/armcc/bin/../lib/gcc/arm-none-eabi/14.2.1/thumb/v7e-m+fp/hard\libc_nano.a(libc_a-reent.o) (_impure_ptr)
C:/Project/stm32_workspace/project_stm32f4x/toolchains/armcc/bin/../lib/gcc/arm-none-eabi/14.2.1/thumb/v7e-m+fp/hard\libc_nano.a(libc_a-lseekr.o)
                              C:/Project/stm32_workspace/project_stm32f4x/toolchains/armcc/bin/../lib/gcc/arm-none-eabi/14.2.1/thumb/v7e-m+fp/hard\libc_nano.a(libc_a-stdio.o) (_lseek_r)
C:/Project/stm32_workspace/project_stm32f4x/toolchains/armcc/bin/../lib/gcc/arm-none-eabi/14.2.1/thumb/v7e-m+fp/hard\libc_nano.a(libc_a-readr.o)
                              C:/Project/stm32_workspace/project_stm32f4x/toolchains/armcc/bin/../lib/gcc/arm-none-eabi/14.2.1/thumb/v7e-m+fp/hard\libc_nano.a(libc_a-stdio.o) (_read_r)
C:/Project/stm32_workspace/project_stm32f4x/toolchains/armcc/bin/../lib/gcc/arm-none-eabi/14.2.1/thumb/v7e-m+fp/hard\libc_nano.a(libc_a-writer.o)
                              C:/Project/stm32_workspace/project_stm32f4x/toolchains/armcc/bin/../lib/gcc/arm-none-eabi/14.2.1/thumb/v7e-m+fp/hard\libc_nano.a(libc_a-stdio.o) (_write_r)
C:/Project/stm32_workspace/project_stm32f4x/toolchains/armcc/bin/../lib/gcc/arm-none-eabi/14.2.1/thumb/v7e-m+fp/hard\libc_nano.a(libc_a-init.o)
                              C:/Project/stm32_workspace/project_stm32f4x/toolchains/armcc/bin/../lib/gcc/arm-none-eabi/14.2.1/thumb/v7e-m+fp/hard/crt0.o (__libc_init_array)
C:/Project/stm32_workspace/project_stm32f4x/toolchains/armcc/bin/../lib/gcc/arm-none-eabi/14.2.1/thumb/v7e-m+fp/hard\libc_nano.a(libc_a-lock.o)
                              C:/Project/stm32_workspace/project_stm32f4x/toolchains/armcc/bin/../lib/gcc/arm-none-eabi/14.2.1/thumb/v7e-m+fp/hard\libc_nano.a(libc_a-findfp.o) (__retarget_lock_init_recursive)
C:/Project/stm32_workspace/project_stm32f4x/toolchains/armcc/bin/../lib/gcc/arm-none-eabi/14.2.1/thumb/v7e-m+fp/hard\libc_nano.a(libc_a-freer.o)
                              C:/Project/stm32_workspace/project_stm32f4x/toolchains/armcc/bin/../lib/gcc/arm-none-eabi/14.2.1/thumb/v7e-m+fp/hard\libc_nano.a(libc_a-reent.o) (_free_r)
C:/Project/stm32_workspace/project_stm32f4x/toolchains/armcc/bin/../lib/gcc/arm-none-eabi/14.2.1/thumb/v7e-m+fp/hard\libc_nano.a(libc_a-mallocr.o)
[...]
Memory Configuration

Name             Origin             Length             Attributes
RAM              0x20000000         0x00020000         xrw
FLASH            0x08000000         0x00080000         xr
*default*        0x00000000         0xffffffff

Linker script and memory map

LOAD C:/Project/stm32_workspace/project_stm32f4x/toolchains/armcc/bin/../lib/gcc/arm-none-eabi/14.2.1/thumb/v7e-m+fp/hard/crti.o
LOAD C:/Project/stm32_workspace/project_stm32f4x/toolchains/armcc/bin/../lib/gcc/arm-none-eabi/14.2.1/thumb/v7e-m+fp/hard/crtbegin.o
LOAD C:/Project/stm32_workspace/project_stm32f4x/toolchains/armcc/bin/../lib/gcc/arm-none-eabi/14.2.1/thumb/v7e-m+fp/hard/crt0.o
LOAD C:/Project/stm32_workspace/project_stm32f4x/toolchains/armcc/bin/../lib/gcc/arm-none-eabi/14.2.1/thumb/v7e-m+fp/hard\libc_nano.a
LOAD C:/Project/stm32_workspace/project_stm32f4x/toolchains/armcc/bin/../lib/gcc/arm-none-eabi/14.2.1/thumb/v7e-m+fp/hard\libm.a
LOAD CMakeFiles/sd_card_basic_F411CEU6.dir/drivers/boards/F411CEU6/Core/Src/main.c.obj
LOAD board_bsp/CMakeFiles/board_runtime.dir/./Core/Src/syscalls.c.obj
LOAD board_bsp/CMakeFiles/board_runtime.dir/./Core/Src/sysmem.c.obj
LOAD board_bsp/CMakeFiles/board_vectors.dir/./Core/Startup/startup_stm32f411ceux.s.obj
LOAD board_bsp/CMakeFiles/board_vectors.dir/./Core/Src/stm32f4xx_it.c.obj
LOAD libapp_sd_card_basic.a
LOAD board_bsp/libcore.a
LOAD board_bsp/libhal.a
LOAD board_bsp/libcmsis.a
START GROUP
LOAD C:/Project/stm32_workspace/project_stm32f4x/toolchains/armcc/bin/../lib/gcc/arm-none-eabi/14.2.1/thumb/v7e-m+fp/hard\libgcc.a
LOAD C:/Project/stm32_workspace/project_stm32f4x/toolchains/armcc/bin/../lib/gcc/arm-none-eabi/14.2.1/thumb/v7e-m+fp/hard\libg_nano.a
LOAD C:/Project/stm32_workspace/project_stm32f4x/toolchains/armcc/bin/../lib/gcc/arm-none-eabi/14.2.1/thumb/v7e-m+fp/hard\libc_nano.a
END GROUP
START GROUP
LOAD C:/Project/stm32_workspace/project_stm32f4x/toolchains/armcc/bin/../lib/gcc/arm-none-eabi/14.2.1/thumb/v7e-m+fp/hard\libgcc.a
LOAD C:/Project/stm32_workspace/project_stm32f4x/toolchains/armcc/bin/../lib/gcc/arm-none-eabi/14.2.1/thumb/v7e-m+fp/hard\libc_nano.a
END GROUP
LOAD C:/Project/stm32_workspace/project_stm32f4x/toolchains/armcc/bin/../lib/gcc/arm-none-eabi/14.2.1/thumb/v7e-m+fp/hard/crtend.o
LOAD C:/Project/stm32_workspace/project_stm32f4x/toolchains/armcc/bin/../lib/gcc/arm-none-eabi/14.2.1/thumb/v7e-m+fp/hard/crtn.o
                0x20020000                        _estack = (ORIGIN (RAM) + LENGTH (RAM))
                0x00000200                        _Min_Heap_Size = 0x200
                0x00000400                        _Min_Stack_Size = 0x400

.isr_vector     0x08000000      0x198
                0x08000000                        . = ALIGN (0x4)
 *(.isr_vector)
 .isr_vector    0x08000000      0x198 board_bsp/CMakeFiles/board_vectors.dir/./Core/Startup/startup_stm32f411ceux.s.obj
                0x08000000                g_pfnVectors
                0x08000198                        . = ALIGN (0x4)

.text           0x08000198     0x1ec4
                0x08000198                        . = ALIGN (0x4)
 *(.text)
 .text          0x08000198       0x30 C:/Project/stm32_workspace/project_stm32f4x/toolchains/armcc/bin/../lib/gcc/arm-none-eabi/14.2.1/thumb/v7e-m+fp/hard\libgcc.a(_aeabi_uldivmod.o)
                0x08000198                __aeabi_uldivmod
 .text          0x080001c8        0x4 C:/Project/stm32_workspace/project_stm32f4x/toolchains/armcc/bin/../lib/gcc/arm-none-eabi/14.2.1/thumb/v7e-m+fp/hard\libgcc.a(_dvmd_tls.o)
                0x080001c8                __aeabi_idiv0
                0x080001c8                __aeabi_ldiv0
 *(.text*)
 .text.deregister_tm_clones
                0x080001cc       0x1c C:/Project/stm32_workspace/project_stm32f4x/toolchains/armcc/bin/../lib/gcc/arm-none-eabi/14.2.1/thumb/v7e-m+fp/hard/crtbegin.o
 .text.register_tm_clones
                0x080001e8       0x24 C:/Project/stm32_workspace/project_stm32f4x/toolchains/armcc/bin/../lib/gcc/arm-none-eabi/14.2.1/thumb/v7e-m+fp/hard/crtbegin.o
 .text.__do_global_dtors_aux
                0x0800020c       0x28 C:/Project/stm32_workspace/project_stm32f4x/toolchains/armcc/bin/../lib/gcc/arm-none-eabi/14.2.1/thumb/v7e-m+fp/hard/crtbegin.o
 .text.frame_dummy
                0x08000234       0x24 C:/Project/stm32_workspace/project_stm32f4x/toolchains/armcc/bin/../lib/gcc/arm-none-eabi/14.2.1/thumb/v7e-m+fp/hard/crtbegin.o
 .text.memset   0x08000258       0x10 C:/Project/stm32_workspace/project_stm32f4x/toolchains/armcc/bin/../lib/gcc/arm-none-eabi/14.2.1/thumb/v7e-m+fp/hard\libc_nano.a(libc_a-memset.o)
                0x08000258                memset
 .text.__libc_init_array
                0x08000268       0x48 C:/Project/stm32_workspace/project_stm32f4x/toolchains/armcc/bin/../lib/gcc/arm-none-eabi/14.2.1/thumb/v7e-m+fp/hard\libc_nano.a(libc_a-init.o)
                0x08000268                __libc_init_array
 .text.Error_Handler
                0x080002b0        0x4 CMakeFiles/sd_card_basic_F411CEU6.dir/drivers/boards/F411CEU6/Core/Src/main.c.obj
                0x080002b0                Error_Handler
 .text.SystemClock_Config
                0x080002b4       0xa4 CMakeFiles/sd_card_basic_F411CEU6.dir/drivers/boards/F411CEU6/Core/Src/main.c.obj
                0x080002b4                SystemClock_Config
 .text.main     0x08000358       0x20 CMakeFiles/sd_card_basic_F411CEU6.dir/drivers/boards/F411CEU6/Core/Src/main.c.obj
                0x08000358                main
 .text.Reset_Handler
                0x08000378       0x50 board_bsp/CMakeFiles/board_vectors.dir/./Core/Startup/startup_stm32f411ceux.s.obj
                0x08000378                Reset_Handler
 .text.Default_Handler
                0x080003c8        0x2 board_bsp/CMakeFiles/board_vectors.dir/./Core/Startup/startup_stm32f411ceux.s.obj
                0x080003c8                RTC_Alarm_IRQHandler
                0x080003c8                EXTI2_IRQHandler
                0x080003c8                SPI4_IRQHandler
                0x080003c8                TIM1_CC_IRQHandler
                0x080003c8                DMA2_Stream5_IRQHandler
                0x080003c8                DMA1_Stream5_IRQHandler
                0x080003c8                PVD_IRQHandler
                0x080003c8                SDIO_IRQHandler
                0x080003c8                TAMP_STAMP_IRQHandler
                0x080003c8                EXTI3_IRQHandler
                0x080003c8                TIM1_UP_TIM10_IRQHandler
                0x080003c8                I2C3_ER_IRQHandler
                0x080003c8                I2C2_EV_IRQHandler
                0x080003c8                DMA1_Stream2_IRQHandler
                0x080003c8                FPU_IRQHandler
                0x080003c8                SPI1_IRQHandler
                0x080003c8                TIM1_BRK_TIM9_IRQHandler
                0x080003c8                DMA2_Stream3_IRQHandler
                0x080003c8                USART6_IRQHandler
                0x080003c8                TIM4_IRQHandler
                0x080003c8                I2C1_EV_IRQHandler
                0x080003c8                DMA1_Stream6_IRQHandler
                0x080003c8                DMA1_Stream1_IRQHandler
                0x080003c8                TIM3_IRQHandler
                0x080003c8                RCC_IRQHandler
                0x080003c8                Default_Handler
                0x080003c8                EXTI15_10_IRQHandler
                0x080003c8                ADC_IRQHandler
                0x080003c8                DMA1_Stream7_IRQHandler
                0x080003c8                SPI5_IRQHandler
                0x080003c8                TIM5_IRQHandler
                0x080003c8                DMA2_Stream7_IRQHandler
                0x080003c8                I2C3_EV_IRQHandler
                0x080003c8                EXTI9_5_IRQHandler
                0x080003c8                RTC_WKUP_IRQHandler
                0x080003c8                SPI2_IRQHandler
                0x080003c8                DMA1_Stream0_IRQHandler
                0x080003c8                EXTI4_IRQHandler
                0x080003c8                WWDG_IRQHandler
                0x080003c8                TIM2_IRQHandler
                0x080003c8                OTG_FS_WKUP_IRQHandler
                0x080003c8                TIM1_TRG_COM_TIM11_IRQHandler
                0x080003c8                EXTI1_IRQHandler
                0x080003c8                USART2_IRQHandler
                0x080003c8                I2C2_ER_IRQHandler
                0x080003c8                DMA2_Stream1_IRQHandler
                0x080003c8                FLASH_IRQHandler
                0x080003c8                DMA2_Stream4_IRQHandler
                0x080003c8                USART1_IRQHandler
                0x080003c8                OTG_FS_IRQHandler
                0x080003c8                SPI3_IRQHandler
                0x080003c8                DMA1_Stream4_IRQHandler
                0x080003c8                I2C1_ER_IRQHandler
                0x080003c8                DMA2_Stream6_IRQHandler
                0x080003c8                DMA1_Stream3_IRQHandler
 .text.NMI_Handler
                0x080003ca        0x2 board_bsp/CMakeFiles/board_vectors.dir/./Core/Src/stm32f4xx_it.c.obj
                0x080003ca                NMI_Handler
 .text.HardFault_Handler
                0x080003cc        0x2 board_bsp/CMakeFiles/board_vectors.dir/./Core/Src/stm32f4xx_it.c.obj
                0x080003cc                HardFault_Handler
 .text.MemManage_Handler
                0x080003ce        0x2 board_bsp/CMakeFiles/board_vectors.dir/./Core/Src/stm32f4xx_it.c.obj
                0x080003ce                MemManage_Handler
 .text.BusFault_Handler
                0x080003d0        0x2 board_bsp/CMakeFiles/board_vectors.dir/./Core/Src/stm32f4xx_it.c.obj
                0x080003d0                BusFault_Handler
 .text.UsageFault_Handler
                0x080003d2        0x2 board_bsp/CMakeFiles/board_vectors.dir/./Core/Src/stm32f4xx_it.c.obj
                0x080003d2                UsageFault_Handler
 .text.SVC_Handler
                0x080003d4        0x2 board_bsp/CMakeFiles/board_vectors.dir/./Core/Src/stm32f4xx_it.c.obj
                0x080003d4                SVC_Handler
 .text.DebugMon_Handler
                0x080003d6        0x2 board_bsp/CMakeFiles/board_vectors.dir/./Core/Src/stm32f4xx_it.c.obj
                0x080003d6                DebugMon_Handler
 .text.PendSV_Handler
                0x080003d8        0x2 board_bsp/CMakeFiles/board_vectors.dir/./Core/Src/stm32f4xx_it.c.obj
                0x080003d8                PendSV_Handler
 .text.SysTick_Handler
                0x080003da        0x8 board_bsp/CMakeFiles/board_vectors.dir/./Core/Src/stm32f4xx_it.c.obj
                0x080003da                SysTick_Handler
 .text.EXTI0_IRQHandler
                0x080003e2        0xa board_bsp/CMakeFiles/board_vectors.dir/./Core/Src/stm32f4xx_it.c.obj
                0x080003e2                EXTI0_IRQHandler
 .text.DMA2_Stream0_IRQHandler
                0x080003ec       0x10 board_bsp/CMakeFiles/board_vectors.dir/./Core/Src/stm32f4xx_it.c.obj
                0x080003ec                DMA2_Stream0_IRQHandler
 .text.DMA2_Stream2_IRQHandler
                0x080003fc       0x10 board_bsp/CMakeFiles/board_vectors.dir/./Core/Src/stm32f4xx_it.c.obj
                0x080003fc                DMA2_Stream2_IRQHandler
 .text.prepare_sd_cmd
                0x0800040c       0x38 libapp_sd_card_basic.a(app.c.obj)
 .text.find_r1_response
                0x08000444       0x1c libapp_sd_card_basic.a(app.c.obj)
 .text.kick_dma
                0x08000460       0x3c libapp_sd_card_basic.a(app.c.obj)
 .text.HAL_SPI_TxRxCpltCallback
                0x0800049c       0x1c libapp_sd_card_basic.a(app.c.obj)
                0x0800049c                HAL_SPI_TxRxCpltCallback
 .text.app_init
                0x080004b8       0x2c libapp_sd_card_basic.a(app.c.obj)
                0x080004b8                app_init
 .text.app_process
                0x080004e4      0x274 libapp_sd_card_basic.a(app.c.obj)
                0x080004e4                app_process
 .text.MX_DMA_Init
                0x08000758       0x44 board_bsp/libcore.a(dma.c.obj)
                0x08000758                MX_DMA_Init
 .text.MX_GPIO_Init
                0x0800079c       0xbc board_bsp/libcore.a(gpio.c.obj)
                0x0800079c                MX_GPIO_Init
 .text.MX_SPI1_Init
                0x08000858       0x44 board_bsp/libcore.a(spi.c.obj)
                0x08000858                MX_SPI1_Init
 .text.HAL_SPI_MspInit
                0x0800089c       0xe8 board_bsp/libcore.a(spi.c.obj)
                0x0800089c                HAL_SPI_MspInit
 .text.HAL_MspInit
                0x08000984        0x2 board_bsp/libhal.a(stm32f4xx_hal.c.obj)
                0x08000984                HAL_MspInit
 *fill*         0x08000986        0x2 
 .text.HAL_InitTick
                0x08000988       0x4c board_bsp/libhal.a(stm32f4xx_hal.c.obj)
                0x08000988                HAL_InitTick
 .text.HAL_Init
                0x080009d4       0x34 board_bsp/libhal.a(stm32f4xx_hal.c.obj)
                0x080009d4                HAL_Init
 .text.HAL_IncTick
                0x08000a08       0x18 board_bsp/libhal.a(stm32f4xx_hal.c.obj)
                0x08000a08                HAL_IncTick
 .text.HAL_GetTick
                0x08000a20        0xc board_bsp/libhal.a(stm32f4xx_hal.c.obj)
                0x08000a20                HAL_GetTick
 .text.__NVIC_EnableIRQ
                0x08000a2c       0x1c board_bsp/libhal.a(stm32f4xx_hal_cortex.c.obj)
 .text.__NVIC_SetPriority
                0x08000a48       0x28 board_bsp/libhal.a(stm32f4xx_hal_cortex.c.obj)
 .text.NVIC_EncodePriority
                0x08000a70       0x3e board_bsp/libhal.a(stm32f4xx_hal_cortex.c.obj)
 *fill*         0x08000aae        0x2 
 .text.HAL_NVIC_SetPriorityGrouping
                0x08000ab0       0x24 board_bsp/libhal.a(stm32f4xx_hal_cortex.c.obj)
                0x08000ab0                HAL_NVIC_SetPriorityGrouping
 .text.HAL_NVIC_SetPriority
                0x08000ad4       0x20 board_bsp/libhal.a(stm32f4xx_hal_cortex.c.obj)
                0x08000ad4                HAL_NVIC_SetPriority
 .text.HAL_NVIC_EnableIRQ
                0x08000af4        0x8 board_bsp/libhal.a(stm32f4xx_hal_cortex.c.obj)
                0x08000af4                HAL_NVIC_EnableIRQ
 .text.HAL_SYSTICK_Config
                0x08000afc       0x28 board_bsp/libhal.a(stm32f4xx_hal_cortex.c.obj)
                0x08000afc                HAL_SYSTICK_Config
 .text.DMA_SetConfig
                0x08000b24       0x2c board_bsp/libhal.a(stm32f4xx_hal_dma.c.obj)
 .text.DMA_CalcBaseAndBitshift
                0x08000b50       0x3c board_bsp/libhal.a(stm32f4xx_hal_dma.c.obj)
 .text.DMA_CheckFifoParam
                0x08000b8c       0x8e board_bsp/libhal.a(stm32f4xx_hal_dma.c.obj)
 *fill*         0x08000c1a        0x2 
 .text.HAL_DMA_Init
                0x08000c1c       0xcc board_bsp/libhal.a(stm32f4xx_hal_dma.c.obj)
                0x08000c1c                HAL_DMA_Init
 .text.HAL_DMA_Start_IT
                0x08000ce8       0x68 board_bsp/libhal.a(stm32f4xx_hal_dma.c.obj)
                0x08000ce8                HAL_DMA_Start_IT
 .text.HAL_DMA_Abort
                0x08000d50       0x92 board_bsp/libhal.a(stm32f4xx_hal_dma.c.obj)
                0x08000d50                HAL_DMA_Abort
 *fill*         0x08000de2        0x2 
 .text.HAL_DMA_IRQHandler
                0x08000de4      0x1dc board_bsp/libhal.a(stm32f4xx_hal_dma.c.obj)
                0x08000de4                HAL_DMA_IRQHandler
 .text.HAL_GPIO_Init
                0x08000fc0      0x1c8 board_bsp/libhal.a(stm32f4xx_hal_gpio.c.obj)
                0x08000fc0                HAL_GPIO_Init
 .text.HAL_GPIO_WritePin
                0x08001188        0xc board_bsp/libhal.a(stm32f4xx_hal_gpio.c.obj)
                0x08001188                HAL_GPIO_WritePin
 .text.HAL_GPIO_TogglePin
                0x08001194       0x12 board_bsp/libhal.a(stm32f4xx_hal_gpio.c.obj)
                0x08001194                HAL_GPIO_TogglePin
 .text.HAL_GPIO_EXTI_Callback
                0x080011a6        0x2 board_bsp/libhal.a(stm32f4xx_hal_gpio.c.obj)
                0x080011a6                HAL_GPIO_EXTI_Callback
 .text.HAL_GPIO_EXTI_IRQHandler
                0x080011a8       0x1c board_bsp/libhal.a(stm32f4xx_hal_gpio.c.obj)
                0x080011a8                HAL_GPIO_EXTI_IRQHandler
 .text.HAL_RCC_OscConfig
                0x080011c4      0x3f8 board_bsp/libhal.a(stm32f4xx_hal_rcc.c.obj)
                0x080011c4                HAL_RCC_OscConfig
 .text.HAL_RCC_GetSysClockFreq
                0x080015bc       0xdc board_bsp/libhal.a(stm32f4xx_hal_rcc.c.obj)
                0x080015bc                HAL_RCC_GetSysClockFreq
 .text.HAL_RCC_ClockConfig
                0x08001698      0x160 board_bsp/libhal.a(stm32f4xx_hal_rcc.c.obj)
                0x08001698                HAL_RCC_ClockConfig
 .text.SPI_WaitFlagStateUntilTimeout
                0x080017f8       0xc8 board_bsp/libhal.a(stm32f4xx_hal_spi.c.obj)
 .text.SPI_EndRxTxTransaction
                0x080018c0       0x80 board_bsp/libhal.a(stm32f4xx_hal_spi.c.obj)
 .text.SPI_EndRxTransaction
                0x08001940       0x8c board_bsp/libhal.a(stm32f4xx_hal_spi.c.obj)
 .text.HAL_SPI_Init
                0x080019cc       0xbe board_bsp/libhal.a(stm32f4xx_hal_spi.c.obj)
                0x080019cc                HAL_SPI_Init
 *fill*         0x08001a8a        0x2 
 .text.HAL_SPI_TransmitReceive_DMA
                0x08001a8c      0x15c board_bsp/libhal.a(stm32f4xx_hal_spi.c.obj)
                0x08001a8c                HAL_SPI_TransmitReceive_DMA
 .text.HAL_SPI_DMAStop
                0x08001be8       0x46 board_bsp/libhal.a(stm32f4xx_hal_spi.c.obj)
                0x08001be8                HAL_SPI_DMAStop
 .text.HAL_SPI_RxCpltCallback
                0x08001c2e        0x2 board_bsp/libhal.a(stm32f4xx_hal_spi.c.obj)
                0x08001c2e                HAL_SPI_RxCpltCallback
 .text.HAL_SPI_RxHalfCpltCallback
                0x08001c30        0x2 board_bsp/libhal.a(stm32f4xx_hal_spi.c.obj)
                0x08001c30                HAL_SPI_RxHalfCpltCallback
 .text.SPI_DMAHalfReceiveCplt
                0x08001c32        0xa board_bsp/libhal.a(stm32f4xx_hal_spi.c.obj)
 .text.HAL_SPI_TxRxHalfCpltCallback
                0x08001c3c        0x2 board_bsp/libhal.a(stm32f4xx_hal_spi.c.obj)
                0x08001c3c                HAL_SPI_TxRxHalfCpltCallback
 .text.SPI_DMAHalfTransmitReceiveCplt
                0x08001c3e        0xa board_bsp/libhal.a(stm32f4xx_hal_spi.c.obj)
 .text.HAL_SPI_ErrorCallback
                0x08001c48        0x2 board_bsp/libhal.a(stm32f4xx_hal_spi.c.obj)
                0x08001c48                HAL_SPI_ErrorCallback
 .text.SPI_DMAError
                0x08001c4a       0x22 board_bsp/libhal.a(stm32f4xx_hal_spi.c.obj)
 .text.SPI_DMAReceiveCplt
                0x08001c6c       0x6e board_bsp/libhal.a(stm32f4xx_hal_spi.c.obj)
 .text.SPI_DMATransmitReceiveCplt
                0x08001cda       0x5c board_bsp/libhal.a(stm32f4xx_hal_spi.c.obj)
 *fill*         0x08001d36        0x2 
 .text.SystemInit
                0x08001d38       0x14 board_bsp/libcmsis.a(system_stm32f4xx.c.obj)
                0x08001d38                SystemInit
 .text.__udivmoddi4
                0x08001d4c      0x2f8 C:/Project/stm32_workspace/project_stm32f4x/toolchains/armcc/bin/../lib/gcc/arm-none-eabi/14.2.1/thumb/v7e-m+fp/hard\libgcc.a(_udivmoddi4.o)
                0x08001d4c                __udivmoddi4
 *(.glue_7)
 .glue_7        0x08002044        0x0 linker stubs
 *(.glue_7t)
 .glue_7t       0x08002044        0x0 linker stubs
 *(.eh_frame)
 .eh_frame      0x08002044        0x0 C:/Project/stm32_workspace/project_stm32f4x/toolchains/armcc/bin/../lib/gcc/arm-none-eabi/14.2.1/thumb/v7e-m+fp/hard/crtbegin.o
 *(.init)
 .init          0x08002044        0x4 C:/Project/stm32_workspace/project_stm32f4x/toolchains/armcc/bin/../lib/gcc/arm-none-eabi/14.2.1/thumb/v7e-m+fp/hard/crti.o
                0x08002044                _init
 .init          0x08002048        0x8 C:/Project/stm32_workspace/project_stm32f4x/toolchains/armcc/bin/../lib/gcc/arm-none-eabi/14.2.1/thumb/v7e-m+fp/hard/crtn.o
 *(.fini)
 .fini          0x08002050        0x4 C:/Project/stm32_workspace/project_stm32f4x/toolchains/armcc/bin/../lib/gcc/arm-none-eabi/14.2.1/thumb/v7e-m+fp/hard/crti.o
                0x08002050                _fini
 .fini          0x08002054        0x8 C:/Project/stm32_workspace/project_stm32f4x/toolchains/armcc/bin/../lib/gcc/arm-none-eabi/14.2.1/thumb/v7e-m+fp/hard/crtn.o
                0x0800205c                        . = ALIGN (0x4)
                0x0800205c                        _etext = .

.vfp11_veneer   0x0800205c        0x0
 .vfp11_veneer  0x0800205c        0x0 linker stubs

.v4_bx          0x0800205c        0x0
 .v4_bx         0x0800205c        0x0 linker stubs

.iplt           0x0800205c        0x0
 .iplt          0x0800205c        0x0 C:/Project/stm32_workspace/project_stm32f4x/toolchains/armcc/bin/../lib/gcc/arm-none-eabi/14.2.1/thumb/v7e-m+fp/hard/crtbegin.o

.rodata         0x0800205c       0x18
                0x0800205c                        . = ALIGN (0x4)
 *(.rodata)
 *(.rodata*)
 .rodata.flagBitshiftOffset.0
                0x0800205c        0x8 board_bsp/libhal.a(stm32f4xx_hal_dma.c.obj)
 .rodata.AHBPrescTable
                0x08002064       0x10 board_bsp/libcmsis.a(system_stm32f4xx.c.obj)
                0x08002064                AHBPrescTable
                0x08002074                        . = ALIGN (0x4)

.ARM.extab      0x08002074        0x0
                0x08002074                        . = ALIGN (0x4)
 *(.ARM.extab* .gnu.linkonce.armextab.*)
                0x08002074                        . = ALIGN (0x4)

.ARM            0x08002074        0x8
                0x08002074                        . = ALIGN (0x4)
                0x08002074                        __exidx_start = .
 *(.ARM.exidx*)
 .ARM.exidx.text.__udivmoddi4
                0x08002074        0x8 C:/Project/stm32_workspace/project_stm32f4x/toolchains/armcc/bin/../lib/gcc/arm-none-eabi/14.2.1/thumb/v7e-m+fp/hard\libgcc.a(_udivmoddi4.o)
                0x0800207c                        __exidx_end = .
                0x0800207c                        . = ALIGN (0x4)

.preinit_array  0x0800207c        0x0
                0x0800207c                        . = ALIGN (0x4)
                0x0800207c                        PROVIDE (__preinit_array_start = .)
 *(.preinit_array*)
                0x0800207c                        PROVIDE (__preinit_array_end = .)
                0x0800207c                        . = ALIGN (0x4)

.init_array     0x0800207c        0x4
                0x0800207c                        . = ALIGN (0x4)
                0x0800207c                        PROVIDE (__init_array_start = .)
 *(SORT_BY_NAME(.init_array.*))
 *(.init_array*)
 .init_array    0x0800207c        0x4 C:/Project/stm32_workspace/project_stm32f4x/toolchains/armcc/bin/../lib/gcc/arm-none-eabi/14.2.1/thumb/v7e-m+fp/hard/crtbegin.o
                0x08002080                        PROVIDE (__init_array_end = .)
                0x08002080                        . = ALIGN (0x4)

.fini_array     0x08002080        0x4
                0x08002080                        . = ALIGN (0x4)
                [!provide]                        PROVIDE (__fini_array_start = .)
 *(SORT_BY_NAME(.fini_array.*))
 *(.fini_array*)
 .fini_array    0x08002080        0x4 C:/Project/stm32_workspace/project_stm32f4x/toolchains/armcc/bin/../lib/gcc/arm-none-eabi/14.2.1/thumb/v7e-m+fp/hard/crtbegin.o
                [!provide]                        PROVIDE (__fini_array_end = .)
                0x08002084                        . = ALIGN (0x4)
                0x08002084                        _sidata = LOADADDR (.data)

.rel.dyn        0x08002084        0x0
 .rel.iplt      0x08002084        0x0 C:/Project/stm32_workspace/project_stm32f4x/toolchains/armcc/bin/../lib/gcc/arm-none-eabi/14.2.1/thumb/v7e-m+fp/hard/crtbegin.o

.data           0x20000000        0xc load address 0x08002084
                0x20000000                        . = ALIGN (0x4)
                0x20000000                        _sdata = .
 *(.data)
 *(.data*)
 .data.uwTickFreq
                0x20000000        0x1 board_bsp/libhal.a(stm32f4xx_hal.c.obj)
                0x20000000                uwTickFreq
 *fill*         0x20000001        0x3 
 .data.uwTickPrio
                0x20000004        0x4 board_bsp/libhal.a(stm32f4xx_hal.c.obj)
                0x20000004                uwTickPrio
 .data.SystemCoreClock
                0x20000008        0x4 board_bsp/libcmsis.a(system_stm32f4xx.c.obj)
                0x20000008                SystemCoreClock
 *(.RamFunc)
 *(.RamFunc*)
                0x2000000c                        . = ALIGN (0x4)
                0x2000000c                        _edata = .

.tm_clone_table
                0x2000000c        0x0 load address 0x08002090
 .tm_clone_table
                0x2000000c        0x0 C:/Project/stm32_workspace/project_stm32f4x/toolchains/armcc/bin/../lib/gcc/arm-none-eabi/14.2.1/thumb/v7e-m+fp/hard/crtbegin.o
 .tm_clone_table
                0x2000000c        0x0 C:/Project/stm32_workspace/project_stm32f4x/toolchains/armcc/bin/../lib/gcc/arm-none-eabi/14.2.1/thumb/v7e-m+fp/hard/crtend.o

.igot.plt       0x2000000c        0x0 load address 0x08002090
 .igot.plt      0x2000000c        0x0 C:/Project/stm32_workspace/project_stm32f4x/toolchains/armcc/bin/../lib/gcc/arm-none-eabi/14.2.1/thumb/v7e-m+fp/hard/crtbegin.o
                0x2000000c                        . = ALIGN (0x4)

.bss            0x2000000c      0x174 load address 0x08002090
                0x2000000c                        _sbss = .
                0x2000000c                        __bss_start__ = _sbss
 *(.bss)
 *(.bss*)
 .bss.completed.1
                0x2000000c        0x1 C:/Project/stm32_workspace/project_stm32f4x/toolchains/armcc/bin/../lib/gcc/arm-none-eabi/14.2.1/thumb/v7e-m+fp/hard/crtbegin.o
 *fill*         0x2000000d        0x3 
 .bss.object.0  0x20000010       0x18 C:/Project/stm32_workspace/project_stm32f4x/toolchains/armcc/bin/../lib/gcc/arm-none-eabi/14.2.1/thumb/v7e-m+fp/hard/crtbegin.o
 .bss.s_led_tick
                0x20000028        0x4 libapp_sd_card_basic.a(app.c.obj)
 .bss.s_ocr     0x2000002c        0x4 libapp_sd_card_basic.a(app.c.obj)
 .bss.s_rx_buf  0x20000030       0x14 libapp_sd_card_basic.a(app.c.obj)
 .bss.s_tx_buf  0x20000044       0x14 libapp_sd_card_basic.a(app.c.obj)
 .bss.s_acmd41_timeout
                0x20000058        0x4 libapp_sd_card_basic.a(app.c.obj)
 .bss.s_state_tick
                0x2000005c        0x4 libapp_sd_card_basic.a(app.c.obj)
 .bss.s_dma_done
                0x20000060        0x1 libapp_sd_card_basic.a(app.c.obj)
 .bss.s_state   0x20000061        0x1 libapp_sd_card_basic.a(app.c.obj)
 *fill*         0x20000062        0x2 
 .bss.hdma_spi1_tx
                0x20000064       0x60 board_bsp/libcore.a(spi.c.obj)
                0x20000064                hdma_spi1_tx
 .bss.hdma_spi1_rx
                0x200000c4       0x60 board_bsp/libcore.a(spi.c.obj)
                0x200000c4                hdma_spi1_rx
 .bss.hspi1     0x20000124       0x58 board_bsp/libcore.a(spi.c.obj)
                0x20000124                hspi1
 .bss.uwTick    0x2000017c        0x4 board_bsp/libhal.a(stm32f4xx_hal.c.obj)
                0x2000017c                uwTick
 *(COMMON)
                0x20000180                        . = ALIGN (0x4)
                0x20000180                        _ebss = .
                0x20000180                        __bss_end__ = _ebss

._user_heap_stack
                0x20000180      0x600 load address 0x08002090
                0x20000180                        . = ALIGN (0x8)
                [!provide]                        PROVIDE (end = .)
                0x20000180                        PROVIDE (_end = .)
                0x20000380                        . = (. + _Min_Heap_Size)
 *fill*         0x20000180      0x200 
                0x20000780                        . = (. + _Min_Stack_Size)
 *fill*         0x20000380      0x400 
                0x20000780                        . = ALIGN (0x8)

/DISCARD/
 libc.a(*)
 libm.a(*)
 libgcc.a(*)

.ARM.attributes
                0x00000000       0x30
 *(.ARM.attributes)
 .ARM.attributes
                0x00000000       0x22 C:/Project/stm32_workspace/project_stm32f4x/toolchains/armcc/bin/../lib/gcc/arm-none-eabi/14.2.1/thumb/v7e-m+fp/hard/crti.o
 .ARM.attributes
                0x00000022       0x34 C:/Project/stm32_workspace/project_stm32f4x/toolchains/armcc/bin/../lib/gcc/arm-none-eabi/14.2.1/thumb/v7e-m+fp/hard/crtbegin.o
 .ARM.attributes
                0x00000056       0x34 C:/Project/stm32_workspace/project_stm32f4x/toolchains/armcc/bin/../lib/gcc/arm-none-eabi/14.2.1/thumb/v7e-m+fp/hard\libc_nano.a(libc_a-memset.o)
 .ARM.attributes
                0x0000008a       0x34 C:/Project/stm32_workspace/project_stm32f4x/toolchains/armcc/bin/../lib/gcc/arm-none-eabi/14.2.1/thumb/v7e-m+fp/hard\libc_nano.a(libc_a-init.o)
 .ARM.attributes
                0x000000be       0x34 CMakeFiles/sd_card_basic_F411CEU6.dir/drivers/boards/F411CEU6/Core/Src/main.c.obj
 .ARM.attributes
                0x000000f2       0x21 board_bsp/CMakeFiles/board_vectors.dir/./Core/Startup/startup_stm32f411ceux.s.obj
 .ARM.attributes
                0x00000113       0x34 board_bsp/CMakeFiles/board_vectors.dir/./Core/Src/stm32f4xx_it.c.obj
 .ARM.attributes
                0x00000147       0x34 libapp_sd_card_basic.a(app.c.obj)
 .ARM.attributes
                0x0000017b       0x34 board_bsp/libcore.a(dma.c.obj)
 .ARM.attributes
                0x000001af       0x34 board_bsp/libcore.a(gpio.c.obj)
 .ARM.attributes
                0x000001e3       0x34 board_bsp/libcore.a(spi.c.obj)
 .ARM.attributes
                0x00000217       0x34 board_bsp/libhal.a(stm32f4xx_hal.c.obj)
 .ARM.attributes
                0x0000024b       0x34 board_bsp/libhal.a(stm32f4xx_hal_cortex.c.obj)
 .ARM.attributes
                0x0000027f       0x34 board_bsp/libhal.a(stm32f4xx_hal_dma.c.obj)
 .ARM.attributes
                0x000002b3       0x34 board_bsp/libhal.a(stm32f4xx_hal_gpio.c.obj)
 .ARM.attributes
                0x000002e7       0x34 board_bsp/libhal.a(stm32f4xx_hal_rcc.c.obj)
 .ARM.attributes
                0x0000031b       0x34 board_bsp/libhal.a(stm32f4xx_hal_spi.c.obj)
 .ARM.attributes
                0x0000034f       0x34 board_bsp/libcmsis.a(system_stm32f4xx.c.obj)
 .ARM.attributes
                0x00000383       0x22 C:/Project/stm32_workspace/project_stm32f4x/toolchains/armcc/bin/../lib/gcc/arm-none-eabi/14.2.1/thumb/v7e-m+fp/hard\libgcc.a(_aeabi_uldivmod.o)
 .ARM.attributes
                0x000003a5       0x34 C:/Project/stm32_workspace/project_stm32f4x/toolchains/armcc/bin/../lib/gcc/arm-none-eabi/14.2.1/thumb/v7e-m+fp/hard\libgcc.a(_udivmoddi4.o)
 .ARM.attributes
                0x000003d9       0x22 C:/Project/stm32_workspace/project_stm32f4x/toolchains/armcc/bin/../lib/gcc/arm-none-eabi/14.2.1/thumb/v7e-m+fp/hard\libgcc.a(_dvmd_tls.o)
 .ARM.attributes
                0x000003fb       0x34 C:/Project/stm32_workspace/project_stm32f4x/toolchains/armcc/bin/../lib/gcc/arm-none-eabi/14.2.1/thumb/v7e-m+fp/hard/crtend.o
 .ARM.attributes
                0x0000042f       0x22 C:/Project/stm32_workspace/project_stm32f4x/toolchains/armcc/bin/../lib/gcc/arm-none-eabi/14.2.1/thumb/v7e-m+fp/hard/crtn.o
OUTPUT(sd_card_basic_F411CEU6.elf elf32-littlearm)
LOAD linker stubs
LOAD C:/Project/stm32_workspace/project_stm32f4x/toolchains/armcc/bin/../lib/gcc/arm-none-eabi/14.2.1/thumb/v7e-m+fp/hard\libc.a
LOAD C:/Project/stm32_workspace/project_stm32f4x/toolchains/armcc/bin/../lib/gcc/arm-none-eabi/14.2.1/thumb/v7e-m+fp/hard\libm.a
LOAD C:/Project/stm32_workspace/project_stm32f4x/toolchains/armcc/bin/../lib/gcc/arm-none-eabi/14.2.1/thumb/v7e-m+fp/hard\libgcc.a

.debug_frame    0x00000000     0x10f8
 .debug_frame   0x00000000       0x20 C:/Project/stm32_workspace/project_stm32f4x/toolchains/armcc/bin/../lib/gcc/arm-none-eabi/14.2.1/thumb/v7e-m+fp/hard\libc_nano.a(libc_a-memset.o)
 .debug_frame   0x00000020       0x2c C:/Project/stm32_workspace/project_stm32f4x/toolchains/armcc/bin/../lib/gcc/arm-none-eabi/14.2.1/thumb/v7e-m+fp/hard\libc_nano.a(libc_a-init.o)
 .debug_frame   0x0000004c       0x5c CMakeFiles/sd_card_basic_F411CEU6.dir/drivers/boards/F411CEU6/Core/Src/main.c.obj
 .debug_frame   0x000000a8       0xf0 board_bsp/CMakeFiles/board_vectors.dir/./Core/Src/stm32f4xx_it.c.obj
 .debug_frame   0x00000198       0x88 libapp_sd_card_basic.a(app.c.obj)
 .debug_frame   0x00000220       0x30 board_bsp/libcore.a(dma.c.obj)
 .debug_frame   0x00000250       0x34 board_bsp/libcore.a(gpio.c.obj)
 .debug_frame   0x00000284       0x64 board_bsp/libcore.a(spi.c.obj)
 .debug_frame   0x000002e8      0x1ec board_bsp/libhal.a(stm32f4xx_hal.c.obj)
 .debug_frame   0x000004d4      0x214 board_bsp/libhal.a(stm32f4xx_hal_cortex.c.obj)
 .debug_frame   0x000006e8      0x188 board_bsp/libhal.a(stm32f4xx_hal_dma.c.obj)
 .debug_frame   0x00000870       0xd8 board_bsp/libhal.a(stm32f4xx_hal_gpio.c.obj)
 .debug_frame   0x00000948      0x16c board_bsp/libhal.a(stm32f4xx_hal_rcc.c.obj)
 .debug_frame   0x00000ab4      0x5b4 board_bsp/libhal.a(stm32f4xx_hal_spi.c.obj)
 .debug_frame   0x00001068       0x30 board_bsp/libcmsis.a(system_stm32f4xx.c.obj)
 .debug_frame   0x00001098       0x2c C:/Project/stm32_workspace/project_stm32f4x/toolchains/armcc/bin/../lib/gcc/arm-none-eabi/14.2.1/thumb/v7e-m+fp/hard\libgcc.a(_aeabi_uldivmod.o)
 .debug_frame   0x000010c4       0x34 C:/Project/stm32_workspace/project_stm32f4x/toolchains/armcc/bin/../lib/gcc/arm-none-eabi/14.2.1/thumb/v7e-m+fp/hard\libgcc.a(_udivmoddi4.o)

.debug_info     0x00000000     0x837c
 .debug_info    0x00000000      0x5ac CMakeFiles/sd_card_basic_F411CEU6.dir/drivers/boards/F411CEU6/Core/Src/main.c.obj
 .debug_info    0x000005ac       0x30 board_bsp/CMakeFiles/board_vectors.dir/./Core/Startup/startup_stm32f411ceux.s.obj
 .debug_info    0x000005dc      0x44f board_bsp/CMakeFiles/board_vectors.dir/./Core/Src/stm32f4xx_it.c.obj
 .debug_info    0x00000a2b      0xbb7 libapp_sd_card_basic.a(app.c.obj)
 .debug_info    0x000015e2      0x4ad board_bsp/libcore.a(dma.c.obj)
 .debug_info    0x00001a8f      0x686 board_bsp/libcore.a(gpio.c.obj)
 .debug_info    0x00002115      0xa86 board_bsp/libcore.a(spi.c.obj)
 .debug_info    0x00002b9b      0x966 board_bsp/libhal.a(stm32f4xx_hal.c.obj)
 .debug_info    0x00003501      0xf69 board_bsp/libhal.a(stm32f4xx_hal_cortex.c.obj)
 .debug_info    0x0000446a      0xadc board_bsp/libhal.a(stm32f4xx_hal_dma.c.obj)
 .debug_info    0x00004f46      0x73e board_bsp/libhal.a(stm32f4xx_hal_gpio.c.obj)
 .debug_info    0x00005684      0xac6 board_bsp/libhal.a(stm32f4xx_hal_rcc.c.obj)
 .debug_info    0x0000614a     0x1cdb board_bsp/libhal.a(stm32f4xx_hal_spi.c.obj)
 .debug_info    0x00007e25      0x557 board_bsp/libcmsis.a(system_stm32f4xx.c.obj)

.debug_abbrev   0x00000000     0x1bdc
 .debug_abbrev  0x00000000      0x1f1 CMakeFiles/sd_card_basic_F411CEU6.dir/drivers/boards/F411CEU6/Core/Src/main.c.obj
 .debug_abbrev  0x000001f1       0x24 board_bsp/CMakeFiles/board_vectors.dir/./Core/Startup/startup_stm32f411ceux.s.obj
 .debug_abbrev  0x00000215      0x16c board_bsp/CMakeFiles/board_vectors.dir/./Core/Src/stm32f4xx_it.c.obj
 .debug_abbrev  0x00000381      0x29c libapp_sd_card_basic.a(app.c.obj)
 .debug_abbrev  0x0000061d      0x12d board_bsp/libcore.a(dma.c.obj)
 .debug_abbrev  0x0000074a      0x187 board_bsp/libcore.a(gpio.c.obj)
 .debug_abbrev  0x000008d1      0x225 board_bsp/libcore.a(spi.c.obj)
 .debug_abbrev  0x00000af6      0x279 board_bsp/libhal.a(stm32f4xx_hal.c.obj)
 .debug_abbrev  0x00000d6f      0x393 board_bsp/libhal.a(stm32f4xx_hal_cortex.c.obj)
 .debug_abbrev  0x00001102      0x27f board_bsp/libhal.a(stm32f4xx_hal_dma.c.obj)
 .debug_abbrev  0x00001381      0x203 board_bsp/libhal.a(stm32f4xx_hal_gpio.c.obj)
 .debug_abbrev  0x00001584      0x2c8 board_bsp/libhal.a(stm32f4xx_hal_rcc.c.obj)
 .debug_abbrev  0x0000184c      0x270 board_bsp/libhal.a(stm32f4xx_hal_spi.c.obj)
 .debug_abbrev  0x00001abc      0x120 board_bsp/libcmsis.a(system_stm32f4xx.c.obj)

.debug_aranges  0x00000000      0x6d8
 .debug_aranges
                0x00000000       0x30 CMakeFiles/sd_card_basic_F411CEU6.dir/drivers/boards/F411CEU6/Core/Src/main.c.obj
 .debug_aranges
                0x00000030       0x28 board_bsp/CMakeFiles/board_vectors.dir/./Core/Startup/startup_stm32f411ceux.s.obj
 .debug_aranges
                0x00000058       0x78 board_bsp/CMakeFiles/board_vectors.dir/./Core/Src/stm32f4xx_it.c.obj
 .debug_aranges
                0x000000d0       0x48 libapp_sd_card_basic.a(app.c.obj)
 .debug_aranges
                0x00000118       0x20 board_bsp/libcore.a(dma.c.obj)
 .debug_aranges
                0x00000138       0x20 board_bsp/libcore.a(gpio.c.obj)
 .debug_aranges
                0x00000158       0x30 board_bsp/libcore.a(spi.c.obj)
 .debug_aranges
                0x00000188       0xf0 board_bsp/libhal.a(stm32f4xx_hal.c.obj)
 .debug_aranges
                0x00000278       0xf8 board_bsp/libhal.a(stm32f4xx_hal_cortex.c.obj)
 .debug_aranges
                0x00000370       0x90 board_bsp/libhal.a(stm32f4xx_hal_dma.c.obj)
 .debug_aranges
                0x00000400       0x58 board_bsp/libhal.a(stm32f4xx_hal_gpio.c.obj)
 .debug_aranges
                0x00000458       0x88 board_bsp/libhal.a(stm32f4xx_hal_rcc.c.obj)
 .debug_aranges
                0x000004e0      0x1d0 board_bsp/libhal.a(stm32f4xx_hal_spi.c.obj)
 .debug_aranges
                0x000006b0       0x28 board_bsp/libcmsis.a(system_stm32f4xx.c.obj)

.debug_rnglists
                0x00000000      0x50f
 .debug_rnglists
                0x00000000       0x20 CMakeFiles/sd_card_basic_F411CEU6.dir/drivers/boards/F411CEU6/Core/Src/main.c.obj
 .debug_rnglists
                0x00000020       0x19 board_bsp/CMakeFiles/board_vectors.dir/./Core/Startup/startup_stm32f411ceux.s.obj
 .debug_rnglists
                0x00000039       0x55 board_bsp/CMakeFiles/board_vectors.dir/./Core/Src/stm32f4xx_it.c.obj
 .debug_rnglists
                0x0000008e       0x32 libapp_sd_card_basic.a(app.c.obj)
 .debug_rnglists
                0x000000c0       0x13 board_bsp/libcore.a(dma.c.obj)
 .debug_rnglists
                0x000000d3       0x14 board_bsp/libcore.a(gpio.c.obj)
 .debug_rnglists
                0x000000e7       0x20 board_bsp/libcore.a(spi.c.obj)
 .debug_rnglists
                0x00000107       0xaf board_bsp/libhal.a(stm32f4xx_hal.c.obj)
 .debug_rnglists
                0x000001b6       0xb5 board_bsp/libhal.a(stm32f4xx_hal_cortex.c.obj)
 .debug_rnglists
                0x0000026b       0x6c board_bsp/libhal.a(stm32f4xx_hal_dma.c.obj)
 .debug_rnglists
                0x000002d7       0x3f board_bsp/libhal.a(stm32f4xx_hal_gpio.c.obj)
 .debug_rnglists
                0x00000316       0x75 board_bsp/libhal.a(stm32f4xx_hal_rcc.c.obj)
 .debug_rnglists
                0x0000038b      0x16a board_bsp/libhal.a(stm32f4xx_hal_spi.c.obj)
 .debug_rnglists
                0x000004f5       0x1a board_bsp/libcmsis.a(system_stm32f4xx.c.obj)

.debug_macro    0x00000000    0x14f83
 .debug_macro   0x00000000      0x1f0 CMakeFiles/sd_card_basic_F411CEU6.dir/drivers/boards/F411CEU6/Core/Src/main.c.obj
 .debug_macro   0x000001f0      0xad2 CMakeFiles/sd_card_basic_F411CEU6.dir/drivers/boards/F411CEU6/Core/Src/main.c.obj
 .debug_macro   0x00000cc2      0x295 CMakeFiles/sd_card_basic_F411CEU6.dir/drivers/boards/F411CEU6/Core/Src/main.c.obj
 .debug_macro   0x00000f57       0x2e CMakeFiles/sd_card_basic_F411CEU6.dir/drivers/boards/F411CEU6/Core/Src/main.c.obj
 .debug_macro   0x00000f85       0x28 CMakeFiles/sd_card_basic_F411CEU6.dir/drivers/boards/F411CEU6/Core/Src/main.c.obj
 .debug_macro   0x00000fad       0x22 CMakeFiles/sd_card_basic_F411CEU6.dir/drivers/boards/F411CEU6/Core/Src/main.c.obj
 .debug_macro   0x00000fcf       0x8e CMakeFiles/sd_card_basic_F411CEU6.dir/drivers/boards/F411CEU6/Core/Src/main.c.obj
 .debug_macro   0x0000105d       0x51 CMakeFiles/sd_card_basic_F411CEU6.dir/drivers/boards/F411CEU6/Core/Src/main.c.obj
 .debug_macro   0x000010ae      0x103 CMakeFiles/sd_card_basic_F411CEU6.dir/drivers/boards/F411CEU6/Core/Src/main.c.obj
 .debug_macro   0x000011b1       0x6a CMakeFiles/sd_card_basic_F411CEU6.dir/drivers/boards/F411CEU6/Core/Src/main.c.obj
 .debug_macro   0x0000121b      0x1df CMakeFiles/sd_card_basic_F411CEU6.dir/drivers/boards/F411CEU6/Core/Src/main.c.obj
 .debug_macro   0x000013fa       0x1c CMakeFiles/sd_card_basic_F411CEU6.dir/drivers/boards/F411CEU6/Core/Src/main.c.obj
 .debug_macro   0x00001416       0x22 CMakeFiles/sd_card_basic_F411CEU6.dir/drivers/boards/F411CEU6/Core/Src/main.c.obj
 .debug_macro   0x00001438       0xfb CMakeFiles/sd_card_basic_F411CEU6.dir/drivers/boards/F411CEU6/Core/Src/main.c.obj
 .debug_macro   0x00001533     0x1011 CMakeFiles/sd_card_basic_F411CEU6.dir/drivers/boards/F411CEU6/Core/Src/main.c.obj
 .debug_macro   0x00002544      0x11f CMakeFiles/sd_card_basic_F411CEU6.dir/drivers/boards/F411CEU6/Core/Src/main.c.obj
 .debug_macro   0x00002663     0xb968 CMakeFiles/sd_card_basic_F411CEU6.dir/drivers/boards/F411CEU6/Core/Src/main.c.obj
 .debug_macro   0x0000dfcb       0x6d CMakeFiles/sd_card_basic_F411CEU6.dir/drivers/boards/F411CEU6/Core/Src/main.c.obj
 .debug_macro   0x0000e038     0x3693 CMakeFiles/sd_card_basic_F411CEU6.dir/drivers/boards/F411CEU6/Core/Src/main.c.obj
 .debug_macro   0x000116cb      0x190 CMakeFiles/sd_card_basic_F411CEU6.dir/drivers/boards/F411CEU6/Core/Src/main.c.obj
 .debug_macro   0x0001185b       0x5c CMakeFiles/sd_card_basic_F411CEU6.dir/drivers/boards/F411CEU6/Core/Src/main.c.obj
 .debug_macro   0x000118b7      0x45c CMakeFiles/sd_card_basic_F411CEU6.dir/drivers/boards/F411CEU6/Core/Src/main.c.obj
 .debug_macro   0x00011d13      0x9e9 CMakeFiles/sd_card_basic_F411CEU6.dir/drivers/boards/F411CEU6/Core/Src/main.c.obj
 .debug_macro   0x000126fc      0x115 CMakeFiles/sd_card_basic_F411CEU6.dir/drivers/boards/F411CEU6/Core/Src/main.c.obj
 .debug_macro   0x00012811      0x11b CMakeFiles/sd_card_basic_F411CEU6.dir/drivers/boards/F411CEU6/Core/Src/main.c.obj
 .debug_macro   0x0001292c       0xa5 CMakeFiles/sd_card_basic_F411CEU6.dir/drivers/boards/F411CEU6/Core/Src/main.c.obj
 .debug_macro   0x000129d1      0x15f CMakeFiles/sd_card_basic_F411CEU6.dir/drivers/boards/F411CEU6/Core/Src/main.c.obj
 .debug_macro   0x00012b30      0x287 CMakeFiles/sd_card_basic_F411CEU6.dir/drivers/boards/F411CEU6/Core/Src/main.c.obj
 .debug_macro   0x00012db7       0x5f CMakeFiles/sd_card_basic_F411CEU6.dir/drivers/boards/F411CEU6/Core/Src/main.c.obj
 .debug_macro   0x00012e16      0x236 CMakeFiles/sd_card_basic_F411CEU6.dir/drivers/boards/F411CEU6/Core/Src/main.c.obj
 .debug_macro   0x0001304c      0x132 CMakeFiles/sd_card_basic_F411CEU6.dir/drivers/boards/F411CEU6/Core/Src/main.c.obj
 .debug_macro   0x0001317e      0x264 CMakeFiles/sd_card_basic_F411CEU6.dir/drivers/boards/F411CEU6/Core/Src/main.c.obj
 .debug_macro   0x000133e2       0x2e CMakeFiles/sd_card_basic_F411CEU6.dir/drivers/boards/F411CEU6/Core/Src/main.c.obj
 .debug_macro   0x00013410      0x127 CMakeFiles/sd_card_basic_F411CEU6.dir/drivers/boards/F411CEU6/Core/Src/main.c.obj
 .debug_macro   0x00013537       0x85 CMakeFiles/sd_card_basic_F411CEU6.dir/drivers/boards/F411CEU6/Core/Src/main.c.obj
 .debug_macro   0x000135bc       0x89 CMakeFiles/sd_card_basic_F411CEU6.dir/drivers/boards/F411CEU6/Core/Src/main.c.obj
 .debug_macro   0x00013645      0x225 CMakeFiles/sd_card_basic_F411CEU6.dir/drivers/boards/F411CEU6/Core/Src/main.c.obj
 .debug_macro   0x0001386a      0x126 CMakeFiles/sd_card_basic_F411CEU6.dir/drivers/boards/F411CEU6/Core/Src/main.c.obj
 .debug_macro   0x00013990      0x1ce board_bsp/CMakeFiles/board_vectors.dir/./Core/Src/stm32f4xx_it.c.obj
 .debug_macro   0x00013b5e      0x206 libapp_sd_card_basic.a(app.c.obj)
 .debug_macro   0x00013d64      0x1ce board_bsp/libcore.a(dma.c.obj)
 .debug_macro   0x00013f32      0x1ce board_bsp/libcore.a(gpio.c.obj)
 .debug_macro   0x00014100      0x1ce board_bsp/libcore.a(spi.c.obj)
 .debug_macro   0x000142ce      0x21a board_bsp/libhal.a(stm32f4xx_hal.c.obj)
 .debug_macro   0x000144e8      0x1ba board_bsp/libhal.a(stm32f4xx_hal_cortex.c.obj)
 .debug_macro   0x000146a2      0x1c0 board_bsp/libhal.a(stm32f4xx_hal_dma.c.obj)
 .debug_macro   0x00014862      0x1c0 board_bsp/libhal.a(stm32f4xx_hal_gpio.c.obj)
 .debug_macro   0x00014a22      0x1de board_bsp/libhal.a(stm32f4xx_hal_rcc.c.obj)
 .debug_macro   0x00014c00      0x1c9 board_bsp/libhal.a(stm32f4xx_hal_spi.c.obj)
 .debug_macro   0x00014dc9      0x1ba board_bsp/libcmsis.a(system_stm32f4xx.c.obj)

.debug_line     0x00000000     0xa7a3
 .debug_line    0x00000000      0x808 CMakeFiles/sd_card_basic_F411CEU6.dir/drivers/boards/F411CEU6/Core/Src/main.c.obj
 .debug_line    0x00000808       0x7a board_bsp/CMakeFiles/board_vectors.dir/./Core/Startup/startup_stm32f411ceux.s.obj
 .debug_line    0x00000882      0x7bc board_bsp/CMakeFiles/board_vectors.dir/./Core/Src/stm32f4xx_it.c.obj
 .debug_line    0x0000103e      0xab9 libapp_sd_card_basic.a(app.c.obj)
 .debug_line    0x00001af7      0x6af board_bsp/libcore.a(dma.c.obj)
 .debug_line    0x000021a6      0x704 board_bsp/libcore.a(gpio.c.obj)
 .debug_line    0x000028aa      0x884 board_bsp/libcore.a(spi.c.obj)
 .debug_line    0x0000312e      0xa0f board_bsp/libhal.a(stm32f4xx_hal.c.obj)
 .debug_line    0x00003b3d      0xd12 board_bsp/libhal.a(stm32f4xx_hal_cortex.c.obj)
 .debug_line    0x0000484f     0x12ef board_bsp/libhal.a(stm32f4xx_hal_dma.c.obj)
 .debug_line    0x00005b3e      0xbb0 board_bsp/libhal.a(stm32f4xx_hal_gpio.c.obj)
 .debug_line    0x000066ee     0x1067 board_bsp/libhal.a(stm32f4xx_hal_rcc.c.obj)
 .debug_line    0x00007755     0x28e5 board_bsp/libhal.a(stm32f4xx_hal_spi.c.obj)
 .debug_line    0x0000a03a      0x769 board_bsp/libcmsis.a(system_stm32f4xx.c.obj)

.debug_str      0x00000000    0x81da3
 .debug_str     0x00000000    0x81da3 CMakeFiles/sd_card_basic_F411CEU6.dir/drivers/boards/F411CEU6/Core/Src/main.c.obj
                              0x7f9dd (size before relaxing)
 .debug_str     0x00081da3       0xd0 board_bsp/CMakeFiles/board_vectors.dir/./Core/Startup/startup_stm32f411ceux.s.obj
 .debug_str     0x00081da3    0x7fa22 board_bsp/CMakeFiles/board_vectors.dir/./Core/Src/stm32f4xx_it.c.obj
 .debug_str     0x00081da3    0x7fe72 libapp_sd_card_basic.a(app.c.obj)
 .debug_str     0x00081da3    0x7fb78 board_bsp/libcore.a(dma.c.obj)
 .debug_str     0x00081da3    0x7fc46 board_bsp/libcore.a(gpio.c.obj)
 .debug_str     0x00081da3    0x7fd40 board_bsp/libcore.a(spi.c.obj)
 .debug_str     0x00081da3    0x8028f board_bsp/libhal.a(stm32f4xx_hal.c.obj)
 .debug_str     0x00081da3    0x7fff9 board_bsp/libhal.a(stm32f4xx_hal_cortex.c.obj)
 .debug_str     0x00081da3    0x7fc6b board_bsp/libhal.a(stm32f4xx_hal_dma.c.obj)
 .debug_str     0x00081da3    0x7f9de board_bsp/libhal.a(stm32f4xx_hal_gpio.c.obj)
 .debug_str     0x00081da3    0x7fca8 board_bsp/libhal.a(stm32f4xx_hal_rcc.c.obj)
 .debug_str     0x00081da3    0x8010f board_bsp/libhal.a(stm32f4xx_hal_spi.c.obj)
 .debug_str     0x00081da3    0x7f863 board_bsp/libcmsis.a(system_stm32f4xx.c.obj)

.comment        0x00000000       0x45
 .comment       0x00000000       0x45 CMakeFiles/sd_card_basic_F411CEU6.dir/drivers/boards/F411CEU6/Core/Src/main.c.obj
                                 0x46 (size before relaxing)
 .comment       0x00000045       0x46 board_bsp/CMakeFiles/board_vectors.dir/./Core/Src/stm32f4xx_it.c.obj
 .comment       0x00000045       0x46 libapp_sd_card_basic.a(app.c.obj)
 .comment       0x00000045       0x46 board_bsp/libcore.a(dma.c.obj)
 .comment       0x00000045       0x46 board_bsp/libcore.a(gpio.c.obj)
 .comment       0x00000045       0x46 board_bsp/libcore.a(spi.c.obj)
 .comment       0x00000045       0x46 board_bsp/libhal.a(stm32f4xx_hal.c.obj)
 .comment       0x00000045       0x46 board_bsp/libhal.a(stm32f4xx_hal_cortex.c.obj)
 .comment       0x00000045       0x46 board_bsp/libhal.a(stm32f4xx_hal_dma.c.obj)
 .comment       0x00000045       0x46 board_bsp/libhal.a(stm32f4xx_hal_gpio.c.obj)
 .comment       0x00000045       0x46 board_bsp/libhal.a(stm32f4xx_hal_rcc.c.obj)
 .comment       0x00000045       0x46 board_bsp/libhal.a(stm32f4xx_hal_spi.c.obj)
 .comment       0x00000045       0x46 board_bsp/libcmsis.a(system_stm32f4xx.c.obj)

.debug_line_str
                0x00000000      0x189
 .debug_line_str
                0x00000000      0x189 board_bsp/CMakeFiles/board_vectors.dir/./Core/Startup/startup_stm32f411ceux.s.obj
                                 0xb4 (size before relaxing)
 .debug_line_str
                0x00000189       0xc9 C:/Project/stm32_workspace/project_stm32f4x/toolchains/armcc/bin/../lib/gcc/arm-none-eabi/14.2.1/thumb/v7e-m+fp/hard\libgcc.a(_aeabi_uldivmod.o)
 .debug_line_str
                0x00000189       0xcd C:/Project/stm32_workspace/project_stm32f4x/toolchains/armcc/bin/../lib/gcc/arm-none-eabi/14.2.1/thumb/v7e-m+fp/hard\libgcc.a(_dvmd_tls.o)

.debug_loclists
                0x00000000     0x2d72
 .debug_loclists
                0x00000000      0x1d4 libapp_sd_card_basic.a(app.c.obj)
 .debug_loclists
                0x000001d4       0x5c board_bsp/libcore.a(spi.c.obj)
 .debug_loclists
                0x00000230       0xe1 board_bsp/libhal.a(stm32f4xx_hal.c.obj)
 .debug_loclists
                0x00000311      0x54d board_bsp/libhal.a(stm32f4xx_hal_cortex.c.obj)
 .debug_loclists
                0x0000085e      0x88a board_bsp/libhal.a(stm32f4xx_hal_dma.c.obj)
 .debug_loclists
                0x000010e8      0x386 board_bsp/libhal.a(stm32f4xx_hal_gpio.c.obj)
 .debug_loclists
                0x0000146e      0x3db board_bsp/libhal.a(stm32f4xx_hal_rcc.c.obj)
 .debug_loclists
                0x00001849     0x14b9 board_bsp/libhal.a(stm32f4xx_hal_spi.c.obj)
 .debug_loclists
                0x00002d02       0x70 board_bsp/libcmsis.a(system_stm32f4xx.c.obj)

Cross Reference Table

Symbol                                            File
ADC_IRQHandler                                    board_bsp/CMakeFiles/board_vectors.dir/./Core/Startup/startup_stm32f411ceux.s.obj
AHBPrescTable                                     board_bsp/libcmsis.a(system_stm32f4xx.c.obj)
                                                  board_bsp/libhal.a(stm32f4xx_hal_rcc.c.obj)
APBPrescTable                                     board_bsp/libcmsis.a(system_stm32f4xx.c.obj)
                                                  board_bsp/libhal.a(stm32f4xx_hal_rcc.c.obj)
BusFault_Handler                                  board_bsp/CMakeFiles/board_vectors.dir/./Core/Src/stm32f4xx_it.c.obj
                                                  board_bsp/CMakeFiles/board_vectors.dir/./Core/Startup/startup_stm32f411ceux.s.obj
DMA1_Stream0_IRQHandler                           board_bsp/CMakeFiles/board_vectors.dir/./Core/Startup/startup_stm32f411ceux.s.obj
DMA1_Stream1_IRQHandler                           board_bsp/CMakeFiles/board_vectors.dir/./Core/Startup/startup_stm32f411ceux.s.obj
DMA1_Stream2_IRQHandler                           board_bsp/CMakeFiles/board_vectors.dir/./Core/Startup/startup_stm32f411ceux.s.obj
DMA1_Stream3_IRQHandler                           board_bsp/CMakeFiles/board_vectors.dir/./Core/Startup/startup_stm32f411ceux.s.obj
DMA1_Stream4_IRQHandler                           board_bsp/CMakeFiles/board_vectors.dir/./Core/Startup/startup_stm32f411ceux.s.obj
DMA1_Stream5_IRQHandler                           board_bsp/CMakeFiles/board_vectors.dir/./Core/Startup/startup_stm32f411ceux.s.obj
DMA1_Stream6_IRQHandler                           board_bsp/CMakeFiles/board_vectors.dir/./Core/Startup/startup_stm32f411ceux.s.obj
DMA1_Stream7_IRQHandler                           board_bsp/CMakeFiles/board_vectors.dir/./Core/Startup/startup_stm32f411ceux.s.obj
DMA2_Stream0_IRQHandler                           board_bsp/CMakeFiles/board_vectors.dir/./Core/Src/stm32f4xx_it.c.obj
                                                  board_bsp/CMakeFiles/board_vectors.dir/./Core/Startup/startup_stm32f411ceux.s.obj
DMA2_Stream1_IRQHandler                           board_bsp/CMakeFiles/board_vectors.dir/./Core/Startup/startup_stm32f411ceux.s.obj
DMA2_Stream2_IRQHandler                           board_bsp/CMakeFiles/board_vectors.dir/./Core/Src/stm32f4xx_it.c.obj
                                                  board_bsp/CMakeFiles/board_vectors.dir/./Core/Startup/startup_stm32f411ceux.s.obj
DMA2_Stream3_IRQHandler                           board_bsp/CMakeFiles/board_vectors.dir/./Core/Startup/startup_stm32f411ceux.s.obj
DMA2_Stream4_IRQHandler                           board_bsp/CMakeFiles/board_vectors.dir/./Core/Startup/startup_stm32f411ceux.s.obj
DMA2_Stream5_IRQHandler                           board_bsp/CMakeFiles/board_vectors.dir/./Core/Startup/startup_stm32f411ceux.s.obj
DMA2_Stream6_IRQHandler                           board_bsp/CMakeFiles/board_vectors.dir/./Core/Startup/startup_stm32f411ceux.s.obj
DMA2_Stream7_IRQHandler                           board_bsp/CMakeFiles/board_vectors.dir/./Core/Startup/startup_stm32f411ceux.s.obj
DebugMon_Handler                                  board_bsp/CMakeFiles/board_vectors.dir/./Core/Src/stm32f4xx_it.c.obj
                                                  board_bsp/CMakeFiles/board_vectors.dir/./Core/Startup/startup_stm32f411ceux.s.obj
Default_Handler                                   board_bsp/CMakeFiles/board_vectors.dir/./Core/Startup/startup_stm32f411ceux.s.obj
EXTI0_IRQHandler                                  board_bsp/CMakeFiles/board_vectors.dir/./Core/Src/stm32f4xx_it.c.obj
                                                  board_bsp/CMakeFiles/board_vectors.dir/./Core/Startup/startup_stm32f411ceux.s.obj
EXTI15_10_IRQHandler                              board_bsp/CMakeFiles/board_vectors.dir/./Core/Startup/startup_stm32f411ceux.s.obj
EXTI1_IRQHandler                                  board_bsp/CMakeFiles/board_vectors.dir/./Core/Startup/startup_stm32f411ceux.s.obj
EXTI2_IRQHandler                                  board_bsp/CMakeFiles/board_vectors.dir/./Core/Startup/startup_stm32f411ceux.s.obj
EXTI3_IRQHandler                                  board_bsp/CMakeFiles/board_vectors.dir/./Core/Startup/startup_stm32f411ceux.s.obj
EXTI4_IRQHandler                                  board_bsp/CMakeFiles/board_vectors.dir/./Core/Startup/startup_stm32f411ceux.s.obj
EXTI9_5_IRQHandler                                board_bsp/CMakeFiles/board_vectors.dir/./Core/Startup/startup_stm32f411ceux.s.obj
Error_Handler                                     CMakeFiles/sd_card_basic_F411CEU6.dir/drivers/boards/F411CEU6/Core/Src/main.c.obj
                                                  board_bsp/libcore.a(spi.c.obj)
FLASH_IRQHandler                                  board_bsp/CMakeFiles/board_vectors.dir/./Core/Startup/startup_stm32f411ceux.s.obj
FPU_IRQHandler                                    board_bsp/CMakeFiles/board_vectors.dir/./Core/Startup/startup_stm32f411ceux.s.obj
HAL_CORTEX_ClearEvent                             board_bsp/libhal.a(stm32f4xx_hal_cortex.c.obj)
HAL_DBGMCU_DisableDBGSleepMode                    board_bsp/libhal.a(stm32f4xx_hal.c.obj)
HAL_DBGMCU_DisableDBGStandbyMode                  board_bsp/libhal.a(stm32f4xx_hal.c.obj)
HAL_DBGMCU_DisableDBGStopMode                     board_bsp/libhal.a(stm32f4xx_hal.c.obj)
HAL_DBGMCU_EnableDBGSleepMode                     board_bsp/libhal.a(stm32f4xx_hal.c.obj)
HAL_DBGMCU_EnableDBGStandbyMode                   board_bsp/libhal.a(stm32f4xx_hal.c.obj)
HAL_DBGMCU_EnableDBGStopMode                      board_bsp/libhal.a(stm32f4xx_hal.c.obj)
HAL_DMA_Abort                                     board_bsp/libhal.a(stm32f4xx_hal_dma.c.obj)
                                                  board_bsp/libhal.a(stm32f4xx_hal_spi.c.obj)
HAL_DMA_Abort_IT                                  board_bsp/libhal.a(stm32f4xx_hal_dma.c.obj)
                                                  board_bsp/libhal.a(stm32f4xx_hal_spi.c.obj)
HAL_DMA_DeInit                                    board_bsp/libhal.a(stm32f4xx_hal_dma.c.obj)
                                                  board_bsp/libcore.a(spi.c.obj)
HAL_DMA_GetError                                  board_bsp/libhal.a(stm32f4xx_hal_dma.c.obj)
HAL_DMA_GetState                                  board_bsp/libhal.a(stm32f4xx_hal_dma.c.obj)
HAL_DMA_IRQHandler                                board_bsp/libhal.a(stm32f4xx_hal_dma.c.obj)
                                                  board_bsp/CMakeFiles/board_vectors.dir/./Core/Src/stm32f4xx_it.c.obj
HAL_DMA_Init                                      board_bsp/libhal.a(stm32f4xx_hal_dma.c.obj)
                                                  board_bsp/libcore.a(spi.c.obj)
HAL_DMA_PollForTransfer                           board_bsp/libhal.a(stm32f4xx_hal_dma.c.obj)
HAL_DMA_RegisterCallback                          board_bsp/libhal.a(stm32f4xx_hal_dma.c.obj)
HAL_DMA_Start                                     board_bsp/libhal.a(stm32f4xx_hal_dma.c.obj)
HAL_DMA_Start_IT                                  board_bsp/libhal.a(stm32f4xx_hal_dma.c.obj)
                                                  board_bsp/libhal.a(stm32f4xx_hal_spi.c.obj)
HAL_DMA_UnRegisterCallback                        board_bsp/libhal.a(stm32f4xx_hal_dma.c.obj)
HAL_DeInit                                        board_bsp/libhal.a(stm32f4xx_hal.c.obj)
HAL_Delay                                         board_bsp/libhal.a(stm32f4xx_hal.c.obj)
HAL_DisableCompensationCell                       board_bsp/libhal.a(stm32f4xx_hal.c.obj)
HAL_EnableCompensationCell                        board_bsp/libhal.a(stm32f4xx_hal.c.obj)
HAL_GPIO_DeInit                                   board_bsp/libhal.a(stm32f4xx_hal_gpio.c.obj)
                                                  board_bsp/libcore.a(spi.c.obj)
HAL_GPIO_EXTI_Callback                            board_bsp/libhal.a(stm32f4xx_hal_gpio.c.obj)
HAL_GPIO_EXTI_IRQHandler                          board_bsp/libhal.a(stm32f4xx_hal_gpio.c.obj)
                                                  board_bsp/CMakeFiles/board_vectors.dir/./Core/Src/stm32f4xx_it.c.obj
HAL_GPIO_Init                                     board_bsp/libhal.a(stm32f4xx_hal_gpio.c.obj)
                                                  board_bsp/libhal.a(stm32f4xx_hal_rcc.c.obj)
                                                  board_bsp/libcore.a(spi.c.obj)
                                                  board_bsp/libcore.a(gpio.c.obj)
HAL_GPIO_LockPin                                  board_bsp/libhal.a(stm32f4xx_hal_gpio.c.obj)
HAL_GPIO_ReadPin                                  board_bsp/libhal.a(stm32f4xx_hal_gpio.c.obj)
HAL_GPIO_TogglePin                                board_bsp/libhal.a(stm32f4xx_hal_gpio.c.obj)
                                                  libapp_sd_card_basic.a(app.c.obj)
HAL_GPIO_WritePin                                 board_bsp/libhal.a(stm32f4xx_hal_gpio.c.obj)
                                                  board_bsp/libcore.a(gpio.c.obj)
                                                  libapp_sd_card_basic.a(app.c.obj)
HAL_GetDEVID                                      board_bsp/libhal.a(stm32f4xx_hal.c.obj)
HAL_GetHalVersion                                 board_bsp/libhal.a(stm32f4xx_hal.c.obj)
HAL_GetREVID                                      board_bsp/libhal.a(stm32f4xx_hal.c.obj)
HAL_GetTick                                       board_bsp/libhal.a(stm32f4xx_hal.c.obj)
                                                  board_bsp/libhal.a(stm32f4xx_hal_spi.c.obj)
                                                  board_bsp/libhal.a(stm32f4xx_hal_rcc.c.obj)
                                                  board_bsp/libhal.a(stm32f4xx_hal_dma.c.obj)
                                                  libapp_sd_card_basic.a(app.c.obj)
HAL_GetTickFreq                                   board_bsp/libhal.a(stm32f4xx_hal.c.obj)
HAL_GetTickPrio                                   board_bsp/libhal.a(stm32f4xx_hal.c.obj)
HAL_GetUIDw0                                      board_bsp/libhal.a(stm32f4xx_hal.c.obj)
HAL_GetUIDw1                                      board_bsp/libhal.a(stm32f4xx_hal.c.obj)
HAL_GetUIDw2                                      board_bsp/libhal.a(stm32f4xx_hal.c.obj)
HAL_IncTick                                       board_bsp/libhal.a(stm32f4xx_hal.c.obj)
                                                  board_bsp/CMakeFiles/board_vectors.dir/./Core/Src/stm32f4xx_it.c.obj
HAL_Init                                          board_bsp/libhal.a(stm32f4xx_hal.c.obj)
                                                  CMakeFiles/sd_card_basic_F411CEU6.dir/drivers/boards/F411CEU6/Core/Src/main.c.obj
HAL_InitTick                                      board_bsp/libhal.a(stm32f4xx_hal.c.obj)
                                                  board_bsp/libhal.a(stm32f4xx_hal_rcc.c.obj)
HAL_MPU_ConfigRegion                              board_bsp/libhal.a(stm32f4xx_hal_cortex.c.obj)
HAL_MPU_Disable                                   board_bsp/libhal.a(stm32f4xx_hal_cortex.c.obj)
HAL_MPU_DisableRegion                             board_bsp/libhal.a(stm32f4xx_hal_cortex.c.obj)
HAL_MPU_Enable                                    board_bsp/libhal.a(stm32f4xx_hal_cortex.c.obj)
HAL_MPU_EnableRegion                              board_bsp/libhal.a(stm32f4xx_hal_cortex.c.obj)
HAL_MspDeInit                                     board_bsp/libhal.a(stm32f4xx_hal.c.obj)
HAL_MspInit                                       board_bsp/libhal.a(stm32f4xx_hal.c.obj)
HAL_NVIC_ClearPendingIRQ                          board_bsp/libhal.a(stm32f4xx_hal_cortex.c.obj)
HAL_NVIC_DisableIRQ                               board_bsp/libhal.a(stm32f4xx_hal_cortex.c.obj)
HAL_NVIC_EnableIRQ                                board_bsp/libhal.a(stm32f4xx_hal_cortex.c.obj)
                                                  board_bsp/libcore.a(gpio.c.obj)
                                                  board_bsp/libcore.a(dma.c.obj)
HAL_NVIC_GetActive                                board_bsp/libhal.a(stm32f4xx_hal_cortex.c.obj)
HAL_NVIC_GetPendingIRQ                            board_bsp/libhal.a(stm32f4xx_hal_cortex.c.obj)
HAL_NVIC_GetPriority                              board_bsp/libhal.a(stm32f4xx_hal_cortex.c.obj)
HAL_NVIC_GetPriorityGrouping                      board_bsp/libhal.a(stm32f4xx_hal_cortex.c.obj)
HAL_NVIC_SetPendingIRQ                            board_bsp/libhal.a(stm32f4xx_hal_cortex.c.obj)
HAL_NVIC_SetPriority                              board_bsp/libhal.a(stm32f4xx_hal_cortex.c.obj)
                                                  board_bsp/libhal.a(stm32f4xx_hal.c.obj)
                                                  board_bsp/libcore.a(gpio.c.obj)
                                                  board_bsp/libcore.a(dma.c.obj)
HAL_NVIC_SetPriorityGrouping                      board_bsp/libhal.a(stm32f4xx_hal_cortex.c.obj)
                                                  board_bsp/libhal.a(stm32f4xx_hal.c.obj)
HAL_NVIC_SystemReset                              board_bsp/libhal.a(stm32f4xx_hal_cortex.c.obj)
HAL_RCC_CSSCallback                               board_bsp/libhal.a(stm32f4xx_hal_rcc.c.obj)
HAL_RCC_ClockConfig                               board_bsp/libhal.a(stm32f4xx_hal_rcc.c.obj)
                                                  CMakeFiles/sd_card_basic_F411CEU6.dir/drivers/boards/F411CEU6/Core/Src/main.c.obj
HAL_RCC_DeInit                                    board_bsp/libhal.a(stm32f4xx_hal_rcc.c.obj)
HAL_RCC_DisableCSS                                board_bsp/libhal.a(stm32f4xx_hal_rcc.c.obj)
HAL_RCC_EnableCSS                                 board_bsp/libhal.a(stm32f4xx_hal_rcc.c.obj)
HAL_RCC_GetClockConfig                            board_bsp/libhal.a(stm32f4xx_hal_rcc.c.obj)
HAL_RCC_GetHCLKFreq                               board_bsp/libhal.a(stm32f4xx_hal_rcc.c.obj)
HAL_RCC_GetOscConfig                              board_bsp/libhal.a(stm32f4xx_hal_rcc.c.obj)
HAL_RCC_GetPCLK1Freq                              board_bsp/libhal.a(stm32f4xx_hal_rcc.c.obj)
HAL_RCC_GetPCLK2Freq                              board_bsp/libhal.a(stm32f4xx_hal_rcc.c.obj)
HAL_RCC_GetSysClockFreq                           board_bsp/libhal.a(stm32f4xx_hal_rcc.c.obj)
HAL_RCC_MCOConfig                                 board_bsp/libhal.a(stm32f4xx_hal_rcc.c.obj)
HAL_RCC_NMI_IRQHandler                            board_bsp/libhal.a(stm32f4xx_hal_rcc.c.obj)
HAL_RCC_OscConfig                                 board_bsp/libhal.a(stm32f4xx_hal_rcc.c.obj)
                                                  CMakeFiles/sd_card_basic_F411CEU6.dir/drivers/boards/F411CEU6/Core/Src/main.c.obj
HAL_ResumeTick                                    board_bsp/libhal.a(stm32f4xx_hal.c.obj)
HAL_SPI_Abort                                     board_bsp/libhal.a(stm32f4xx_hal_spi.c.obj)
HAL_SPI_AbortCpltCallback                         board_bsp/libhal.a(stm32f4xx_hal_spi.c.obj)
HAL_SPI_Abort_IT                                  board_bsp/libhal.a(stm32f4xx_hal_spi.c.obj)
HAL_SPI_DMAPause                                  board_bsp/libhal.a(stm32f4xx_hal_spi.c.obj)
HAL_SPI_DMAResume                                 board_bsp/libhal.a(stm32f4xx_hal_spi.c.obj)
HAL_SPI_DMAStop                                   board_bsp/libhal.a(stm32f4xx_hal_spi.c.obj)
                                                  libapp_sd_card_basic.a(app.c.obj)
HAL_SPI_DeInit                                    board_bsp/libhal.a(stm32f4xx_hal_spi.c.obj)
HAL_SPI_ErrorCallback                             board_bsp/libhal.a(stm32f4xx_hal_spi.c.obj)
HAL_SPI_GetError                                  board_bsp/libhal.a(stm32f4xx_hal_spi.c.obj)
HAL_SPI_GetState                                  board_bsp/libhal.a(stm32f4xx_hal_spi.c.obj)
HAL_SPI_IRQHandler                                board_bsp/libhal.a(stm32f4xx_hal_spi.c.obj)
HAL_SPI_Init                                      board_bsp/libhal.a(stm32f4xx_hal_spi.c.obj)
                                                  board_bsp/libcore.a(spi.c.obj)
HAL_SPI_MspDeInit                                 board_bsp/libcore.a(spi.c.obj)
HAL_SPI_MspInit                                   board_bsp/libcore.a(spi.c.obj)
HAL_SPI_Receive                                   board_bsp/libhal.a(stm32f4xx_hal_spi.c.obj)
HAL_SPI_Receive_DMA                               board_bsp/libhal.a(stm32f4xx_hal_spi.c.obj)
HAL_SPI_Receive_IT                                board_bsp/libhal.a(stm32f4xx_hal_spi.c.obj)
HAL_SPI_RxCpltCallback                            board_bsp/libhal.a(stm32f4xx_hal_spi.c.obj)
HAL_SPI_RxHalfCpltCallback                        board_bsp/libhal.a(stm32f4xx_hal_spi.c.obj)
HAL_SPI_Transmit                                  board_bsp/libhal.a(stm32f4xx_hal_spi.c.obj)
HAL_SPI_TransmitReceive                           board_bsp/libhal.a(stm32f4xx_hal_spi.c.obj)
HAL_SPI_TransmitReceive_DMA                       board_bsp/libhal.a(stm32f4xx_hal_spi.c.obj)
                                                  libapp_sd_card_basic.a(app.c.obj)
HAL_SPI_TransmitReceive_IT                        board_bsp/libhal.a(stm32f4xx_hal_spi.c.obj)
HAL_SPI_Transmit_DMA                              board_bsp/libhal.a(stm32f4xx_hal_spi.c.obj)
HAL_SPI_Transmit_IT                               board_bsp/libhal.a(stm32f4xx_hal_spi.c.obj)
HAL_SPI_TxCpltCallback                            board_bsp/libhal.a(stm32f4xx_hal_spi.c.obj)
HAL_SPI_TxHalfCpltCallback                        board_bsp/libhal.a(stm32f4xx_hal_spi.c.obj)
HAL_SPI_TxRxCpltCallback                          libapp_sd_card_basic.a(app.c.obj)
HAL_SPI_TxRxHalfCpltCallback                      board_bsp/libhal.a(stm32f4xx_hal_spi.c.obj)
HAL_SYSTICK_CLKSourceConfig                       board_bsp/libhal.a(stm32f4xx_hal_cortex.c.obj)
HAL_SYSTICK_Callback                              board_bsp/libhal.a(stm32f4xx_hal_cortex.c.obj)
HAL_SYSTICK_Config                                board_bsp/libhal.a(stm32f4xx_hal_cortex.c.obj)
                                                  board_bsp/libhal.a(stm32f4xx_hal.c.obj)
HAL_SYSTICK_IRQHandler                            board_bsp/libhal.a(stm32f4xx_hal_cortex.c.obj)
HAL_SetTickFreq                                   board_bsp/libhal.a(stm32f4xx_hal.c.obj)
HAL_SuspendTick                                   board_bsp/libhal.a(stm32f4xx_hal.c.obj)
HardFault_Handler                                 board_bsp/CMakeFiles/board_vectors.dir/./Core/Src/stm32f4xx_it.c.obj
                                                  board_bsp/CMakeFiles/board_vectors.dir/./Core/Startup/startup_stm32f411ceux.s.obj
I2C1_ER_IRQHandler                                board_bsp/CMakeFiles/board_vectors.dir/./Core/Startup/startup_stm32f411ceux.s.obj
I2C1_EV_IRQHandler                                board_bsp/CMakeFiles/board_vectors.dir/./Core/Startup/startup_stm32f411ceux.s.obj
I2C2_ER_IRQHandler                                board_bsp/CMakeFiles/board_vectors.dir/./Core/Startup/startup_stm32f411ceux.s.obj
I2C2_EV_IRQHandler                                board_bsp/CMakeFiles/board_vectors.dir/./Core/Startup/startup_stm32f411ceux.s.obj
I2C3_ER_IRQHandler                                board_bsp/CMakeFiles/board_vectors.dir/./Core/Startup/startup_stm32f411ceux.s.obj
I2C3_EV_IRQHandler                                board_bsp/CMakeFiles/board_vectors.dir/./Core/Startup/startup_stm32f411ceux.s.obj
MX_DMA_Init                                       board_bsp/libcore.a(dma.c.obj)
                                                  CMakeFiles/sd_card_basic_F411CEU6.dir/drivers/boards/F411CEU6/Core/Src/main.c.obj
MX_GPIO_Init                                      board_bsp/libcore.a(gpio.c.obj)
                                                  CMakeFiles/sd_card_basic_F411CEU6.dir/drivers/boards/F411CEU6/Core/Src/main.c.obj
MX_SPI1_Init                                      board_bsp/libcore.a(spi.c.obj)
                                                  CMakeFiles/sd_card_basic_F411CEU6.dir/drivers/boards/F411CEU6/Core/Src/main.c.obj
MemManage_Handler                                 board_bsp/CMakeFiles/board_vectors.dir/./Core/Src/stm32f4xx_it.c.obj
                                                  board_bsp/CMakeFiles/board_vectors.dir/./Core/Startup/startup_stm32f411ceux.s.obj
NMI_Handler                                       board_bsp/CMakeFiles/board_vectors.dir/./Core/Src/stm32f4xx_it.c.obj
                                                  board_bsp/CMakeFiles/board_vectors.dir/./Core/Startup/startup_stm32f411ceux.s.obj
OTG_FS_IRQHandler                                 board_bsp/CMakeFiles/board_vectors.dir/./Core/Startup/startup_stm32f411ceux.s.obj
OTG_FS_WKUP_IRQHandler                            board_bsp/CMakeFiles/board_vectors.dir/./Core/Startup/startup_stm32f411ceux.s.obj
PVD_IRQHandler                                    board_bsp/CMakeFiles/board_vectors.dir/./Core/Startup/startup_stm32f411ceux.s.obj
PendSV_Handler                                    board_bsp/CMakeFiles/board_vectors.dir/./Core/Src/stm32f4xx_it.c.obj
                                                  board_bsp/CMakeFiles/board_vectors.dir/./Core/Startup/startup_stm32f411ceux.s.obj
RCC_IRQHandler                                    board_bsp/CMakeFiles/board_vectors.dir/./Core/Startup/startup_stm32f411ceux.s.obj
RTC_Alarm_IRQHandler                              board_bsp/CMakeFiles/board_vectors.dir/./Core/Startup/startup_stm32f411ceux.s.obj
RTC_WKUP_IRQHandler                               board_bsp/CMakeFiles/board_vectors.dir/./Core/Startup/startup_stm32f411ceux.s.obj
Reset_Handler                                     board_bsp/CMakeFiles/board_vectors.dir/./Core/Startup/startup_stm32f411ceux.s.obj
SDIO_IRQHandler                                   board_bsp/CMakeFiles/board_vectors.dir/./Core/Startup/startup_stm32f411ceux.s.obj
SPI1_IRQHandler                                   board_bsp/CMakeFiles/board_vectors.dir/./Core/Startup/startup_stm32f411ceux.s.obj
SPI2_IRQHandler                                   board_bsp/CMakeFiles/board_vectors.dir/./Core/Startup/startup_stm32f411ceux.s.obj
SPI3_IRQHandler                                   board_bsp/CMakeFiles/board_vectors.dir/./Core/Startup/startup_stm32f411ceux.s.obj
SPI4_IRQHandler                                   board_bsp/CMakeFiles/board_vectors.dir/./Core/Startup/startup_stm32f411ceux.s.obj
SPI5_IRQHandler                                   board_bsp/CMakeFiles/board_vectors.dir/./Core/Startup/startup_stm32f411ceux.s.obj
SVC_Handler                                       board_bsp/CMakeFiles/board_vectors.dir/./Core/Src/stm32f4xx_it.c.obj
                                                  board_bsp/CMakeFiles/board_vectors.dir/./Core/Startup/startup_stm32f411ceux.s.obj
SysTick_Handler                                   board_bsp/CMakeFiles/board_vectors.dir/./Core/Src/stm32f4xx_it.c.obj
                                                  board_bsp/CMakeFiles/board_vectors.dir/./Core/Startup/startup_stm32f411ceux.s.obj
SystemClock_Config                                CMakeFiles/sd_card_basic_F411CEU6.dir/drivers/boards/F411CEU6/Core/Src/main.c.obj
SystemCoreClock                                   board_bsp/libcmsis.a(system_stm32f4xx.c.obj)
                                                  board_bsp/libhal.a(stm32f4xx_hal_spi.c.obj)
                                                  board_bsp/libhal.a(stm32f4xx_hal_rcc.c.obj)
                                                  board_bsp/libhal.a(stm32f4xx_hal_dma.c.obj)
                                                  board_bsp/libhal.a(stm32f4xx_hal.c.obj)
SystemCoreClockUpdate                             board_bsp/libcmsis.a(system_stm32f4xx.c.obj)
SystemInit                                        board_bsp/libcmsis.a(system_stm32f4xx.c.obj)
                                                  board_bsp/CMakeFiles/board_vectors.dir/./Core/Startup/startup_stm32f411ceux.s.obj
TAMP_STAMP_IRQHandler                             board_bsp/CMakeFiles/board_vectors.dir/./Core/Startup/startup_stm32f411ceux.s.obj
TIM1_BRK_TIM9_IRQHandler                          board_bsp/CMakeFiles/board_vectors.dir/./Core/Startup/startup_stm32f411ceux.s.obj
TIM1_CC_IRQHandler                                board_bsp/CMakeFiles/board_vectors.dir/./Core/Startup/startup_stm32f411ceux.s.obj
TIM1_TRG_COM_TIM11_IRQHandler                     board_bsp/CMakeFiles/board_vectors.dir/./Core/Startup/startup_stm32f411ceux.s.obj
TIM1_UP_TIM10_IRQHandler                          board_bsp/CMakeFiles/board_vectors.dir/./Core/Startup/startup_stm32f411ceux.s.obj
TIM2_IRQHandler                                   board_bsp/CMakeFiles/board_vectors.dir/./Core/Startup/startup_stm32f411ceux.s.obj
TIM3_IRQHandler                                   board_bsp/CMakeFiles/board_vectors.dir/./Core/Startup/startup_stm32f411ceux.s.obj
TIM4_IRQHandler                                   board_bsp/CMakeFiles/board_vectors.dir/./Core/Startup/startup_stm32f411ceux.s.obj
TIM5_IRQHandler                                   board_bsp/CMakeFiles/board_vectors.dir/./Core/Startup/startup_stm32f411ceux.s.obj
USART1_IRQHandler                                 board_bsp/CMakeFiles/board_vectors.dir/./Core/Startup/startup_stm32f411ceux.s.obj
USART2_IRQHandler                                 board_bsp/CMakeFiles/board_vectors.dir/./Core/Startup/startup_stm32f411ceux.s.obj
USART6_IRQHandler                                 board_bsp/CMakeFiles/board_vectors.dir/./Core/Startup/startup_stm32f411ceux.s.obj
UsageFault_Handler                                board_bsp/CMakeFiles/board_vectors.dir/./Core/Src/stm32f4xx_it.c.obj
                                                  board_bsp/CMakeFiles/board_vectors.dir/./Core/Startup/startup_stm32f411ceux.s.obj
WWDG_IRQHandler                                   board_bsp/CMakeFiles/board_vectors.dir/./Core/Startup/startup_stm32f411ceux.s.obj
_ITM_deregisterTMCloneTable                       C:/Project/stm32_workspace/project_stm32f4x/toolchains/armcc/bin/../lib/gcc/arm-none-eabi/14.2.1/thumb/v7e-m+fp/hard/crtbegin.o
_ITM_registerTMCloneTable                         C:/Project/stm32_workspace/project_stm32f4x/toolchains/armcc/bin/../lib/gcc/arm-none-eabi/14.2.1/thumb/v7e-m+fp/hard/crtbegin.o
_Min_Stack_Size                                   board_bsp/CMakeFiles/board_runtime.dir/./Core/Src/sysmem.c.obj
__TMC_END__                                       C:/Project/stm32_workspace/project_stm32f4x/toolchains/armcc/bin/../lib/gcc/arm-none-eabi/14.2.1/thumb/v7e-m+fp/hard/crtend.o
                                                  C:/Project/stm32_workspace/project_stm32f4x/toolchains/armcc/bin/../lib/gcc/arm-none-eabi/14.2.1/thumb/v7e-m+fp/hard/crtbegin.o
__aeabi_idiv0                                     C:/Project/stm32_workspace/project_stm32f4x/toolchains/armcc/bin/../lib/gcc/arm-none-eabi/14.2.1/thumb/v7e-m+fp/hard\libgcc.a(_dvmd_tls.o)
__aeabi_ldiv0                                     C:/Project/stm32_workspace/project_stm32f4x/toolchains/armcc/bin/../lib/gcc/arm-none-eabi/14.2.1/thumb/v7e-m+fp/hard\libgcc.a(_dvmd_tls.o)
                                                  C:/Project/stm32_workspace/project_stm32f4x/toolchains/armcc/bin/../lib/gcc/arm-none-eabi/14.2.1/thumb/v7e-m+fp/hard\libgcc.a(_aeabi_uldivmod.o)
__aeabi_uldivmod                                  C:/Project/stm32_workspace/project_stm32f4x/toolchains/armcc/bin/../lib/gcc/arm-none-eabi/14.2.1/thumb/v7e-m+fp/hard\libgcc.a(_aeabi_uldivmod.o)
                                                  board_bsp/libhal.a(stm32f4xx_hal_rcc.c.obj)
__bss_end__                                       C:/Project/stm32_workspace/project_stm32f4x/toolchains/armcc/bin/../lib/gcc/arm-none-eabi/14.2.1/thumb/v7e-m+fp/hard/crt0.o
__bss_start__                                     C:/Project/stm32_workspace/project_stm32f4x/toolchains/armcc/bin/../lib/gcc/arm-none-eabi/14.2.1/thumb/v7e-m+fp/hard/crt0.o
__call_exitprocs                                  C:/Project/stm32_workspace/project_stm32f4x/toolchains/armcc/bin/../lib/gcc/arm-none-eabi/14.2.1/thumb/v7e-m+fp/hard\libc_nano.a(libc_a-exit.o)
__deregister_frame_info                           C:/Project/stm32_workspace/project_stm32f4x/toolchains/armcc/bin/../lib/gcc/arm-none-eabi/14.2.1/thumb/v7e-m+fp/hard/crtbegin.o
__dso_handle                                      C:/Project/stm32_workspace/project_stm32f4x/toolchains/armcc/bin/../lib/gcc/arm-none-eabi/14.2.1/thumb/v7e-m+fp/hard/crtbegin.o
__env                                             board_bsp/CMakeFiles/board_runtime.dir/./Core/Src/syscalls.c.obj
__errno                                           C:/Project/stm32_workspace/project_stm32f4x/toolchains/armcc/bin/../lib/gcc/arm-none-eabi/14.2.1/thumb/v7e-m+fp/hard\libg_nano.a(libc_a-errno.o)
                                                  board_bsp/CMakeFiles/board_runtime.dir/./Core/Src/sysmem.c.obj
                                                  board_bsp/CMakeFiles/board_runtime.dir/./Core/Src/syscalls.c.obj
__fp_lock_all                                     C:/Project/stm32_workspace/project_stm32f4x/toolchains/armcc/bin/../lib/gcc/arm-none-eabi/14.2.1/thumb/v7e-m+fp/hard\libc_nano.a(libc_a-findfp.o)
__fp_unlock_all                                   C:/Project/stm32_workspace/project_stm32f4x/toolchains/armcc/bin/../lib/gcc/arm-none-eabi/14.2.1/thumb/v7e-m+fp/hard\libc_nano.a(libc_a-findfp.o)
__init_array_end                                  C:/Project/stm32_workspace/project_stm32f4x/toolchains/armcc/bin/../lib/gcc/arm-none-eabi/14.2.1/thumb/v7e-m+fp/hard\libc_nano.a(libc_a-init.o)
__init_array_start                                C:/Project/stm32_workspace/project_stm32f4x/toolchains/armcc/bin/../lib/gcc/arm-none-eabi/14.2.1/thumb/v7e-m+fp/hard\libc_nano.a(libc_a-init.o)
__io_getchar                                      board_bsp/CMakeFiles/board_runtime.dir/./Core/Src/syscalls.c.obj
__io_putchar                                      board_bsp/CMakeFiles/board_runtime.dir/./Core/Src/syscalls.c.obj
__libc_fini_array                                 C:/Project/stm32_workspace/project_stm32f4x/toolchains/armcc/bin/../lib/gcc/arm-none-eabi/14.2.1/thumb/v7e-m+fp/hard/crt0.o
__libc_init_array                                 C:/Project/stm32_workspace/project_stm32f4x/toolchains/armcc/bin/../lib/gcc/arm-none-eabi/14.2.1/thumb/v7e-m+fp/hard\libc_nano.a(libc_a-init.o)
                                                  board_bsp/CMakeFiles/board_vectors.dir/./Core/Startup/startup_stm32f411ceux.s.obj
                                                  C:/Project/stm32_workspace/project_stm32f4x/toolchains/armcc/bin/../lib/gcc/arm-none-eabi/14.2.1/thumb/v7e-m+fp/hard/crt0.o
__lock___arc4random_mutex                         C:/Project/stm32_workspace/project_stm32f4x/toolchains/armcc/bin/../lib/gcc/arm-none-eabi/14.2.1/thumb/v7e-m+fp/hard\libc_nano.a(libc_a-lock.o)
__lock___at_quick_exit_mutex                      C:/Project/stm32_workspace/project_stm32f4x/toolchains/armcc/bin/../lib/gcc/arm-none-eabi/14.2.1/thumb/v7e-m+fp/hard\libc_nano.a(libc_a-lock.o)
__lock___atexit_recursive_mutex                   C:/Project/stm32_workspace/project_stm32f4x/toolchains/armcc/bin/../lib/gcc/arm-none-eabi/14.2.1/thumb/v7e-m+fp/hard\libc_nano.a(libc_a-lock.o)
__lock___dd_hash_mutex                            C:/Project/stm32_workspace/project_stm32f4x/toolchains/armcc/bin/../lib/gcc/arm-none-eabi/14.2.1/thumb/v7e-m+fp/hard\libc_nano.a(libc_a-lock.o)
__lock___env_recursive_mutex                      C:/Project/stm32_workspace/project_stm32f4x/toolchains/armcc/bin/../lib/gcc/arm-none-eabi/14.2.1/thumb/v7e-m+fp/hard\libc_nano.a(libc_a-lock.o)
__lock___malloc_recursive_mutex                   C:/Project/stm32_workspace/project_stm32f4x/toolchains/armcc/bin/../lib/gcc/arm-none-eabi/14.2.1/thumb/v7e-m+fp/hard\libc_nano.a(libc_a-lock.o)
                                                  C:/Project/stm32_workspace/project_stm32f4x/toolchains/armcc/bin/../lib/gcc/arm-none-eabi/14.2.1/thumb/v7e-m+fp/hard\libc_nano.a(libc_a-mlock.o)
__lock___sfp_recursive_mutex                      C:/Project/stm32_workspace/project_stm32f4x/toolchains/armcc/bin/../lib/gcc/arm-none-eabi/14.2.1/thumb/v7e-m+fp/hard\libc_nano.a(libc_a-lock.o)
                                                  C:/Project/stm32_workspace/project_stm32f4x/toolchains/armcc/bin/../lib/gcc/arm-none-eabi/14.2.1/thumb/v7e-m+fp/hard\libc_nano.a(libc_a-findfp.o)
__lock___tz_mutex                                 C:/Project/stm32_workspace/project_stm32f4x/toolchains/armcc/bin/../lib/gcc/arm-none-eabi/14.2.1/thumb/v7e-m+fp/hard\libc_nano.a(libc_a-lock.o)
__malloc_free_list                                C:/Project/stm32_workspace/project_stm32f4x/toolchains/armcc/bin/../lib/gcc/arm-none-eabi/14.2.1/thumb/v7e-m+fp/hard\libc_nano.a(libc_a-mallocr.o)
                                                  C:/Project/stm32_workspace/project_stm32f4x/toolchains/armcc/bin/../lib/gcc/arm-none-eabi/14.2.1/thumb/v7e-m+fp/hard\libc_nano.a(libc_a-freer.o)
__malloc_lock                                     C:/Project/stm32_workspace/project_stm32f4x/toolchains/armcc/bin/../lib/gcc/arm-none-eabi/14.2.1/thumb/v7e-m+fp/hard\libc_nano.a(libc_a-mlock.o)
                                                  C:/Project/stm32_workspace/project_stm32f4x/toolchains/armcc/bin/../lib/gcc/arm-none-eabi/14.2.1/thumb/v7e-m+fp/hard\libc_nano.a(libc_a-mallocr.o)
                                                  C:/Project/stm32_workspace/project_stm32f4x/toolchains/armcc/bin/../lib/gcc/arm-none-eabi/14.2.1/thumb/v7e-m+fp/hard\libc_nano.a(libc_a-freer.o)
__malloc_sbrk_start                               C:/Project/stm32_workspace/project_stm32f4x/toolchains/armcc/bin/../lib/gcc/arm-none-eabi/14.2.1/thumb/v7e-m+fp/hard\libc_nano.a(libc_a-mallocr.o)
__malloc_unlock                                   C:/Project/stm32_workspace/project_stm32f4x/toolchains/armcc/bin/../lib/gcc/arm-none-eabi/14.2.1/thumb/v7e-m+fp/hard\libc_nano.a(libc_a-mlock.o)
                                                  C:/Project/stm32_workspace/project_stm32f4x/toolchains/armcc/bin/../lib/gcc/arm-none-eabi/14.2.1/thumb/v7e-m+fp/hard\libc_nano.a(libc_a-mallocr.o)
                                                  C:/Project/stm32_workspace/project_stm32f4x/toolchains/armcc/bin/../lib/gcc/arm-none-eabi/14.2.1/thumb/v7e-m+fp/hard\libc_nano.a(libc_a-freer.o)
__preinit_array_end                               C:/Project/stm32_workspace/project_stm32f4x/toolchains/armcc/bin/../lib/gcc/arm-none-eabi/14.2.1/thumb/v7e-m+fp/hard\libc_nano.a(libc_a-init.o)
__preinit_array_start                             C:/Project/stm32_workspace/project_stm32f4x/toolchains/armcc/bin/../lib/gcc/arm-none-eabi/14.2.1/thumb/v7e-m+fp/hard\libc_nano.a(libc_a-init.o)
__register_frame_info                             C:/Project/stm32_workspace/project_stm32f4x/toolchains/armcc/bin/../lib/gcc/arm-none-eabi/14.2.1/thumb/v7e-m+fp/hard/crtbegin.o
__retarget_lock_acquire                           C:/Project/stm32_workspace/project_stm32f4x/toolchains/armcc/bin/../lib/gcc/arm-none-eabi/14.2.1/thumb/v7e-m+fp/hard\libc_nano.a(libc_a-lock.o)
__retarget_lock_acquire_recursive                 C:/Project/stm32_workspace/project_stm32f4x/toolchains/armcc/bin/../lib/gcc/arm-none-eabi/14.2.1/thumb/v7e-m+fp/hard\libc_nano.a(libc_a-lock.o)
                                                  C:/Project/stm32_workspace/project_stm32f4x/toolchains/armcc/bin/../lib/gcc/arm-none-eabi/14.2.1/thumb/v7e-m+fp/hard\libc_nano.a(libc_a-fflush.o)
                                                  C:/Project/stm32_workspace/project_stm32f4x/toolchains/armcc/bin/../lib/gcc/arm-none-eabi/14.2.1/thumb/v7e-m+fp/hard\libc_nano.a(libc_a-mlock.o)
                                                  C:/Project/stm32_workspace/project_stm32f4x/toolchains/armcc/bin/../lib/gcc/arm-none-eabi/14.2.1/thumb/v7e-m+fp/hard\libc_nano.a(libc_a-findfp.o)
__retarget_lock_close                             C:/Project/stm32_workspace/project_stm32f4x/toolchains/armcc/bin/../lib/gcc/arm-none-eabi/14.2.1/thumb/v7e-m+fp/hard\libc_nano.a(libc_a-lock.o)
__retarget_lock_close_recursive                   C:/Project/stm32_workspace/project_stm32f4x/toolchains/armcc/bin/../lib/gcc/arm-none-eabi/14.2.1/thumb/v7e-m+fp/hard\libc_nano.a(libc_a-lock.o)
__retarget_lock_init                              C:/Project/stm32_workspace/project_stm32f4x/toolchains/armcc/bin/../lib/gcc/arm-none-eabi/14.2.1/thumb/v7e-m+fp/hard\libc_nano.a(libc_a-lock.o)
__retarget_lock_init_recursive                    C:/Project/stm32_workspace/project_stm32f4x/toolchains/armcc/bin/../lib/gcc/arm-none-eabi/14.2.1/thumb/v7e-m+fp/hard\libc_nano.a(libc_a-lock.o)
                                                  C:/Project/stm32_workspace/project_stm32f4x/toolchains/armcc/bin/../lib/gcc/arm-none-eabi/14.2.1/thumb/v7e-m+fp/hard\libc_nano.a(libc_a-findfp.o)
__retarget_lock_release                           C:/Project/stm32_workspace/project_stm32f4x/toolchains/armcc/bin/../lib/gcc/arm-none-eabi/14.2.1/thumb/v7e-m+fp/hard\libc_nano.a(libc_a-lock.o)
__retarget_lock_release_recursive                 C:/Project/stm32_workspace/project_stm32f4x/toolchains/armcc/bin/../lib/gcc/arm-none-eabi/14.2.1/thumb/v7e-m+fp/hard\libc_nano.a(libc_a-lock.o)
                                                  C:/Project/stm32_workspace/project_stm32f4x/toolchains/armcc/bin/../lib/gcc/arm-none-eabi/14.2.1/thumb/v7e-m+fp/hard\libc_nano.a(libc_a-fflush.o)
                                                  C:/Project/stm32_workspace/project_stm32f4x/toolchains/armcc/bin/../lib/gcc/arm-none-eabi/14.2.1/thumb/v7e-m+fp/hard\libc_nano.a(libc_a-mlock.o)
                                                  C:/Project/stm32_workspace/project_stm32f4x/toolchains/armcc/bin/../lib/gcc/arm-none-eabi/14.2.1/thumb/v7e-m+fp/hard\libc_nano.a(libc_a-findfp.o)
__retarget_lock_try_acquire                       C:/Project/stm32_workspace/project_stm32f4x/toolchains/armcc/bin/../lib/gcc/arm-none-eabi/14.2.1/thumb/v7e-m+fp/hard\libc_nano.a(libc_a-lock.o)
__retarget_lock_try_acquire_recursive             C:/Project/stm32_workspace/project_stm32f4x/toolchains/armcc/bin/../lib/gcc/arm-none-eabi/14.2.1/thumb/v7e-m+fp/hard\libc_nano.a(libc_a-lock.o)
__sclose                                          C:/Project/stm32_workspace/project_stm32f4x/toolchains/armcc/bin/../lib/gcc/arm-none-eabi/14.2.1/thumb/v7e-m+fp/hard\libc_nano.a(libc_a-stdio.o)
                                                  C:/Project/stm32_workspace/project_stm32f4x/toolchains/armcc/bin/../lib/gcc/arm-none-eabi/14.2.1/thumb/v7e-m+fp/hard\libc_nano.a(libc_a-findfp.o)
__seofread                                        C:/Project/stm32_workspace/project_stm32f4x/toolchains/armcc/bin/../lib/gcc/arm-none-eabi/14.2.1/thumb/v7e-m+fp/hard\libc_nano.a(libc_a-stdio.o)
__sf                                              C:/Project/stm32_workspace/project_stm32f4x/toolchains/armcc/bin/../lib/gcc/arm-none-eabi/14.2.1/thumb/v7e-m+fp/hard\libc_nano.a(libc_a-findfp.o)
                                                  C:/Project/stm32_workspace/project_stm32f4x/toolchains/armcc/bin/../lib/gcc/arm-none-eabi/14.2.1/thumb/v7e-m+fp/hard\libc_nano.a(libc_a-impure.o)
__sflush_r                                        C:/Project/stm32_workspace/project_stm32f4x/toolchains/armcc/bin/../lib/gcc/arm-none-eabi/14.2.1/thumb/v7e-m+fp/hard\libc_nano.a(libc_a-fflush.o)
__sfp                                             C:/Project/stm32_workspace/project_stm32f4x/toolchains/armcc/bin/../lib/gcc/arm-none-eabi/14.2.1/thumb/v7e-m+fp/hard\libc_nano.a(libc_a-findfp.o)
__sfp_lock_acquire                                C:/Project/stm32_workspace/project_stm32f4x/toolchains/armcc/bin/../lib/gcc/arm-none-eabi/14.2.1/thumb/v7e-m+fp/hard\libc_nano.a(libc_a-findfp.o)
__sfp_lock_release                                C:/Project/stm32_workspace/project_stm32f4x/toolchains/armcc/bin/../lib/gcc/arm-none-eabi/14.2.1/thumb/v7e-m+fp/hard\libc_nano.a(libc_a-findfp.o)
__sglue                                           C:/Project/stm32_workspace/project_stm32f4x/toolchains/armcc/bin/../lib/gcc/arm-none-eabi/14.2.1/thumb/v7e-m+fp/hard\libc_nano.a(libc_a-findfp.o)
                                                  C:/Project/stm32_workspace/project_stm32f4x/toolchains/armcc/bin/../lib/gcc/arm-none-eabi/14.2.1/thumb/v7e-m+fp/hard\libc_nano.a(libc_a-fflush.o)
__sinit                                           C:/Project/stm32_workspace/project_stm32f4x/toolchains/armcc/bin/../lib/gcc/arm-none-eabi/14.2.1/thumb/v7e-m+fp/hard\libc_nano.a(libc_a-findfp.o)
                                                  C:/Project/stm32_workspace/project_stm32f4x/toolchains/armcc/bin/../lib/gcc/arm-none-eabi/14.2.1/thumb/v7e-m+fp/hard\libc_nano.a(libc_a-fflush.o)
__sread                                           C:/Project/stm32_workspace/project_stm32f4x/toolchains/armcc/bin/../lib/gcc/arm-none-eabi/14.2.1/thumb/v7e-m+fp/hard\libc_nano.a(libc_a-stdio.o)
                                                  C:/Project/stm32_workspace/project_stm32f4x/toolchains/armcc/bin/../lib/gcc/arm-none-eabi/14.2.1/thumb/v7e-m+fp/hard\libc_nano.a(libc_a-findfp.o)
__sseek                                           C:/Project/stm32_workspace/project_stm32f4x/toolchains/armcc/bin/../lib/gcc/arm-none-eabi/14.2.1/thumb/v7e-m+fp/hard\libc_nano.a(libc_a-stdio.o)
                                                  C:/Project/stm32_workspace/project_stm32f4x/toolchains/armcc/bin/../lib/gcc/arm-none-eabi/14.2.1/thumb/v7e-m+fp/hard\libc_nano.a(libc_a-findfp.o)
__stack                                           C:/Project/stm32_workspace/project_stm32f4x/toolchains/armcc/bin/../lib/gcc/arm-none-eabi/14.2.1/thumb/v7e-m+fp/hard/crt0.o
__stdio_exit_handler                              C:/Project/stm32_workspace/project_stm32f4x/toolchains/armcc/bin/../lib/gcc/arm-none-eabi/14.2.1/thumb/v7e-m+fp/hard\libc_nano.a(libc_a-findfp.o)
                                                  C:/Project/stm32_workspace/project_stm32f4x/toolchains/armcc/bin/../lib/gcc/arm-none-eabi/14.2.1/thumb/v7e-m+fp/hard\libc_nano.a(libc_a-exit.o)
__swrite                                          C:/Project/stm32_workspace/project_stm32f4x/toolchains/armcc/bin/../lib/gcc/arm-none-eabi/14.2.1/thumb/v7e-m+fp/hard\libc_nano.a(libc_a-stdio.o)
                                                  C:/Project/stm32_workspace/project_stm32f4x/toolchains/armcc/bin/../lib/gcc/arm-none-eabi/14.2.1/thumb/v7e-m+fp/hard\libc_nano.a(libc_a-findfp.o)
__udivmoddi4                                      C:/Project/stm32_workspace/project_stm32f4x/toolchains/armcc/bin/../lib/gcc/arm-none-eabi/14.2.1/thumb/v7e-m+fp/hard\libgcc.a(_udivmoddi4.o)
                                                  C:/Project/stm32_workspace/project_stm32f4x/toolchains/armcc/bin/../lib/gcc/arm-none-eabi/14.2.1/thumb/v7e-m+fp/hard\libgcc.a(_aeabi_uldivmod.o)
_close                                            board_bsp/CMakeFiles/board_runtime.dir/./Core/Src/syscalls.c.obj
                                                  C:/Project/stm32_workspace/project_stm32f4x/toolchains/armcc/bin/../lib/gcc/arm-none-eabi/14.2.1/thumb/v7e-m+fp/hard\libc_nano.a(libc_a-closer.o)